
 Start Length Name Class
 0001:32A01000 0000D826EH _TEXT                  CODE
 0002:32ADA000 00001DD9CH _DATA                  DATA
 0003:32AF7D9C 0000060BCH _BSS                   BSS
 0004:00000000 0000000A4H _TLS                   TLS


Detailed map of segments
 0001:000001C4 00000236 C=CODE    S=_TEXT    G=(none)   M=C:\DEV\BCB_RTL.CB2010\WINRTL\LIB\C0D32.OBJ ACBP=A9
 0001:000003FC 000000F4 C=CODE    S=_TEXT    G=(none)   M=C:\DEV\BCB_RTL.CB2010\WINRTL\OBJ\WIN32\OBJX\ATAN2F.OBJ ACBP=A9
 0001:000004F0 00000012 C=CODE    S=_TEXT    G=(none)   M=C:\DEV\BCB_RTL.CB2010\WINRTL\OBJ\WIN32\OBJX\COSF.OBJ ACBP=A9
 0001:00000504 0000005C C=CODE    S=_TEXT    G=(none)   M=C:\DEV\BCB_RTL.CB2010\WINRTL\OBJ\WIN32\OBJX\EXPF.OBJ ACBP=A9
 0001:00000560 0000004B C=CODE    S=_TEXT    G=(none)   M=C:\DEV\BCB_RTL.CB2010\WINRTL\OBJ\WIN32\OBJX\LDEXPF.OBJ ACBP=A9
 0001:000005AC 00000012 C=CODE    S=_TEXT    G=(none)   M=C:\DEV\BCB_RTL.CB2010\WINRTL\OBJ\WIN32\OBJX\LOGF.OBJ ACBP=A9
 0001:000005C0 000006C9 C=CODE    S=_TEXT    G=(none)   M=C:\DEV\BCB_RTL.CB2010\WINRTL\OBJ\WIN32\OBJX\POWF.OBJ ACBP=A9
 0001:00000C8C 00000012 C=CODE    S=_TEXT    G=(none)   M=C:\DEV\BCB_RTL.CB2010\WINRTL\OBJ\WIN32\OBJX\SINF.OBJ ACBP=A9
 0001:00000CA0 000000DC C=CODE    S=_TEXT    G=(none)   M=C:\DEV\BCB_RTL.CB2010\WINRTL\OBJ\WIN32\OBJX\SQRTF.OBJ ACBP=A9
 0001:00000D7C 0000011C C=CODE    S=_TEXT    G=(none)   M=C:\DEV\BCB_RTL.CB2010\WINRTL\OBJ\WIN32\OBJX\TANF.OBJ ACBP=A9
 0001:00000E98 00000148 C=CODE    S=_TEXT    G=(none)   M=C:\DEV\BCB_RTL.CB2010\WINRTL\OBJ\WIN32\OBJX\FMODF.OBJ ACBP=A9
 0001:00000FE0 00000028 C=CODE    S=_TEXT    G=(none)   M=C:\DEV\BCB_RTL.CB2010\WINRTL\OBJ\WIN32\OBJX\DELAOP.OBJ ACBP=A9
 0001:00001008 0000002D C=CODE    S=_TEXT    G=(none)   M=C:\DEV\BCB_RTL.CB2010\WINRTL\OBJ\WIN32\OBJX\DELAOP2.OBJ ACBP=A9
 0001:00001038 0000001E C=CODE    S=_TEXT    G=(none)   M=C:\DEV\BCB_RTL.CB2010\WINRTL\OBJ\WIN32\OBJX\DELAOP3.OBJ ACBP=A9
 0001:00001058 0000002E C=CODE    S=_TEXT    G=(none)   M=C:\DEV\BCB_RTL.CB2010\WINRTL\OBJ\WIN32\OBJX\DELOP.OBJ ACBP=A9
 0001:00001088 00000028 C=CODE    S=_TEXT    G=(none)   M=C:\DEV\BCB_RTL.CB2010\WINRTL\OBJ\WIN32\OBJX\DELOP2.OBJ ACBP=A9
 0001:000010B0 0000001E C=CODE    S=_TEXT    G=(none)   M=C:\DEV\BCB_RTL.CB2010\WINRTL\OBJ\WIN32\OBJX\DELOP3.OBJ ACBP=A9
 0001:000010D0 00000028 C=CODE    S=_TEXT    G=(none)   M=C:\DEV\BCB_RTL.CB2010\WINRTL\OBJ\WIN32\OBJX\NOTHROW.OBJ ACBP=A9
 0001:000010F8 0000011D C=CODE    S=_TEXT    G=(none)   M=C:\DEV\BCB_RTL.CB2010\WINRTL\OBJ\WIN32\OBJX\EXCEPTIO.OBJ ACBP=A9
 0001:00001218 000002BE C=CODE    S=_TEXT    G=(none)   M=C:\DEV\BCB_RTL.CB2010\WINRTL\OBJ\WIN32\OBJX\FIOPEN.OBJ ACBP=A9
 0001:000014D6 000000AE C=CODE    S=_TEXT    G=(none)   M=C:\DEV\BCB_RTL.CB2010\WINRTL\OBJ\WIN32\OBJX\GCCEX.OBJ ACBP=A9
 0001:00001584 00013518 C=CODE    S=_TEXT    G=(none)   M=C:\DEV\BCB_RTL.CB2010\WINRTL\OBJ\WIN32\OBJX\INST.OBJ ACBP=A9
 0001:00014A9C 00000248 C=CODE    S=_TEXT    G=(none)   M=C:\DEV\BCB_RTL.CB2010\WINRTL\OBJ\WIN32\OBJX\IOMANIP.OBJ ACBP=A9
 0001:00014CE4 0000348C C=CODE    S=_TEXT    G=(none)   M=C:\DEV\BCB_RTL.CB2010\WINRTL\OBJ\WIN32\OBJX\IOS.OBJ ACBP=A9
 0001:00018148 00005B64 C=CODE    S=_TEXT    G=(none)   M=C:\DEV\BCB_RTL.CB2010\WINRTL\OBJ\WIN32\OBJX\IOSTREAM.OBJ ACBP=A9
 0001:0001DCAC 0001F45C C=CODE    S=_TEXT    G=(none)   M=C:\DEV\BCB_RTL.CB2010\WINRTL\OBJ\WIN32\OBJX\DWLOCALE.OBJ ACBP=A9
 0001:0003D0E0 000040E2 C=CODE    S=_TEXT    G=(none)   M=C:\DEV\BCB_RTL.CB2010\WINRTL\OBJ\WIN32\OBJX\LOCALE0.OBJ ACBP=A9
 0001:000411C2 00000059 C=CODE    S=_TEXT    G=(none)   M=C:\DEV\BCB_RTL.CB2010\WINRTL\OBJ\WIN32\OBJX\NEW.OBJ ACBP=A9
 0001:00041204 00000074 C=CODE    S=_TEXT    G=(none)   M=C:\DEV\BCB_RTL.CB2010\WINRTL\OBJ\WIN32\OBJX\NEWAOP.OBJ ACBP=A9
 0001:0004122C 0000002E C=CODE    S=_TEXT    G=(none)   M=C:\DEV\BCB_RTL.CB2010\WINRTL\OBJ\WIN32\OBJX\NEWAOP2.OBJ ACBP=A9
 0001:0004125C 0000011E C=CODE    S=_TEXT    G=(none)   M=C:\DEV\BCB_RTL.CB2010\WINRTL\OBJ\WIN32\OBJX\NEWOP.OBJ ACBP=A9
 0001:00041358 000000AC C=CODE    S=_TEXT    G=(none)   M=C:\DEV\BCB_RTL.CB2010\WINRTL\OBJ\WIN32\OBJX\NEWOP2.OBJ ACBP=A9
 0001:000413E4 0000248D C=CODE    S=_TEXT    G=(none)   M=C:\DEV\BCB_RTL.CB2010\WINRTL\OBJ\WIN32\OBJX\STRING.OBJ ACBP=A9
 0001:0004384C 0000232B C=CODE    S=_TEXT    G=(none)   M=C:\DEV\BCB_RTL.CB2010\WINRTL\OBJ\WIN32\OBJX\STRSTREA.OBJ ACBP=A9
 0001:00045B4F 00000072 C=CODE    S=_TEXT    G=(none)   M=C:\DEV\BCB_RTL.CB2010\WINRTL\OBJ\WIN32\OBJX\THROW.OBJ ACBP=A9
 0001:00045BC4 00005CE9 C=CODE    S=_TEXT    G=(none)   M=C:\DEV\BCB_RTL.CB2010\WINRTL\OBJ\WIN32\OBJX\WIOSTREA.OBJ ACBP=A9
 0001:0004B890 0003544B C=CODE    S=_TEXT    G=(none)   M=C:\DEV\BCB_RTL.CB2010\WINRTL\OBJ\WIN32\OBJX\WLOCALE.OBJ ACBP=A9
 0001:00080CB4 0001B4AA C=CODE    S=_TEXT    G=(none)   M=C:\DEV\BCB_RTL.CB2010\WINRTL\OBJ\WIN32\OBJX\XLOCALE.OBJ ACBP=A9
 0001:0009C140 000000D1 C=CODE    S=_TEXT    G=(none)   M=C:\DEV\BCB_RTL.CB2010\WINRTL\OBJ\WIN32\OBJX\XLOCINFO.OBJ ACBP=A9
 0001:0009C214 000001B8 C=CODE    S=_TEXT    G=(none)   M=C:\DEV\BCB_RTL.CB2010\WINRTL\OBJ\WIN32\OBJX\XSTART.OBJ ACBP=A9
 0001:0009C3CC 00000173 C=CODE    S=_TEXT    G=(none)   M=C:\DEV\BCB_RTL.CB2010\WINRTL\OBJ\WIN32\OBJX\WCHAR.OBJ ACBP=A9
 0001:0009C540 00000118 C=CODE    S=_TEXT    G=(none)   M=C:\DEV\BCB_RTL.CB2010\WINRTL\OBJ\WIN32\OBJX\XATAN.OBJ ACBP=A9
 0001:0009C658 0000010C C=CODE    S=_TEXT    G=(none)   M=C:\DEV\BCB_RTL.CB2010\WINRTL\OBJ\WIN32\OBJX\XCOSH.OBJ ACBP=A9
 0001:0009C764 00000113 C=CODE    S=_TEXT    G=(none)   M=C:\DEV\BCB_RTL.CB2010\WINRTL\OBJ\WIN32\OBJX\XDINT.OBJ ACBP=A9
 0001:0009C878 000000FF C=CODE    S=_TEXT    G=(none)   M=C:\DEV\BCB_RTL.CB2010\WINRTL\OBJ\WIN32\OBJX\XDNORM.OBJ ACBP=A9
 0001:0009C978 0000027E C=CODE    S=_TEXT    G=(none)   M=C:\DEV\BCB_RTL.CB2010\WINRTL\OBJ\WIN32\OBJX\XDSCALE.OBJ ACBP=A9
 0001:0009CBF8 000001C0 C=CODE    S=_TEXT    G=(none)   M=C:\DEV\BCB_RTL.CB2010\WINRTL\OBJ\WIN32\OBJX\XDTENTO.OBJ ACBP=A9
 0001:0009CDB8 00000079 C=CODE    S=_TEXT    G=(none)   M=C:\DEV\BCB_RTL.CB2010\WINRTL\OBJ\WIN32\OBJX\XDTEST.OBJ ACBP=A9
 0001:0009CE34 00000093 C=CODE    S=_TEXT    G=(none)   M=C:\DEV\BCB_RTL.CB2010\WINRTL\OBJ\WIN32\OBJX\XDUNSCAL.OBJ ACBP=A9
 0001:0009CEC8 00000330 C=CODE    S=_TEXT    G=(none)   M=C:\DEV\BCB_RTL.CB2010\WINRTL\OBJ\WIN32\OBJX\XEXP.OBJ ACBP=A9
 0001:0009D1F8 000000F4 C=CODE    S=_TEXT    G=(none)   M=C:\DEV\BCB_RTL.CB2010\WINRTL\OBJ\WIN32\OBJX\XFATAN.OBJ ACBP=A9
 0001:0009D2EC 00000108 C=CODE    S=_TEXT    G=(none)   M=C:\DEV\BCB_RTL.CB2010\WINRTL\OBJ\WIN32\OBJX\XFCOSH.OBJ ACBP=A9
 0001:0009D3F4 000000C7 C=CODE    S=_TEXT    G=(none)   M=C:\DEV\BCB_RTL.CB2010\WINRTL\OBJ\WIN32\OBJX\XFDINT.OBJ ACBP=A9
 0001:0009D4BC 00000090 C=CODE    S=_TEXT    G=(none)   M=C:\DEV\BCB_RTL.CB2010\WINRTL\OBJ\WIN32\OBJX\XFDNORM.OBJ ACBP=A9
 0001:0009D54C 000001DB C=CODE    S=_TEXT    G=(none)   M=C:\DEV\BCB_RTL.CB2010\WINRTL\OBJ\WIN32\OBJX\XFDSCALE.OBJ ACBP=A9
 0001:0009D728 000001A0 C=CODE    S=_TEXT    G=(none)   M=C:\DEV\BCB_RTL.CB2010\WINRTL\OBJ\WIN32\OBJX\XFDTENTO.OBJ ACBP=A9
 0001:0009D8C8 0000005D C=CODE    S=_TEXT    G=(none)   M=C:\DEV\BCB_RTL.CB2010\WINRTL\OBJ\WIN32\OBJX\XFDTEST.OBJ ACBP=A9
 0001:0009D928 00000082 C=CODE    S=_TEXT    G=(none)   M=C:\DEV\BCB_RTL.CB2010\WINRTL\OBJ\WIN32\OBJX\XFDUNSCA.OBJ ACBP=A9
 0001:0009D9AC 00000028 C=CODE    S=_TEXT    G=(none)   M=C:\DEV\BCB_RTL.CB2010\WINRTL\OBJ\WIN32\OBJX\XFERAISE.OBJ ACBP=A9
 0001:0009D9D4 000002E8 C=CODE    S=_TEXT    G=(none)   M=C:\DEV\BCB_RTL.CB2010\WINRTL\OBJ\WIN32\OBJX\XFEXP.OBJ ACBP=A9
 0001:0009DCBC 000001A1 C=CODE    S=_TEXT    G=(none)   M=C:\DEV\BCB_RTL.CB2010\WINRTL\OBJ\WIN32\OBJX\XFLOG.OBJ ACBP=A9
 0001:0009DE60 00000540 C=CODE    S=_TEXT    G=(none)   M=C:\DEV\BCB_RTL.CB2010\WINRTL\OBJ\WIN32\OBJX\XFQUAD.OBJ ACBP=A9
 0001:0009E3A0 00000118 C=CODE    S=_TEXT    G=(none)   M=C:\DEV\BCB_RTL.CB2010\WINRTL\OBJ\WIN32\OBJX\XFSIN.OBJ ACBP=A9
 0001:0009E4B8 000001A8 C=CODE    S=_TEXT    G=(none)   M=C:\DEV\BCB_RTL.CB2010\WINRTL\OBJ\WIN32\OBJX\XFSINH.OBJ ACBP=A9
 0001:0009E660 0000011C C=CODE    S=_TEXT    G=(none)   M=C:\DEV\BCB_RTL.CB2010\WINRTL\OBJ\WIN32\OBJX\XLCOSH.OBJ ACBP=A9
 0001:0009E77C 00000110 C=CODE    S=_TEXT    G=(none)   M=C:\DEV\BCB_RTL.CB2010\WINRTL\OBJ\WIN32\OBJX\XLDINT.OBJ ACBP=A9
 0001:0009E88C 0000010A C=CODE    S=_TEXT    G=(none)   M=C:\DEV\BCB_RTL.CB2010\WINRTL\OBJ\WIN32\OBJX\XLDNORM.OBJ ACBP=A9
 0001:0009E998 0000028B C=CODE    S=_TEXT    G=(none)   M=C:\DEV\BCB_RTL.CB2010\WINRTL\OBJ\WIN32\OBJX\XLDSCALE.OBJ ACBP=A9
 0001:0009EC24 000001F8 C=CODE    S=_TEXT    G=(none)   M=C:\DEV\BCB_RTL.CB2010\WINRTL\OBJ\WIN32\OBJX\XLDTENTO.OBJ ACBP=A9
 0001:0009EE1C 0000007F C=CODE    S=_TEXT    G=(none)   M=C:\DEV\BCB_RTL.CB2010\WINRTL\OBJ\WIN32\OBJX\XLDTEST.OBJ ACBP=A9
 0001:0009EE9C 000000A8 C=CODE    S=_TEXT    G=(none)   M=C:\DEV\BCB_RTL.CB2010\WINRTL\OBJ\WIN32\OBJX\XLDUNSCA.OBJ ACBP=A9
 0001:0009EF44 000003A0 C=CODE    S=_TEXT    G=(none)   M=C:\DEV\BCB_RTL.CB2010\WINRTL\OBJ\WIN32\OBJX\XLEXP.OBJ ACBP=A9
 0001:0009F2E4 0000003E C=CODE    S=_TEXT    G=(none)   M=C:\DEV\BCB_RTL.CB2010\WINRTL\OBJ\WIN32\OBJX\XLPOLY.OBJ ACBP=A9
 0001:0009F324 0000017C C=CODE    S=_TEXT    G=(none)   M=C:\DEV\BCB_RTL.CB2010\WINRTL\OBJ\WIN32\OBJX\XLSIN.OBJ ACBP=A9
 0001:0009F4A0 000001F8 C=CODE    S=_TEXT    G=(none)   M=C:\DEV\BCB_RTL.CB2010\WINRTL\OBJ\WIN32\OBJX\XLSINH.OBJ ACBP=A9
 0001:0009F698 00000164 C=CODE    S=_TEXT    G=(none)   M=C:\DEV\BCB_RTL.CB2010\WINRTL\OBJ\WIN32\OBJX\XSIN.OBJ ACBP=A9
 0001:0009F7FC 000001C4 C=CODE    S=_TEXT    G=(none)   M=C:\DEV\BCB_RTL.CB2010\WINRTL\OBJ\WIN32\OBJX\XSINH.OBJ ACBP=A9
 0001:0009F9C0 00000193 C=CODE    S=_TEXT    G=(none)   M=C:\DEV\BCB_RTL.CB2010\WINRTL\OBJ\WIN32\OBJX\DWXSTOD.OBJ ACBP=A9
 0001:0009FB54 000005E0 C=CODE    S=_TEXT    G=(none)   M=C:\DEV\BCB_RTL.CB2010\WINRTL\OBJ\WIN32\OBJX\XQUAD.OBJ ACBP=A9
 0001:000A0134 00000678 C=CODE    S=_TEXT    G=(none)   M=C:\DEV\BCB_RTL.CB2010\WINRTL\OBJ\WIN32\OBJX\XLQUAD.OBJ ACBP=A9
 0001:000A07AC 00000BCC C=CODE    S=_TEXT    G=(none)   M=C:\DEV\BCB_RTL.CB2010\WINRTL\OBJ\WIN32\OBJX\XPREC.OBJ ACBP=A9
 0001:000A1378 00000B00 C=CODE    S=_TEXT    G=(none)   M=C:\DEV\BCB_RTL.CB2010\WINRTL\OBJ\WIN32\OBJX\XFPREC.OBJ ACBP=A9
 0001:000A1E78 00000D54 C=CODE    S=_TEXT    G=(none)   M=C:\DEV\BCB_RTL.CB2010\WINRTL\OBJ\WIN32\OBJX\XLPREC.OBJ ACBP=A9
 0001:000A2BCC 00000173 C=CODE    S=_TEXT    G=(none)   M=C:\DEV\BCB_RTL.CB2010\WINRTL\OBJ\WIN32\OBJX\XSTOF.OBJ ACBP=A9
 0001:000A2D40 0000023D C=CODE    S=_TEXT    G=(none)   M=C:\DEV\BCB_RTL.CB2010\WINRTL\OBJ\WIN32\OBJX\XSTOFLT.OBJ ACBP=A9
 0001:000A2F80 000000B9 C=CODE    S=_TEXT    G=(none)   M=C:\DEV\BCB_RTL.CB2010\WINRTL\OBJ\WIN32\OBJX\XSTOL.OBJ ACBP=A9
 0001:000A303C 000001BF C=CODE    S=_TEXT    G=(none)   M=C:\DEV\BCB_RTL.CB2010\WINRTL\OBJ\WIN32\OBJX\XSTOLD.OBJ ACBP=A9
 0001:000A31FC 00000107 C=CODE    S=_TEXT    G=(none)   M=C:\DEV\BCB_RTL.CB2010\WINRTL\OBJ\WIN32\OBJX\XSTOLL.OBJ ACBP=A9
 0001:000A3304 0000011C C=CODE    S=_TEXT    G=(none)   M=C:\DEV\BCB_RTL.CB2010\WINRTL\OBJ\WIN32\OBJX\XSTOPFX.OBJ ACBP=A9
 0001:000A3420 000001A3 C=CODE    S=_TEXT    G=(none)   M=C:\DEV\BCB_RTL.CB2010\WINRTL\OBJ\WIN32\OBJX\XSTOUL.OBJ ACBP=A9
 0001:000A35C4 0000022B C=CODE    S=_TEXT    G=(none)   M=C:\DEV\BCB_RTL.CB2010\WINRTL\OBJ\WIN32\OBJX\XSTOULL.OBJ ACBP=A9
 0001:000A37F0 0000026F C=CODE    S=_TEXT    G=(none)   M=C:\DEV\BCB_RTL.CB2010\WINRTL\OBJ\WIN32\OBJX\XSTOXFLT.OBJ ACBP=A9
 0001:000A3A60 0000069B C=CODE    S=_TEXT    G=(none)   M=C:\DEV\BCB_RTL.CB2010\WINRTL\OBJ\WIN32\OBJX\MULTPREC.OBJ ACBP=A9
 0001:000A40FC 00001200 C=CODE    S=_TEXT    G=(none)   M=C:\DEV\BCB_RTL.CB2010\WINRTL\OBJ\WIN32\OBJX\XINVALID.OBJ ACBP=A9
 0001:000A52D4 00000340 C=CODE    S=_TEXT    G=(none)   M=C:\DEV\BCB_RTL.CB2010\WINRTL\OBJ\WIN32\OBJX\XLGAMMA.OBJ ACBP=A9
 0001:000A5614 000000D2 C=CODE    S=_TEXT    G=(none)   M=C:\DEV\BCB_RTL.CB2010\WINRTL\OBJ\WIN32\OBJX\XRNGABORT.OBJ ACBP=A9
 0001:000A56E8 00000008 C=CODE    S=_TEXT    G=(none)   M=C:\DEV\BCB_RTL.CB2010\WINRTL\OBJ\WIN32\OBJX\ALLOCA.OBJ ACBP=A9
 0001:000A56F0 00000008 C=CODE    S=_TEXT    G=(none)   M=C:\DEV\BCB_RTL.CB2010\WINRTL\OBJ\WIN32\OBJX\STKAVAIL.OBJ ACBP=A9
 0001:000A56F8 000000EA C=CODE    S=_TEXT    G=(none)   M=C:\DEV\BCB_RTL.CB2010\WINRTL\OBJ\WIN32\OBJX\SETNEW.OBJ ACBP=A9
 0001:000A57C0 00000071 C=CODE    S=_TEXT    G=(none)   M=C:\DEV\BCB_RTL.CB2010\WINRTL\OBJ\WIN32\OBJX\VAPP.OBJ ACBP=A9
 0001:000A5834 00000079 C=CODE    S=_TEXT    G=(none)   M=C:\DEV\BCB_RTL.CB2010\WINRTL\OBJ\WIN32\OBJX\VAPPV.OBJ ACBP=A9
 0001:000A58B0 000000A7 C=CODE    S=_TEXT    G=(none)   M=C:\DEV\BCB_RTL.CB2010\WINRTL\OBJ\WIN32\OBJX\_ALLOCA.OBJ ACBP=A9
 0001:000A5958 00000017 C=CODE    S=_TEXT    G=(none)   M=C:\DEV\BCB_RTL.CB2010\WINRTL\OBJ\WIN32\OBJX\_STKAVL.OBJ ACBP=A9
 0001:000A5970 00000015 C=CODE    S=_TEXT    G=(none)   M=C:\DEV\BCB_RTL.CB2010\WINRTL\OBJ\WIN32\OBJX\INITSTK.OBJ ACBP=A9
 0001:000A5988 0000027F C=CODE    S=_TEXT    G=(none)   M=C:\DEV\BCB_RTL.CB2010\WINRTL\OBJ\WIN32\OBJX\HRDIR_B.OBJ ACBP=A9
 0001:000A5C08 00000013 C=CODE    S=_TEXT    G=(none)   M=C:\DEV\BCB_RTL.CB2010\WINRTL\OBJ\WIN32\OBJX\HRDIR_C.OBJ ACBP=A9
 0001:000A5C1C 00000087 C=CODE    S=_TEXT    G=(none)   M=C:\DEV\BCB_RTL.CB2010\WINRTL\OBJ\WIN32\OBJX\HRDIR_BH.OBJ ACBP=A9
 0001:000A5CA4 00000006 C=CODE    S=_TEXT    G=(none)   M=C:\DEV\BCB_RTL.CB2010\WINRTL\OBJ\WIN32\OBJX\HRDIR_G.OBJ ACBP=A9
 0001:000A5CAC 00000020 C=CODE    S=_TEXT    G=(none)   M=C:\DEV\BCB_RTL.CB2010\WINRTL\OBJ\WIN32\OBJX\HRDIR_MF.OBJ ACBP=A9
 0001:000A5CCC 00000016 C=CODE    S=_TEXT    G=(none)   M=C:\DEV\BCB_RTL.CB2010\WINRTL\OBJ\WIN32\OBJX\HRDIR_R.OBJ ACBP=A9
 0001:000A5CE4 000000DC C=CODE    S=_TEXT    G=(none)   M=C:\DEV\BCB_RTL.CB2010\WINRTL\OBJ\WIN32\OBJX\HRDIR_S.OBJ ACBP=A9
 0001:000A5DC0 00000001 C=CODE    S=_TEXT    G=(none)   M=C:\DEV\BCB_RTL.CB2010\WINRTL\OBJ\WIN32\OBJX\HRDIR_US.OBJ ACBP=A9
 0001:000A5DC4 00000DBE C=CODE    S=_TEXT    G=(none)   M=C:\DEV\BCB_RTL.CB2010\WINRTL\OBJ\WIN32\OBJX\_FASTMM.OBJ ACBP=A9
 0001:000A6B84 00000B42 C=CODE    S=_TEXT    G=(none)   M=C:\DEV\BCB_RTL.CB2010\WINRTL\OBJ\WIN32\OBJX\_FASTMMA.OBJ ACBP=A9
 0001:000A76C8 0000004A C=CODE    S=_TEXT    G=(none)   M=C:\DEV\BCB_RTL.CB2010\WINRTL\OBJ\WIN32\OBJX\HEAP.OBJ ACBP=A9
 0001:000A7714 00000006 C=CODE    S=_TEXT    G=(none)   M=C:\DEV\BCB_RTL.CB2010\WINRTL\OBJ\WIN32\OBJX\HEAPCHK.OBJ ACBP=A9
 0001:000A771C 0000000A C=CODE    S=_TEXT    G=(none)   M=C:\DEV\BCB_RTL.CB2010\WINRTL\OBJ\WIN32\OBJX\HEAPCHKF.OBJ ACBP=A9
 0001:000A7728 0000001D C=CODE    S=_TEXT    G=(none)   M=C:\DEV\BCB_RTL.CB2010\WINRTL\OBJ\WIN32\OBJX\HEAPCHKN.OBJ ACBP=A9
 0001:000A7748 00000025 C=CODE    S=_TEXT    G=(none)   M=C:\DEV\BCB_RTL.CB2010\WINRTL\OBJ\WIN32\OBJX\HEAPFILL.OBJ ACBP=A9
 0001:000A7770 00000004 C=CODE    S=_TEXT    G=(none)   M=C:\DEV\BCB_RTL.CB2010\WINRTL\OBJ\WIN32\OBJX\HEAPMIN.OBJ ACBP=A9
 0001:000A7774 0000000A C=CODE    S=_TEXT    G=(none)   M=C:\DEV\BCB_RTL.CB2010\WINRTL\OBJ\WIN32\OBJX\HEAPSET.OBJ ACBP=A9
 0001:000A7780 0000001B C=CODE    S=_TEXT    G=(none)   M=C:\DEV\BCB_RTL.CB2010\WINRTL\OBJ\WIN32\OBJX\HEAPWALK.OBJ ACBP=A9
 0001:000A779C 0000001B C=CODE    S=_TEXT    G=(none)   M=C:\DEV\BCB_RTL.CB2010\WINRTL\OBJ\WIN32\OBJX\OHEAPCHK.OBJ ACBP=A9
 0001:000A77B8 00000054 C=CODE    S=_TEXT    G=(none)   M=C:\DEV\BCB_RTL.CB2010\WINRTL\OBJ\WIN32\OBJX\OHEAPWLK.OBJ ACBP=A9
 0001:000A780C 00000065 C=CODE    S=_TEXT    G=(none)   M=C:\DEV\BCB_RTL.CB2010\WINRTL\OBJ\WIN32\OBJX\REALLOC.OBJ ACBP=A9
 0001:000A7874 00000001 C=CODE    S=_TEXT    G=(none)   M=C:\DEV\BCB_RTL.CB2010\WINRTL\OBJ\WIN32\OBJX\CRTLST_I.OBJ ACBP=A9
 0001:000A7878 00000001 C=CODE    S=_TEXT    G=(none)   M=C:\DEV\BCB_RTL.CB2010\WINRTL\OBJ\WIN32\OBJX\CRTLST_E.OBJ ACBP=A9
 0001:000A787C 00000001 C=CODE    S=_TEXT    G=(none)   M=C:\DEV\BCB_RTL.CB2010\WINRTL\OBJ\WIN32\OBJX\CRTLST_L.OBJ ACBP=A9
 0001:000A7880 0000003F C=CODE    S=_TEXT    G=(none)   M=C:\DEV\BCB_RTL.CB2010\WINRTL\OBJ\WIN32\OBJX\_WHEREXY.OBJ ACBP=A9
 0001:000A78C0 0000011D C=CODE    S=_TEXT    G=(none)   M=C:\DEV\BCB_RTL.CB2010\WINRTL\OBJ\WIN32\OBJX\CGETS.OBJ ACBP=A9
 0001:000A79E0 00000062 C=CODE    S=_TEXT    G=(none)   M=C:\DEV\BCB_RTL.CB2010\WINRTL\OBJ\WIN32\OBJX\CLREOL.OBJ ACBP=A9
 0001:000A7A44 000000F0 C=CODE    S=_TEXT    G=(none)   M=C:\DEV\BCB_RTL.CB2010\WINRTL\OBJ\WIN32\OBJX\CLRSCR.OBJ ACBP=A9
 0001:000A7B34 00000063 C=CODE    S=_TEXT    G=(none)   M=C:\DEV\BCB_RTL.CB2010\WINRTL\OBJ\WIN32\OBJX\COLOR.OBJ ACBP=A9
 0001:000A7B98 00000020 C=CODE    S=_TEXT    G=(none)   M=C:\DEV\BCB_RTL.CB2010\WINRTL\OBJ\WIN32\OBJX\CPRINTF.OBJ ACBP=A9
 0001:000A7BB8 00000020 C=CODE    S=_TEXT    G=(none)   M=C:\DEV\BCB_RTL.CB2010\WINRTL\OBJ\WIN32\OBJX\CVPRINTF.OBJ ACBP=A9
 0001:000A7BD8 000002AD C=CODE    S=_TEXT    G=(none)   M=C:\DEV\BCB_RTL.CB2010\WINRTL\OBJ\WIN32\OBJX\CPUTN.OBJ ACBP=A9
 0001:000A7E88 0000001D C=CODE    S=_TEXT    G=(none)   M=C:\DEV\BCB_RTL.CB2010\WINRTL\OBJ\WIN32\OBJX\CPUTS.OBJ ACBP=A9
 0001:000A7EA8 000002EE C=CODE    S=_TEXT    G=(none)   M=C:\DEV\BCB_RTL.CB2010\WINRTL\OBJ\WIN32\OBJX\CRTINIT.OBJ ACBP=A9
 0001:000A8198 00000021 C=CODE    S=_TEXT    G=(none)   M=C:\DEV\BCB_RTL.CB2010\WINRTL\OBJ\WIN32\OBJX\CSCANF.OBJ ACBP=A9
 0001:000A81BC 00000021 C=CODE    S=_TEXT    G=(none)   M=C:\DEV\BCB_RTL.CB2010\WINRTL\OBJ\WIN32\OBJX\CVSCANF.OBJ ACBP=A9
 0001:000A81E0 00000056 C=CODE    S=_TEXT    G=(none)   M=C:\DEV\BCB_RTL.CB2010\WINRTL\OBJ\WIN32\OBJX\CURSOR.OBJ ACBP=A9
 0001:000A8238 00000280 C=CODE    S=_TEXT    G=(none)   M=C:\DEV\BCB_RTL.CB2010\WINRTL\OBJ\WIN32\OBJX\GETCH.OBJ ACBP=A9
 0001:000A84B8 00000025 C=CODE    S=_TEXT    G=(none)   M=C:\DEV\BCB_RTL.CB2010\WINRTL\OBJ\WIN32\OBJX\GETCHE.OBJ ACBP=A9
 0001:000A84E0 000000AD C=CODE    S=_TEXT    G=(none)   M=C:\DEV\BCB_RTL.CB2010\WINRTL\OBJ\WIN32\OBJX\GETPASS.OBJ ACBP=A9
 0001:000A8590 00000049 C=CODE    S=_TEXT    G=(none)   M=C:\DEV\BCB_RTL.CB2010\WINRTL\OBJ\WIN32\OBJX\GOTOXY.OBJ ACBP=A9
 0001:000A85DC 000000AF C=CODE    S=_TEXT    G=(none)   M=C:\DEV\BCB_RTL.CB2010\WINRTL\OBJ\WIN32\OBJX\GPTEXT.OBJ ACBP=A9
 0001:000A868C 0000004F C=CODE    S=_TEXT    G=(none)   M=C:\DEV\BCB_RTL.CB2010\WINRTL\OBJ\WIN32\OBJX\INSLINE.OBJ ACBP=A9
 0001:000A86DC 000000EB C=CODE    S=_TEXT    G=(none)   M=C:\DEV\BCB_RTL.CB2010\WINRTL\OBJ\WIN32\OBJX\KBHIT.OBJ ACBP=A9
 0001:000A87C8 00000026 C=CODE    S=_TEXT    G=(none)   M=C:\DEV\BCB_RTL.CB2010\WINRTL\OBJ\WIN32\OBJX\MOVECURS.OBJ ACBP=A9
 0001:000A87F0 000000C8 C=CODE    S=_TEXT    G=(none)   M=C:\DEV\BCB_RTL.CB2010\WINRTL\OBJ\WIN32\OBJX\MOVETEXT.OBJ ACBP=A9
 0001:000A88B8 0000001D C=CODE    S=_TEXT    G=(none)   M=C:\DEV\BCB_RTL.CB2010\WINRTL\OBJ\WIN32\OBJX\PUTCH.OBJ ACBP=A9
 0001:000A88D8 00000096 C=CODE    S=_TEXT    G=(none)   M=C:\DEV\BCB_RTL.CB2010\WINRTL\OBJ\WIN32\OBJX\SCROLL.OBJ ACBP=A9
 0001:000A8970 00000027 C=CODE    S=_TEXT    G=(none)   M=C:\DEV\BCB_RTL.CB2010\WINRTL\OBJ\WIN32\OBJX\TEXTMODE.OBJ ACBP=A9
 0001:000A8998 0000005E C=CODE    S=_TEXT    G=(none)   M=C:\DEV\BCB_RTL.CB2010\WINRTL\OBJ\WIN32\OBJX\VALIDXY.OBJ ACBP=A9
 0001:000A89F8 0000004A C=CODE    S=_TEXT    G=(none)   M=C:\DEV\BCB_RTL.CB2010\WINRTL\OBJ\WIN32\OBJX\VIDINFO.OBJ ACBP=A9
 0001:000A8A44 000001EA C=CODE    S=_TEXT    G=(none)   M=C:\DEV\BCB_RTL.CB2010\WINRTL\OBJ\WIN32\OBJX\VRAM.OBJ ACBP=A9
 0001:000A8C30 00000025 C=CODE    S=_TEXT    G=(none)   M=C:\DEV\BCB_RTL.CB2010\WINRTL\OBJ\WIN32\OBJX\WHEREXY.OBJ ACBP=A9
 0001:000A8C58 0000005D C=CODE    S=_TEXT    G=(none)   M=C:\DEV\BCB_RTL.CB2010\WINRTL\OBJ\WIN32\OBJX\WINDOW.OBJ ACBP=A9
 0001:000A8CB8 00000055 C=CODE    S=_TEXT    G=(none)   M=C:\DEV\BCB_RTL.CB2010\WINRTL\OBJ\WIN32\OBJX\MEMCHR.OBJ ACBP=A9
 0001:000A8D10 00000071 C=CODE    S=_TEXT    G=(none)   M=C:\DEV\BCB_RTL.CB2010\WINRTL\OBJ\WIN32\OBJX\WMEMCHR.OBJ ACBP=A9
 0001:000A8D84 00000016 C=CODE    S=_TEXT    G=(none)   M=C:\DEV\BCB_RTL.CB2010\WINRTL\OBJ\WIN32\OBJX\MEMCPY.OBJ ACBP=A9
 0001:000A8D9C 000000A8 C=CODE    S=_TEXT    G=(none)   M=C:\DEV\BCB_RTL.CB2010\WINRTL\OBJ\WIN32\OBJX\MEMCPY_S.OBJ ACBP=A9
 0001:000A8E44 0000001C C=CODE    S=_TEXT    G=(none)   M=C:\DEV\BCB_RTL.CB2010\WINRTL\OBJ\WIN32\OBJX\WMEMCPY.OBJ ACBP=A9
 0001:000A8E60 000000AE C=CODE    S=_TEXT    G=(none)   M=C:\DEV\BCB_RTL.CB2010\WINRTL\OBJ\WIN32\OBJX\WMEMCPY_S.OBJ ACBP=A9
 0001:000A8F10 00000117 C=CODE    S=_TEXT    G=(none)   M=C:\DEV\BCB_RTL.CB2010\WINRTL\OBJ\WIN32\OBJX\MEMMOVE.OBJ ACBP=A9
 0001:000A9028 0000001A C=CODE    S=_TEXT    G=(none)   M=C:\DEV\BCB_RTL.CB2010\WINRTL\OBJ\WIN32\OBJX\WMEMMOVE.OBJ ACBP=A9
 0001:000A9044 00000080 C=CODE    S=_TEXT    G=(none)   M=C:\DEV\BCB_RTL.CB2010\WINRTL\OBJ\WIN32\OBJX\MEMMOVE_S.OBJ ACBP=A9
 0001:000A90C4 00000082 C=CODE    S=_TEXT    G=(none)   M=C:\DEV\BCB_RTL.CB2010\WINRTL\OBJ\WIN32\OBJX\WMEMMOVE_S.OBJ ACBP=A9
 0001:000A9148 000000B3 C=CODE    S=_TEXT    G=(none)   M=C:\DEV\BCB_RTL.CB2010\WINRTL\OBJ\WIN32\OBJX\MEMSET.OBJ ACBP=A9
 0001:000A91FC 000000B8 C=CODE    S=_TEXT    G=(none)   M=C:\DEV\BCB_RTL.CB2010\WINRTL\OBJ\WIN32\OBJX\WMEMSET.OBJ ACBP=A9
 0001:000A92B4 00000008 C=CODE    S=_TEXT    G=(none)   M=C:\DEV\BCB_RTL.CB2010\WINRTL\OBJ\WIN32\OBJX\STPCPY.OBJ ACBP=A9
 0001:000A92BC 0000005D C=CODE    S=_TEXT    G=(none)   M=C:\DEV\BCB_RTL.CB2010\WINRTL\OBJ\WIN32\OBJX\STRCAT.OBJ ACBP=A9
 0001:000A931C 000000DC C=CODE    S=_TEXT    G=(none)   M=C:\DEV\BCB_RTL.CB2010\WINRTL\OBJ\WIN32\OBJX\STRCAT_S.OBJ ACBP=A9
 0001:000A93F8 0000004E C=CODE    S=_TEXT    G=(none)   M=C:\DEV\BCB_RTL.CB2010\WINRTL\OBJ\WIN32\OBJX\STRCHR.OBJ ACBP=A9
 0001:000A9448 0000004D C=CODE    S=_TEXT    G=(none)   M=C:\DEV\BCB_RTL.CB2010\WINRTL\OBJ\WIN32\OBJX\STRCMP.OBJ ACBP=A9
 0001:000A9498 00000049 C=CODE    S=_TEXT    G=(none)   M=C:\DEV\BCB_RTL.CB2010\WINRTL\OBJ\WIN32\OBJX\STRCPY.OBJ ACBP=A9
 0001:000A94E4 000000C0 C=CODE    S=_TEXT    G=(none)   M=C:\DEV\BCB_RTL.CB2010\WINRTL\OBJ\WIN32\OBJX\STRCPY_S.OBJ ACBP=A9
 0001:000A95A4 0000005A C=CODE    S=_TEXT    G=(none)   M=C:\DEV\BCB_RTL.CB2010\WINRTL\OBJ\WIN32\OBJX\STRLEN.OBJ ACBP=A9
 0001:000A9600 00000022 C=CODE    S=_TEXT    G=(none)   M=C:\DEV\BCB_RTL.CB2010\WINRTL\OBJ\WIN32\OBJX\STRNLEN_S.OBJ ACBP=A9
 0001:000A9624 0000007A C=CODE    S=_TEXT    G=(none)   M=C:\DEV\BCB_RTL.CB2010\WINRTL\OBJ\WIN32\OBJX\STRNCAT.OBJ ACBP=A9
 0001:000A96A0 00000115 C=CODE    S=_TEXT    G=(none)   M=C:\DEV\BCB_RTL.CB2010\WINRTL\OBJ\WIN32\OBJX\STRNCAT_S.OBJ ACBP=A9
 0001:000A97B8 0000005F C=CODE    S=_TEXT    G=(none)   M=C:\DEV\BCB_RTL.CB2010\WINRTL\OBJ\WIN32\OBJX\STRNCMP.OBJ ACBP=A9
 0001:000A9818 00000014 C=CODE    S=_TEXT    G=(none)   M=C:\DEV\BCB_RTL.CB2010\WINRTL\OBJ\WIN32\OBJX\__MEMCHR.OBJ ACBP=A9
 0001:000A982C 00000037 C=CODE    S=_TEXT    G=(none)   M=C:\DEV\BCB_RTL.CB2010\WINRTL\OBJ\WIN32\OBJX\MEMCCPY.OBJ ACBP=A9
 0001:000A9864 0000006C C=CODE    S=_TEXT    G=(none)   M=C:\DEV\BCB_RTL.CB2010\WINRTL\OBJ\WIN32\OBJX\MEMCMP.OBJ ACBP=A9
 0001:000A98D0 00000086 C=CODE    S=_TEXT    G=(none)   M=C:\DEV\BCB_RTL.CB2010\WINRTL\OBJ\WIN32\OBJX\MEMICMP.OBJ ACBP=A9
 0001:000A9958 0000002E C=CODE    S=_TEXT    G=(none)   M=C:\DEV\BCB_RTL.CB2010\WINRTL\OBJ\WIN32\OBJX\STRCSPN.OBJ ACBP=A9
 0001:000A9988 00000032 C=CODE    S=_TEXT    G=(none)   M=C:\DEV\BCB_RTL.CB2010\WINRTL\OBJ\WIN32\OBJX\STRDUP.OBJ ACBP=A9
 0001:000A99BC 000000A3 C=CODE    S=_TEXT    G=(none)   M=C:\DEV\BCB_RTL.CB2010\WINRTL\OBJ\WIN32\OBJX\STRERROR.OBJ ACBP=A9
 0001:000A9A60 000000B6 C=CODE    S=_TEXT    G=(none)   M=C:\DEV\BCB_RTL.CB2010\WINRTL\OBJ\WIN32\OBJX\STRERROR_S.OBJ ACBP=A9
 0001:000A9B18 00000098 C=CODE    S=_TEXT    G=(none)   M=C:\DEV\BCB_RTL.CB2010\WINRTL\OBJ\WIN32\OBJX\STRICMP.OBJ ACBP=A9
 0001:000A9BB0 0000004F C=CODE    S=_TEXT    G=(none)   M=C:\DEV\BCB_RTL.CB2010\WINRTL\OBJ\WIN32\OBJX\STRNCPY.OBJ ACBP=A9
 0001:000A9C00 000000E0 C=CODE    S=_TEXT    G=(none)   M=C:\DEV\BCB_RTL.CB2010\WINRTL\OBJ\WIN32\OBJX\STRNCPY_S.OBJ ACBP=A9
 0001:000A9CE0 000000CA C=CODE    S=_TEXT    G=(none)   M=C:\DEV\BCB_RTL.CB2010\WINRTL\OBJ\WIN32\OBJX\STRNICMP.OBJ ACBP=A9
 0001:000A9DAC 0000002C C=CODE    S=_TEXT    G=(none)   M=C:\DEV\BCB_RTL.CB2010\WINRTL\OBJ\WIN32\OBJX\STRNSET.OBJ ACBP=A9
 0001:000A9DD8 0000002D C=CODE    S=_TEXT    G=(none)   M=C:\DEV\BCB_RTL.CB2010\WINRTL\OBJ\WIN32\OBJX\STRPBRK.OBJ ACBP=A9
 0001:000A9E08 00000029 C=CODE    S=_TEXT    G=(none)   M=C:\DEV\BCB_RTL.CB2010\WINRTL\OBJ\WIN32\OBJX\STRRCHR.OBJ ACBP=A9
 0001:000A9E34 00000042 C=CODE    S=_TEXT    G=(none)   M=C:\DEV\BCB_RTL.CB2010\WINRTL\OBJ\WIN32\OBJX\STRREV.OBJ ACBP=A9
 0001:000A9E78 00000021 C=CODE    S=_TEXT    G=(none)   M=C:\DEV\BCB_RTL.CB2010\WINRTL\OBJ\WIN32\OBJX\STRSET.OBJ ACBP=A9
 0001:000A9E9C 00000030 C=CODE    S=_TEXT    G=(none)   M=C:\DEV\BCB_RTL.CB2010\WINRTL\OBJ\WIN32\OBJX\STRSPN.OBJ ACBP=A9
 0001:000A9ECC 00000060 C=CODE    S=_TEXT    G=(none)   M=C:\DEV\BCB_RTL.CB2010\WINRTL\OBJ\WIN32\OBJX\STRSTR.OBJ ACBP=A9
 0001:000A9F2C 0000007E C=CODE    S=_TEXT    G=(none)   M=C:\DEV\BCB_RTL.CB2010\WINRTL\OBJ\WIN32\OBJX\STRTOK.OBJ ACBP=A9
 0001:000A9FAC 000000FC C=CODE    S=_TEXT    G=(none)   M=C:\DEV\BCB_RTL.CB2010\WINRTL\OBJ\WIN32\OBJX\STRTOK_S.OBJ ACBP=A9
 0001:000AA0A8 00000037 C=CODE    S=_TEXT    G=(none)   M=C:\DEV\BCB_RTL.CB2010\WINRTL\OBJ\WIN32\OBJX\_STPCPY.OBJ ACBP=A9
 0001:000AA0E0 00000018 C=CODE    S=_TEXT    G=(none)   M=C:\DEV\BCB_RTL.CB2010\WINRTL\OBJ\WIN32\OBJX\WCSLEN.OBJ ACBP=A9
 0001:000AA0F8 00000025 C=CODE    S=_TEXT    G=(none)   M=C:\DEV\BCB_RTL.CB2010\WINRTL\OBJ\WIN32\OBJX\WCSNLEN_S.OBJ ACBP=A9
 0001:000AA120 0000003F C=CODE    S=_TEXT    G=(none)   M=C:\DEV\BCB_RTL.CB2010\WINRTL\OBJ\WIN32\OBJX\WCSCPY.OBJ ACBP=A9
 0001:000AA160 000000C6 C=CODE    S=_TEXT    G=(none)   M=C:\DEV\BCB_RTL.CB2010\WINRTL\OBJ\WIN32\OBJX\WCSCPY_S.OBJ ACBP=A9
 0001:000AA228 00000024 C=CODE    S=_TEXT    G=(none)   M=C:\DEV\BCB_RTL.CB2010\WINRTL\OBJ\WIN32\OBJX\WCSCAT.OBJ ACBP=A9
 0001:000AA24C 000000E4 C=CODE    S=_TEXT    G=(none)   M=C:\DEV\BCB_RTL.CB2010\WINRTL\OBJ\WIN32\OBJX\WCSCAT_S.OBJ ACBP=A9
 0001:000AA330 0000005B C=CODE    S=_TEXT    G=(none)   M=C:\DEV\BCB_RTL.CB2010\WINRTL\OBJ\WIN32\OBJX\WCSCHR.OBJ ACBP=A9
 0001:000AA38C 00000057 C=CODE    S=_TEXT    G=(none)   M=C:\DEV\BCB_RTL.CB2010\WINRTL\OBJ\WIN32\OBJX\WCSCMP.OBJ ACBP=A9
 0001:000AA3E4 00000039 C=CODE    S=_TEXT    G=(none)   M=C:\DEV\BCB_RTL.CB2010\WINRTL\OBJ\WIN32\OBJX\WCSCSPN.OBJ ACBP=A9
 0001:000AA420 00000036 C=CODE    S=_TEXT    G=(none)   M=C:\DEV\BCB_RTL.CB2010\WINRTL\OBJ\WIN32\OBJX\WCSDUP.OBJ ACBP=A9
 0001:000AA458 0000006B C=CODE    S=_TEXT    G=(none)   M=C:\DEV\BCB_RTL.CB2010\WINRTL\OBJ\WIN32\OBJX\WCSNCMP.OBJ ACBP=A9
 0001:000AA4C4 00000057 C=CODE    S=_TEXT    G=(none)   M=C:\DEV\BCB_RTL.CB2010\WINRTL\OBJ\WIN32\OBJX\WCSNCPY.OBJ ACBP=A9
 0001:000AA51C 000000EA C=CODE    S=_TEXT    G=(none)   M=C:\DEV\BCB_RTL.CB2010\WINRTL\OBJ\WIN32\OBJX\WCSNCPY_S.OBJ ACBP=A9
 0001:000AA608 0000002D C=CODE    S=_TEXT    G=(none)   M=C:\DEV\BCB_RTL.CB2010\WINRTL\OBJ\WIN32\OBJX\WCSNSET.OBJ ACBP=A9
 0001:000AA638 00000036 C=CODE    S=_TEXT    G=(none)   M=C:\DEV\BCB_RTL.CB2010\WINRTL\OBJ\WIN32\OBJX\WCSPBRK.OBJ ACBP=A9
 0001:000AA670 0000002C C=CODE    S=_TEXT    G=(none)   M=C:\DEV\BCB_RTL.CB2010\WINRTL\OBJ\WIN32\OBJX\WCSRCHR.OBJ ACBP=A9
 0001:000AA69C 0000004D C=CODE    S=_TEXT    G=(none)   M=C:\DEV\BCB_RTL.CB2010\WINRTL\OBJ\WIN32\OBJX\WCSREV.OBJ ACBP=A9
 0001:000AA6EC 00000022 C=CODE    S=_TEXT    G=(none)   M=C:\DEV\BCB_RTL.CB2010\WINRTL\OBJ\WIN32\OBJX\WCSSET.OBJ ACBP=A9
 0001:000AA710 00000041 C=CODE    S=_TEXT    G=(none)   M=C:\DEV\BCB_RTL.CB2010\WINRTL\OBJ\WIN32\OBJX\WCSSPN.OBJ ACBP=A9
 0001:000AA754 00000077 C=CODE    S=_TEXT    G=(none)   M=C:\DEV\BCB_RTL.CB2010\WINRTL\OBJ\WIN32\OBJX\WCSSTR.OBJ ACBP=A9
 0001:000AA7CC 00000096 C=CODE    S=_TEXT    G=(none)   M=C:\DEV\BCB_RTL.CB2010\WINRTL\OBJ\WIN32\OBJX\WCSTOK.OBJ ACBP=A9
 0001:000AA864 00000114 C=CODE    S=_TEXT    G=(none)   M=C:\DEV\BCB_RTL.CB2010\WINRTL\OBJ\WIN32\OBJX\WCSTOK_S.OBJ ACBP=A9
 0001:000AA978 0000009A C=CODE    S=_TEXT    G=(none)   M=C:\DEV\BCB_RTL.CB2010\WINRTL\OBJ\WIN32\OBJX\WCSNCAT.OBJ ACBP=A9
 0001:000AAA14 00000123 C=CODE    S=_TEXT    G=(none)   M=C:\DEV\BCB_RTL.CB2010\WINRTL\OBJ\WIN32\OBJX\WCSNCAT_S.OBJ ACBP=A9
 0001:000AAB38 0000002E C=CODE    S=_TEXT    G=(none)   M=C:\DEV\BCB_RTL.CB2010\WINRTL\OBJ\WIN32\OBJX\WCSPCPY.OBJ ACBP=A9
 0001:000AAB68 000000A5 C=CODE    S=_TEXT    G=(none)   M=C:\DEV\BCB_RTL.CB2010\WINRTL\OBJ\WIN32\OBJX\WCSICMP.OBJ ACBP=A9
 0001:000AAC10 000000E3 C=CODE    S=_TEXT    G=(none)   M=C:\DEV\BCB_RTL.CB2010\WINRTL\OBJ\WIN32\OBJX\WCSNICMP.OBJ ACBP=A9
 0001:000AACF4 000000E7 C=CODE    S=_TEXT    G=(none)   M=C:\DEV\BCB_RTL.CB2010\WINRTL\OBJ\WIN32\OBJX\WCSERROR.OBJ ACBP=A9
 0001:000AADDC 000000AD C=CODE    S=_TEXT    G=(none)   M=C:\DEV\BCB_RTL.CB2010\WINRTL\OBJ\WIN32\OBJX\WCSERROR_S.OBJ ACBP=A9
 0001:000AAE8C 00001FE0 C=CODE    S=_TEXT    G=(none)   M=C:\DEV\BCB_RTL.CB2010\WINRTL\OBJ\WIN32\OBJX\XX.OBJ ACBP=A9
 0001:000ACE20 00000070 C=CODE    S=_TEXT    G=(none)   M=C:\DEV\BCB_RTL.CB2010\WINRTL\OBJ\WIN32\OBJX\XXA.OBJ ACBP=A9
 0001:000ACE90 00000F76 C=CODE    S=_TEXT    G=(none)   M=C:\DEV\BCB_RTL.CB2010\WINRTL\OBJ\WIN32\OBJX\XXTYPE.OBJ ACBP=A9
 0001:000ADE06 0000005B C=CODE    S=_TEXT    G=(none)   M=C:\DEV\BCB_RTL.CB2010\WINRTL\OBJ\WIN32\OBJX\XXUT.OBJ ACBP=A9
 0001:000ADE30 00000163 C=CODE    S=_TEXT    G=(none)   M=C:\DEV\BCB_RTL.CB2010\WINRTL\OBJ\WIN32\OBJX\XXV.OBJ ACBP=A9
 0001:000ADF94 0000000A C=CODE    S=_TEXT    G=(none)   M=C:\DEV\BCB_RTL.CB2010\WINRTL\OBJ\WIN32\OBJX\DEFHANDL.OBJ ACBP=A9
 0001:000ADFA0 000001A5 C=CODE    S=_TEXT    G=(none)   M=C:\DEV\BCB_RTL.CB2010\WINRTL\OBJ\WIN32\OBJX\EXCEPT.OBJ ACBP=A9
 0001:000AE148 00000046 C=CODE    S=_TEXT    G=(none)   M=C:\DEV\BCB_RTL.CB2010\WINRTL\OBJ\WIN32\OBJX\SETEXC.OBJ ACBP=A9
 0001:000AE190 00000031 C=CODE    S=_TEXT    G=(none)   M=C:\DEV\BCB_RTL.CB2010\WINRTL\OBJ\WIN32\OBJX\TA.OBJ ACBP=A9
 0001:000AE1C4 000010F8 C=CODE    S=_TEXT    G=(none)   M=C:\DEV\BCB_RTL.CB2010\WINRTL\OBJ\WIN32\OBJX\XMSG.OBJ ACBP=A9
 0001:000AF294 00000040 C=CODE    S=_TEXT    G=(none)   M=C:\DEV\BCB_RTL.CB2010\WINRTL\OBJ\WIN32\OBJX\__ACCESS.OBJ ACBP=A9
 0001:000AF2D4 00000063 C=CODE    S=_TEXT    G=(none)   M=C:\DEV\BCB_RTL.CB2010\WINRTL\OBJ\WIN32\OBJX\__CLOSE.OBJ ACBP=A9
 0001:000AF338 00000013 C=CODE    S=_TEXT    G=(none)   M=C:\DEV\BCB_RTL.CB2010\WINRTL\OBJ\WIN32\OBJX\__DUP.OBJ ACBP=A9
 0001:000AF34C 000000EF C=CODE    S=_TEXT    G=(none)   M=C:\DEV\BCB_RTL.CB2010\WINRTL\OBJ\WIN32\OBJX\__DUP2.OBJ ACBP=A9
 0001:000AF43C 00000086 C=CODE    S=_TEXT    G=(none)   M=C:\DEV\BCB_RTL.CB2010\WINRTL\OBJ\WIN32\OBJX\__EOF.OBJ ACBP=A9
 0001:000AF4C4 00000122 C=CODE    S=_TEXT    G=(none)   M=C:\DEV\BCB_RTL.CB2010\WINRTL\OBJ\WIN32\OBJX\__FTRUNC.OBJ ACBP=A9
 0001:000AF5E8 00000047 C=CODE    S=_TEXT    G=(none)   M=C:\DEV\BCB_RTL.CB2010\WINRTL\OBJ\WIN32\OBJX\__ISATTY.OBJ ACBP=A9
 0001:000AF630 00000076 C=CODE    S=_TEXT    G=(none)   M=C:\DEV\BCB_RTL.CB2010\WINRTL\OBJ\WIN32\OBJX\__LSEEK.OBJ ACBP=A9
 0001:000AF6A8 00000214 C=CODE    S=_TEXT    G=(none)   M=C:\DEV\BCB_RTL.CB2010\WINRTL\OBJ\WIN32\OBJX\__OPEN.OBJ ACBP=A9
 0001:000AF8BC 0000019A C=CODE    S=_TEXT    G=(none)   M=C:\DEV\BCB_RTL.CB2010\WINRTL\OBJ\WIN32\OBJX\__READ.OBJ ACBP=A9
 0001:000AFA58 00000214 C=CODE    S=_TEXT    G=(none)   M=C:\DEV\BCB_RTL.CB2010\WINRTL\OBJ\WIN32\OBJX\__WOPEN.OBJ ACBP=A9
 0001:000AFC6C 000001DA C=CODE    S=_TEXT    G=(none)   M=C:\DEV\BCB_RTL.CB2010\WINRTL\OBJ\WIN32\OBJX\__WREAD.OBJ ACBP=A9
 0001:000AFE48 0000011C C=CODE    S=_TEXT    G=(none)   M=C:\DEV\BCB_RTL.CB2010\WINRTL\OBJ\WIN32\OBJX\__WRITE.OBJ ACBP=A9
 0001:000AFF64 00000011 C=CODE    S=_TEXT    G=(none)   M=C:\DEV\BCB_RTL.CB2010\WINRTL\OBJ\WIN32\OBJX\_CFINFO.OBJ ACBP=A9
 0001:000AFF78 0000008D C=CODE    S=_TEXT    G=(none)   M=C:\DEV\BCB_RTL.CB2010\WINRTL\OBJ\WIN32\OBJX\_CHMOD.OBJ ACBP=A9
 0001:000B0008 0000001F C=CODE    S=_TEXT    G=(none)   M=C:\DEV\BCB_RTL.CB2010\WINRTL\OBJ\WIN32\OBJX\_CLOSE.OBJ ACBP=A9
 0001:000B0028 0000003D C=CODE    S=_TEXT    G=(none)   M=C:\DEV\BCB_RTL.CB2010\WINRTL\OBJ\WIN32\OBJX\_COMMIT.OBJ ACBP=A9
 0001:000B0068 0000004D C=CODE    S=_TEXT    G=(none)   M=C:\DEV\BCB_RTL.CB2010\WINRTL\OBJ\WIN32\OBJX\_CREAT.OBJ ACBP=A9
 0001:000B00B8 00000008 C=CODE    S=_TEXT    G=(none)   M=C:\DEV\BCB_RTL.CB2010\WINRTL\OBJ\WIN32\OBJX\_FCLOSAL.OBJ ACBP=A9
 0001:000B00C0 0000004B C=CODE    S=_TEXT    G=(none)   M=C:\DEV\BCB_RTL.CB2010\WINRTL\OBJ\WIN32\OBJX\_FDOPEN.OBJ ACBP=A9
 0001:000B010C 00000008 C=CODE    S=_TEXT    G=(none)   M=C:\DEV\BCB_RTL.CB2010\WINRTL\OBJ\WIN32\OBJX\_FGETCHR.OBJ ACBP=A9
 0001:000B0114 00000008 C=CODE    S=_TEXT    G=(none)   M=C:\DEV\BCB_RTL.CB2010\WINRTL\OBJ\WIN32\OBJX\_FILENO.OBJ ACBP=A9
 0001:000B011C 00000038 C=CODE    S=_TEXT    G=(none)   M=C:\DEV\BCB_RTL.CB2010\WINRTL\OBJ\WIN32\OBJX\_FLSHALL.OBJ ACBP=A9
 0001:000B0154 0000001D C=CODE    S=_TEXT    G=(none)   M=C:\DEV\BCB_RTL.CB2010\WINRTL\OBJ\WIN32\OBJX\_FPUTC.OBJ ACBP=A9
 0001:000B0174 00000008 C=CODE    S=_TEXT    G=(none)   M=C:\DEV\BCB_RTL.CB2010\WINRTL\OBJ\WIN32\OBJX\_FPUTCHR.OBJ ACBP=A9
 0001:000B017C 0000001F C=CODE    S=_TEXT    G=(none)   M=C:\DEV\BCB_RTL.CB2010\WINRTL\OBJ\WIN32\OBJX\_FPUTWC.OBJ ACBP=A9
 0001:000B019C 0000002B C=CODE    S=_TEXT    G=(none)   M=C:\DEV\BCB_RTL.CB2010\WINRTL\OBJ\WIN32\OBJX\_FSOPEN.OBJ ACBP=A9
 0001:000B01C8 00000008 C=CODE    S=_TEXT    G=(none)   M=C:\DEV\BCB_RTL.CB2010\WINRTL\OBJ\WIN32\OBJX\_GETW.OBJ ACBP=A9
 0001:000B01D0 0000009A C=CODE    S=_TEXT    G=(none)   M=C:\DEV\BCB_RTL.CB2010\WINRTL\OBJ\WIN32\OBJX\_LSEEKI64.OBJ ACBP=A9
 0001:000B026C 00000008 C=CODE    S=_TEXT    G=(none)   M=C:\DEV\BCB_RTL.CB2010\WINRTL\OBJ\WIN32\OBJX\_MKDIR.OBJ ACBP=A9
 0001:000B0274 00000008 C=CODE    S=_TEXT    G=(none)   M=C:\DEV\BCB_RTL.CB2010\WINRTL\OBJ\WIN32\OBJX\_MKTEMP.OBJ ACBP=A9
 0001:000B027C 0000001F C=CODE    S=_TEXT    G=(none)   M=C:\DEV\BCB_RTL.CB2010\WINRTL\OBJ\WIN32\OBJX\_OPEN.OBJ ACBP=A9
 0001:000B029C 000000D3 C=CODE    S=_TEXT    G=(none)   M=C:\DEV\BCB_RTL.CB2010\WINRTL\OBJ\WIN32\OBJX\_PIPE.OBJ ACBP=A9
 0001:000B0370 0000020B C=CODE    S=_TEXT    G=(none)   M=C:\DEV\BCB_RTL.CB2010\WINRTL\OBJ\WIN32\OBJX\_POPEN.OBJ ACBP=A9
 0001:000B057C 00000008 C=CODE    S=_TEXT    G=(none)   M=C:\DEV\BCB_RTL.CB2010\WINRTL\OBJ\WIN32\OBJX\_PUTW.OBJ ACBP=A9
 0001:000B0584 00000075 C=CODE    S=_TEXT    G=(none)   M=C:\DEV\BCB_RTL.CB2010\WINRTL\OBJ\WIN32\OBJX\_READ.OBJ ACBP=A9
 0001:000B05FC 00000008 C=CODE    S=_TEXT    G=(none)   M=C:\DEV\BCB_RTL.CB2010\WINRTL\OBJ\WIN32\OBJX\_RMDIR.OBJ ACBP=A9
 0001:000B0604 00000008 C=CODE    S=_TEXT    G=(none)   M=C:\DEV\BCB_RTL.CB2010\WINRTL\OBJ\WIN32\OBJX\_RMTMP.OBJ ACBP=A9
 0001:000B060C 00000008 C=CODE    S=_TEXT    G=(none)   M=C:\DEV\BCB_RTL.CB2010\WINRTL\OBJ\WIN32\OBJX\_SOPEN.OBJ ACBP=A9
 0001:000B0614 00000008 C=CODE    S=_TEXT    G=(none)   M=C:\DEV\BCB_RTL.CB2010\WINRTL\OBJ\WIN32\OBJX\_STAT.OBJ ACBP=A9
 0001:000B061C 00000008 C=CODE    S=_TEXT    G=(none)   M=C:\DEV\BCB_RTL.CB2010\WINRTL\OBJ\WIN32\OBJX\_TEMPNAM.OBJ ACBP=A9
 0001:000B0624 00000017 C=CODE    S=_TEXT    G=(none)   M=C:\DEV\BCB_RTL.CB2010\WINRTL\OBJ\WIN32\OBJX\_UMASK.OBJ ACBP=A9
 0001:000B063C 00000008 C=CODE    S=_TEXT    G=(none)   M=C:\DEV\BCB_RTL.CB2010\WINRTL\OBJ\WIN32\OBJX\_UNLINK.OBJ ACBP=A9
 0001:000B0644 00000008 C=CODE    S=_TEXT    G=(none)   M=C:\DEV\BCB_RTL.CB2010\WINRTL\OBJ\WIN32\OBJX\_UTIME.OBJ ACBP=A9
 0001:000B064C 00000040 C=CODE    S=_TEXT    G=(none)   M=C:\DEV\BCB_RTL.CB2010\WINRTL\OBJ\WIN32\OBJX\_WACCESS.OBJ ACBP=A9
 0001:000B068C 00000045 C=CODE    S=_TEXT    G=(none)   M=C:\DEV\BCB_RTL.CB2010\WINRTL\OBJ\WIN32\OBJX\_WCHMOD.OBJ ACBP=A9
 0001:000B06D4 0000004D C=CODE    S=_TEXT    G=(none)   M=C:\DEV\BCB_RTL.CB2010\WINRTL\OBJ\WIN32\OBJX\_WCREAT.OBJ ACBP=A9
 0001:000B0724 0000004B C=CODE    S=_TEXT    G=(none)   M=C:\DEV\BCB_RTL.CB2010\WINRTL\OBJ\WIN32\OBJX\_WFDOPEN.OBJ ACBP=A9
 0001:000B0770 0000002B C=CODE    S=_TEXT    G=(none)   M=C:\DEV\BCB_RTL.CB2010\WINRTL\OBJ\WIN32\OBJX\_WFSOPEN.OBJ ACBP=A9
 0001:000B079C 0000001F C=CODE    S=_TEXT    G=(none)   M=C:\DEV\BCB_RTL.CB2010\WINRTL\OBJ\WIN32\OBJX\_WOPEN.OBJ ACBP=A9
 0001:000B07BC 000001AC C=CODE    S=_TEXT    G=(none)   M=C:\DEV\BCB_RTL.CB2010\WINRTL\OBJ\WIN32\OBJX\_WPOPEN.OBJ ACBP=A9
 0001:000B0968 00000061 C=CODE    S=_TEXT    G=(none)   M=C:\DEV\BCB_RTL.CB2010\WINRTL\OBJ\WIN32\OBJX\_WRITE.OBJ ACBP=A9
 0001:000B09CC 00000008 C=CODE    S=_TEXT    G=(none)   M=C:\DEV\BCB_RTL.CB2010\WINRTL\OBJ\WIN32\OBJX\ACCESS.OBJ ACBP=A9
 0001:000B09D4 0000007D C=CODE    S=_TEXT    G=(none)   M=C:\DEV\BCB_RTL.CB2010\WINRTL\OBJ\WIN32\OBJX\ALLOCBUF.OBJ ACBP=A9
 0001:000B0A54 0000008F C=CODE    S=_TEXT    G=(none)   M=C:\DEV\BCB_RTL.CB2010\WINRTL\OBJ\WIN32\OBJX\CHDIR.OBJ ACBP=A9
 0001:000B0AE4 0000009C C=CODE    S=_TEXT    G=(none)   M=C:\DEV\BCB_RTL.CB2010\WINRTL\OBJ\WIN32\OBJX\CHDRIVE.OBJ ACBP=A9
 0001:000B0B80 00000041 C=CODE    S=_TEXT    G=(none)   M=C:\DEV\BCB_RTL.CB2010\WINRTL\OBJ\WIN32\OBJX\CHMOD.OBJ ACBP=A9
 0001:000B0BC4 00000008 C=CODE    S=_TEXT    G=(none)   M=C:\DEV\BCB_RTL.CB2010\WINRTL\OBJ\WIN32\OBJX\CHSIZE.OBJ ACBP=A9
 0001:000B0BCC 0000000E C=CODE    S=_TEXT    G=(none)   M=C:\DEV\BCB_RTL.CB2010\WINRTL\OBJ\WIN32\OBJX\CLEARERR.OBJ ACBP=A9
 0001:000B0BDC 00000008 C=CODE    S=_TEXT    G=(none)   M=C:\DEV\BCB_RTL.CB2010\WINRTL\OBJ\WIN32\OBJX\CLOSE.OBJ ACBP=A9
 0001:000B0BE4 00000045 C=CODE    S=_TEXT    G=(none)   M=C:\DEV\BCB_RTL.CB2010\WINRTL\OBJ\WIN32\OBJX\CLOSEALL.OBJ ACBP=A9
 0001:000B0C2C 0000004F C=CODE    S=_TEXT    G=(none)   M=C:\DEV\BCB_RTL.CB2010\WINRTL\OBJ\WIN32\OBJX\CREAT.OBJ ACBP=A9
 0001:000B0C7C 000000A1 C=CODE    S=_TEXT    G=(none)   M=C:\DEV\BCB_RTL.CB2010\WINRTL\OBJ\WIN32\OBJX\CREATEMP.OBJ ACBP=A9
 0001:000B0D20 00000041 C=CODE    S=_TEXT    G=(none)   M=C:\DEV\BCB_RTL.CB2010\WINRTL\OBJ\WIN32\OBJX\CREATNEW.OBJ ACBP=A9
 0001:000B0D64 000001CC C=CODE    S=_TEXT    G=(none)   M=C:\DEV\BCB_RTL.CB2010\WINRTL\OBJ\WIN32\OBJX\DIRECT.OBJ ACBP=A9
 0001:000B0F30 0000001C C=CODE    S=_TEXT    G=(none)   M=C:\DEV\BCB_RTL.CB2010\WINRTL\OBJ\WIN32\OBJX\DOSCLOSE.OBJ ACBP=A9
 0001:000B0F4C 000000DF C=CODE    S=_TEXT    G=(none)   M=C:\DEV\BCB_RTL.CB2010\WINRTL\OBJ\WIN32\OBJX\DOSCREAT.OBJ ACBP=A9
 0001:000B102C 00000070 C=CODE    S=_TEXT    G=(none)   M=C:\DEV\BCB_RTL.CB2010\WINRTL\OBJ\WIN32\OBJX\DOSDFREE.OBJ ACBP=A9
 0001:000B109C 00000047 C=CODE    S=_TEXT    G=(none)   M=C:\DEV\BCB_RTL.CB2010\WINRTL\OBJ\WIN32\OBJX\DOSFATTR.OBJ ACBP=A9
 0001:000B10E4 0000003E C=CODE    S=_TEXT    G=(none)   M=C:\DEV\BCB_RTL.CB2010\WINRTL\OBJ\WIN32\OBJX\DOSFIND.OBJ ACBP=A9
 0001:000B1124 000000EC C=CODE    S=_TEXT    G=(none)   M=C:\DEV\BCB_RTL.CB2010\WINRTL\OBJ\WIN32\OBJX\DOSGDRIV.OBJ ACBP=A9
 0001:000B1210 0000008B C=CODE    S=_TEXT    G=(none)   M=C:\DEV\BCB_RTL.CB2010\WINRTL\OBJ\WIN32\OBJX\DOSGFTIM.OBJ ACBP=A9
 0001:000B129C 00000035 C=CODE    S=_TEXT    G=(none)   M=C:\DEV\BCB_RTL.CB2010\WINRTL\OBJ\WIN32\OBJX\DOSOPEN.OBJ ACBP=A9
 0001:000B12D4 00000052 C=CODE    S=_TEXT    G=(none)   M=C:\DEV\BCB_RTL.CB2010\WINRTL\OBJ\WIN32\OBJX\DOSREAD.OBJ ACBP=A9
 0001:000B1328 00000071 C=CODE    S=_TEXT    G=(none)   M=C:\DEV\BCB_RTL.CB2010\WINRTL\OBJ\WIN32\OBJX\DOSSFTIM.OBJ ACBP=A9
 0001:000B139C 00000052 C=CODE    S=_TEXT    G=(none)   M=C:\DEV\BCB_RTL.CB2010\WINRTL\OBJ\WIN32\OBJX\DOSWRITE.OBJ ACBP=A9
 0001:000B13F0 00000008 C=CODE    S=_TEXT    G=(none)   M=C:\DEV\BCB_RTL.CB2010\WINRTL\OBJ\WIN32\OBJX\DUP.OBJ ACBP=A9
 0001:000B13F8 00000008 C=CODE    S=_TEXT    G=(none)   M=C:\DEV\BCB_RTL.CB2010\WINRTL\OBJ\WIN32\OBJX\DUP2.OBJ ACBP=A9
 0001:000B1400 00000008 C=CODE    S=_TEXT    G=(none)   M=C:\DEV\BCB_RTL.CB2010\WINRTL\OBJ\WIN32\OBJX\EOF.OBJ ACBP=A9
 0001:000B1408 0000008E C=CODE    S=_TEXT    G=(none)   M=C:\DEV\BCB_RTL.CB2010\WINRTL\OBJ\WIN32\OBJX\FCLOSE.OBJ ACBP=A9
 0001:000B1498 00000008 C=CODE    S=_TEXT    G=(none)   M=C:\DEV\BCB_RTL.CB2010\WINRTL\OBJ\WIN32\OBJX\FDOPEN.OBJ ACBP=A9
 0001:000B14A0 00000260 C=CODE    S=_TEXT    G=(none)   M=C:\DEV\BCB_RTL.CB2010\WINRTL\OBJ\WIN32\OBJX\FFILE.OBJ ACBP=A9
 0001:000B1700 00000258 C=CODE    S=_TEXT    G=(none)   M=C:\DEV\BCB_RTL.CB2010\WINRTL\OBJ\WIN32\OBJX\FFILE64.OBJ ACBP=A9
 0001:000B1958 0000007F C=CODE    S=_TEXT    G=(none)   M=C:\DEV\BCB_RTL.CB2010\WINRTL\OBJ\WIN32\OBJX\FFLUSH.OBJ ACBP=A9
 0001:000B19D8 0000000C C=CODE    S=_TEXT    G=(none)   M=C:\DEV\BCB_RTL.CB2010\WINRTL\OBJ\WIN32\OBJX\FGETCHAR.OBJ ACBP=A9
 0001:000B19E4 0000001E C=CODE    S=_TEXT    G=(none)   M=C:\DEV\BCB_RTL.CB2010\WINRTL\OBJ\WIN32\OBJX\FGETPOS.OBJ ACBP=A9
 0001:000B1A04 00000129 C=CODE    S=_TEXT    G=(none)   M=C:\DEV\BCB_RTL.CB2010\WINRTL\OBJ\WIN32\OBJX\FGETS.OBJ ACBP=A9
 0001:000B1B30 0000000C C=CODE    S=_TEXT    G=(none)   M=C:\DEV\BCB_RTL.CB2010\WINRTL\OBJ\WIN32\OBJX\FGETWCHR.OBJ ACBP=A9
 0001:000B1B3C 00000133 C=CODE    S=_TEXT    G=(none)   M=C:\DEV\BCB_RTL.CB2010\WINRTL\OBJ\WIN32\OBJX\FGETWS.OBJ ACBP=A9
 0001:000B1C70 00000348 C=CODE    S=_TEXT    G=(none)   M=C:\DEV\BCB_RTL.CB2010\WINRTL\OBJ\WIN32\OBJX\FINDFRST.OBJ ACBP=A9
 0001:000B1FB8 0000003B C=CODE    S=_TEXT    G=(none)   M=C:\DEV\BCB_RTL.CB2010\WINRTL\OBJ\WIN32\OBJX\FLENGTH.OBJ ACBP=A9
 0001:000B1FF4 00000008 C=CODE    S=_TEXT    G=(none)   M=C:\DEV\BCB_RTL.CB2010\WINRTL\OBJ\WIN32\OBJX\FLUSHALL.OBJ ACBP=A9
 0001:000B1FFC 0000005A C=CODE    S=_TEXT    G=(none)   M=C:\DEV\BCB_RTL.CB2010\WINRTL\OBJ\WIN32\OBJX\FLUSHOUT.OBJ ACBP=A9
 0001:000B2058 00000023 C=CODE    S=_TEXT    G=(none)   M=C:\DEV\BCB_RTL.CB2010\WINRTL\OBJ\WIN32\OBJX\FMODEPTR.OBJ ACBP=A9
 0001:000B207C 00000021 C=CODE    S=_TEXT    G=(none)   M=C:\DEV\BCB_RTL.CB2010\WINRTL\OBJ\WIN32\OBJX\FNMERGE.OBJ ACBP=A9
 0001:000B20A0 00000008 C=CODE    S=_TEXT    G=(none)   M=C:\DEV\BCB_RTL.CB2010\WINRTL\OBJ\WIN32\OBJX\FNSPLIT.OBJ ACBP=A9
 0001:000B20A8 0000021B C=CODE    S=_TEXT    G=(none)   M=C:\DEV\BCB_RTL.CB2010\WINRTL\OBJ\WIN32\OBJX\FOPEN.OBJ ACBP=A9
 0001:000B22C4 0000005E C=CODE    S=_TEXT    G=(none)   M=C:\DEV\BCB_RTL.CB2010\WINRTL\OBJ\WIN32\OBJX\FOPEN_S.OBJ ACBP=A9
 0001:000B2324 00000022 C=CODE    S=_TEXT    G=(none)   M=C:\DEV\BCB_RTL.CB2010\WINRTL\OBJ\WIN32\OBJX\FPRINTF.OBJ ACBP=A9
 0001:000B2348 00000022 C=CODE    S=_TEXT    G=(none)   M=C:\DEV\BCB_RTL.CB2010\WINRTL\OBJ\WIN32\OBJX\FPRINTFW.OBJ ACBP=A9
 0001:000B236C 00000061 C=CODE    S=_TEXT    G=(none)   M=C:\DEV\BCB_RTL.CB2010\WINRTL\OBJ\WIN32\OBJX\FPRINTF_S.OBJ ACBP=A9
 0001:000B23D0 00000061 C=CODE    S=_TEXT    G=(none)   M=C:\DEV\BCB_RTL.CB2010\WINRTL\OBJ\WIN32\OBJX\FPRINTFW_S.OBJ ACBP=A9
 0001:000B2434 00000016 C=CODE    S=_TEXT    G=(none)   M=C:\DEV\BCB_RTL.CB2010\WINRTL\OBJ\WIN32\OBJX\FPUTCHAR.OBJ ACBP=A9
 0001:000B244C 000000DB C=CODE    S=_TEXT    G=(none)   M=C:\DEV\BCB_RTL.CB2010\WINRTL\OBJ\WIN32\OBJX\FPUTN.OBJ ACBP=A9
 0001:000B2528 0000003A C=CODE    S=_TEXT    G=(none)   M=C:\DEV\BCB_RTL.CB2010\WINRTL\OBJ\WIN32\OBJX\FPUTNW.OBJ ACBP=A9
 0001:000B2564 00000056 C=CODE    S=_TEXT    G=(none)   M=C:\DEV\BCB_RTL.CB2010\WINRTL\OBJ\WIN32\OBJX\FPUTS.OBJ ACBP=A9
 0001:000B25BC 00000017 C=CODE    S=_TEXT    G=(none)   M=C:\DEV\BCB_RTL.CB2010\WINRTL\OBJ\WIN32\OBJX\FPUTWCHR.OBJ ACBP=A9
 0001:000B25D4 00000074 C=CODE    S=_TEXT    G=(none)   M=C:\DEV\BCB_RTL.CB2010\WINRTL\OBJ\WIN32\OBJX\FPUTWS.OBJ ACBP=A9
 0001:000B2648 00000167 C=CODE    S=_TEXT    G=(none)   M=C:\DEV\BCB_RTL.CB2010\WINRTL\OBJ\WIN32\OBJX\FREAD.OBJ ACBP=A9
 0001:000B27B0 0000002E C=CODE    S=_TEXT    G=(none)   M=C:\DEV\BCB_RTL.CB2010\WINRTL\OBJ\WIN32\OBJX\FREOPEN.OBJ ACBP=A9
 0001:000B27E0 00000060 C=CODE    S=_TEXT    G=(none)   M=C:\DEV\BCB_RTL.CB2010\WINRTL\OBJ\WIN32\OBJX\FREOPEN_S.OBJ ACBP=A9
 0001:000B2840 00000023 C=CODE    S=_TEXT    G=(none)   M=C:\DEV\BCB_RTL.CB2010\WINRTL\OBJ\WIN32\OBJX\FSCANF.OBJ ACBP=A9
 0001:000B2864 00000023 C=CODE    S=_TEXT    G=(none)   M=C:\DEV\BCB_RTL.CB2010\WINRTL\OBJ\WIN32\OBJX\FSCANFW.OBJ ACBP=A9
 0001:000B2888 0000005E C=CODE    S=_TEXT    G=(none)   M=C:\DEV\BCB_RTL.CB2010\WINRTL\OBJ\WIN32\OBJX\FSCANF_S.OBJ ACBP=A9
 0001:000B28E8 0000005E C=CODE    S=_TEXT    G=(none)   M=C:\DEV\BCB_RTL.CB2010\WINRTL\OBJ\WIN32\OBJX\FSCANFW_S.OBJ ACBP=A9
 0001:000B2948 0000014C C=CODE    S=_TEXT    G=(none)   M=C:\DEV\BCB_RTL.CB2010\WINRTL\OBJ\WIN32\OBJX\FSEEK.OBJ ACBP=A9
 0001:000B2A94 000001A7 C=CODE    S=_TEXT    G=(none)   M=C:\DEV\BCB_RTL.CB2010\WINRTL\OBJ\WIN32\OBJX\FSEEKI64.OBJ ACBP=A9
 0001:000B2C3C 00000158 C=CODE    S=_TEXT    G=(none)   M=C:\DEV\BCB_RTL.CB2010\WINRTL\OBJ\WIN32\OBJX\FSEEKO.OBJ ACBP=A9
 0001:000B2D94 00000019 C=CODE    S=_TEXT    G=(none)   M=C:\DEV\BCB_RTL.CB2010\WINRTL\OBJ\WIN32\OBJX\FSETPOS.OBJ ACBP=A9
 0001:000B2DB0 00000091 C=CODE    S=_TEXT    G=(none)   M=C:\DEV\BCB_RTL.CB2010\WINRTL\OBJ\WIN32\OBJX\FSTAT.OBJ ACBP=A9
 0001:000B2E44 00000095 C=CODE    S=_TEXT    G=(none)   M=C:\DEV\BCB_RTL.CB2010\WINRTL\OBJ\WIN32\OBJX\FSTATI64.OBJ ACBP=A9
 0001:000B2EDC 00000008 C=CODE    S=_TEXT    G=(none)   M=C:\DEV\BCB_RTL.CB2010\WINRTL\OBJ\WIN32\OBJX\FTRUNCAT.OBJ ACBP=A9
 0001:000B2EE4 000000DB C=CODE    S=_TEXT    G=(none)   M=C:\DEV\BCB_RTL.CB2010\WINRTL\OBJ\WIN32\OBJX\FULLPATH.OBJ ACBP=A9
 0001:000B2FC0 00000031 C=CODE    S=_TEXT    G=(none)   M=C:\DEV\BCB_RTL.CB2010\WINRTL\OBJ\WIN32\OBJX\FWRITE.OBJ ACBP=A9
 0001:000B2FF4 0000003F C=CODE    S=_TEXT    G=(none)   M=C:\DEV\BCB_RTL.CB2010\WINRTL\OBJ\WIN32\OBJX\GETCURDI.OBJ ACBP=A9
 0001:000B3034 00000017 C=CODE    S=_TEXT    G=(none)   M=C:\DEV\BCB_RTL.CB2010\WINRTL\OBJ\WIN32\OBJX\GETCWD.OBJ ACBP=A9
 0001:000B304C 0000014A C=CODE    S=_TEXT    G=(none)   M=C:\DEV\BCB_RTL.CB2010\WINRTL\OBJ\WIN32\OBJX\GETDCWD.OBJ ACBP=A9
 0001:000B3198 0000006A C=CODE    S=_TEXT    G=(none)   M=C:\DEV\BCB_RTL.CB2010\WINRTL\OBJ\WIN32\OBJX\GETDFREE.OBJ ACBP=A9
 0001:000B3204 0000002B C=CODE    S=_TEXT    G=(none)   M=C:\DEV\BCB_RTL.CB2010\WINRTL\OBJ\WIN32\OBJX\GETDISK.OBJ ACBP=A9
 0001:000B3230 00000006 C=CODE    S=_TEXT    G=(none)   M=C:\DEV\BCB_RTL.CB2010\WINRTL\OBJ\WIN32\OBJX\GETDRIVE.OBJ ACBP=A9
 0001:000B3238 0000003B C=CODE    S=_TEXT    G=(none)   M=C:\DEV\BCB_RTL.CB2010\WINRTL\OBJ\WIN32\OBJX\GETFTIME.OBJ ACBP=A9
 0001:000B3274 00000059 C=CODE    S=_TEXT    G=(none)   M=C:\DEV\BCB_RTL.CB2010\WINRTL\OBJ\WIN32\OBJX\GETS.OBJ ACBP=A9
 0001:000B32D0 00000114 C=CODE    S=_TEXT    G=(none)   M=C:\DEV\BCB_RTL.CB2010\WINRTL\OBJ\WIN32\OBJX\GETS_S.OBJ ACBP=A9
 0001:000B33E4 0000004C C=CODE    S=_TEXT    G=(none)   M=C:\DEV\BCB_RTL.CB2010\WINRTL\OBJ\WIN32\OBJX\GETW.OBJ ACBP=A9
 0001:000B3430 00000056 C=CODE    S=_TEXT    G=(none)   M=C:\DEV\BCB_RTL.CB2010\WINRTL\OBJ\WIN32\OBJX\GETWS.OBJ ACBP=A9
 0001:000B3488 000002B9 C=CODE    S=_TEXT    G=(none)   M=C:\DEV\BCB_RTL.CB2010\WINRTL\OBJ\WIN32\OBJX\HANDLES.OBJ ACBP=A9
 0001:000B3744 0000007E C=CODE    S=_TEXT    G=(none)   M=C:\DEV\BCB_RTL.CB2010\WINRTL\OBJ\WIN32\OBJX\IOERROR.OBJ ACBP=A9
 0001:000B37C4 000000AC C=CODE    S=_TEXT    G=(none)   M=C:\DEV\BCB_RTL.CB2010\WINRTL\OBJ\WIN32\OBJX\IOMACRO.OBJ ACBP=A9
 0001:000B3870 00000008 C=CODE    S=_TEXT    G=(none)   M=C:\DEV\BCB_RTL.CB2010\WINRTL\OBJ\WIN32\OBJX\ISATTY.OBJ ACBP=A9
 0001:000B3878 000001A4 C=CODE    S=_TEXT    G=(none)   M=C:\DEV\BCB_RTL.CB2010\WINRTL\OBJ\WIN32\OBJX\LGETC.OBJ ACBP=A9
 0001:000B3A1C 000001AA C=CODE    S=_TEXT    G=(none)   M=C:\DEV\BCB_RTL.CB2010\WINRTL\OBJ\WIN32\OBJX\LGETWC.OBJ ACBP=A9
 0001:000B3BC8 0000007F C=CODE    S=_TEXT    G=(none)   M=C:\DEV\BCB_RTL.CB2010\WINRTL\OBJ\WIN32\OBJX\LOCK.OBJ ACBP=A9
 0001:000B3C48 00000114 C=CODE    S=_TEXT    G=(none)   M=C:\DEV\BCB_RTL.CB2010\WINRTL\OBJ\WIN32\OBJX\LOCKING.OBJ ACBP=A9
 0001:000B3D5C 0000011A C=CODE    S=_TEXT    G=(none)   M=C:\DEV\BCB_RTL.CB2010\WINRTL\OBJ\WIN32\OBJX\LPUTC.OBJ ACBP=A9
 0001:000B3E78 00000144 C=CODE    S=_TEXT    G=(none)   M=C:\DEV\BCB_RTL.CB2010\WINRTL\OBJ\WIN32\OBJX\LPUTWC.OBJ ACBP=A9
 0001:000B3FBC 00000008 C=CODE    S=_TEXT    G=(none)   M=C:\DEV\BCB_RTL.CB2010\WINRTL\OBJ\WIN32\OBJX\LSEEK.OBJ ACBP=A9
 0001:000B3FC4 0000009A C=CODE    S=_TEXT    G=(none)   M=C:\DEV\BCB_RTL.CB2010\WINRTL\OBJ\WIN32\OBJX\MAKEPATH.OBJ ACBP=A9
 0001:000B4060 0000001C C=CODE    S=_TEXT    G=(none)   M=C:\DEV\BCB_RTL.CB2010\WINRTL\OBJ\WIN32\OBJX\MKDIR.OBJ ACBP=A9
 0001:000B407C 00000091 C=CODE    S=_TEXT    G=(none)   M=C:\DEV\BCB_RTL.CB2010\WINRTL\OBJ\WIN32\OBJX\MKNAME.OBJ ACBP=A9
 0001:000B4110 000000A9 C=CODE    S=_TEXT    G=(none)   M=C:\DEV\BCB_RTL.CB2010\WINRTL\OBJ\WIN32\OBJX\MKTEMP.OBJ ACBP=A9
 0001:000B41BC 00000010 C=CODE    S=_TEXT    G=(none)   M=C:\DEV\BCB_RTL.CB2010\WINRTL\OBJ\WIN32\OBJX\OPEN.OBJ ACBP=A9
 0001:000B41CC 0000006D C=CODE    S=_TEXT    G=(none)   M=C:\DEV\BCB_RTL.CB2010\WINRTL\OBJ\WIN32\OBJX\OSHANDLE.OBJ ACBP=A9
 0001:000B423C 00000083 C=CODE    S=_TEXT    G=(none)   M=C:\DEV\BCB_RTL.CB2010\WINRTL\OBJ\WIN32\OBJX\PERROR.OBJ ACBP=A9
 0001:000B42C0 00000023 C=CODE    S=_TEXT    G=(none)   M=C:\DEV\BCB_RTL.CB2010\WINRTL\OBJ\WIN32\OBJX\PRINTF.OBJ ACBP=A9
 0001:000B42E4 0000005E C=CODE    S=_TEXT    G=(none)   M=C:\DEV\BCB_RTL.CB2010\WINRTL\OBJ\WIN32\OBJX\PRINTF_S.OBJ ACBP=A9
 0001:000B4344 00000023 C=CODE    S=_TEXT    G=(none)   M=C:\DEV\BCB_RTL.CB2010\WINRTL\OBJ\WIN32\OBJX\PRINTFW.OBJ ACBP=A9
 0001:000B4368 0000005E C=CODE    S=_TEXT    G=(none)   M=C:\DEV\BCB_RTL.CB2010\WINRTL\OBJ\WIN32\OBJX\PRINTFW_S.OBJ ACBP=A9
 0001:000B43C8 0000004E C=CODE    S=_TEXT    G=(none)   M=C:\DEV\BCB_RTL.CB2010\WINRTL\OBJ\WIN32\OBJX\PUTS.OBJ ACBP=A9
 0001:000B4418 00000046 C=CODE    S=_TEXT    G=(none)   M=C:\DEV\BCB_RTL.CB2010\WINRTL\OBJ\WIN32\OBJX\PUTW.OBJ ACBP=A9
 0001:000B4460 00000070 C=CODE    S=_TEXT    G=(none)   M=C:\DEV\BCB_RTL.CB2010\WINRTL\OBJ\WIN32\OBJX\PUTWS.OBJ ACBP=A9
 0001:000B44D0 00000008 C=CODE    S=_TEXT    G=(none)   M=C:\DEV\BCB_RTL.CB2010\WINRTL\OBJ\WIN32\OBJX\READ.OBJ ACBP=A9
 0001:000B44D8 00000010 C=CODE    S=_TEXT    G=(none)   M=C:\DEV\BCB_RTL.CB2010\WINRTL\OBJ\WIN32\OBJX\REMOVE.OBJ ACBP=A9
 0001:000B44E8 0000001E C=CODE    S=_TEXT    G=(none)   M=C:\DEV\BCB_RTL.CB2010\WINRTL\OBJ\WIN32\OBJX\RENAME.OBJ ACBP=A9
 0001:000B4508 00000021 C=CODE    S=_TEXT    G=(none)   M=C:\DEV\BCB_RTL.CB2010\WINRTL\OBJ\WIN32\OBJX\REWIND.OBJ ACBP=A9
 0001:000B452C 0000001A C=CODE    S=_TEXT    G=(none)   M=C:\DEV\BCB_RTL.CB2010\WINRTL\OBJ\WIN32\OBJX\RMDIR.OBJ ACBP=A9
 0001:000B4548 00000033 C=CODE    S=_TEXT    G=(none)   M=C:\DEV\BCB_RTL.CB2010\WINRTL\OBJ\WIN32\OBJX\RMTMP.OBJ ACBP=A9
 0001:000B457C 00000024 C=CODE    S=_TEXT    G=(none)   M=C:\DEV\BCB_RTL.CB2010\WINRTL\OBJ\WIN32\OBJX\SCANF.OBJ ACBP=A9
 0001:000B45A0 00000024 C=CODE    S=_TEXT    G=(none)   M=C:\DEV\BCB_RTL.CB2010\WINRTL\OBJ\WIN32\OBJX\SCANFW.OBJ ACBP=A9
 0001:000B45C4 0000005B C=CODE    S=_TEXT    G=(none)   M=C:\DEV\BCB_RTL.CB2010\WINRTL\OBJ\WIN32\OBJX\SCANF_S.OBJ ACBP=A9
 0001:000B4620 0000005B C=CODE    S=_TEXT    G=(none)   M=C:\DEV\BCB_RTL.CB2010\WINRTL\OBJ\WIN32\OBJX\SCANFW_S.OBJ ACBP=A9
 0001:000B467C 0000082E C=CODE    S=_TEXT    G=(none)   M=C:\DEV\BCB_RTL.CB2010\WINRTL\OBJ\WIN32\OBJX\SCANNER.OBJ ACBP=A9
 0001:000B4EAC 000008D4 C=CODE    S=_TEXT    G=(none)   M=C:\DEV\BCB_RTL.CB2010\WINRTL\OBJ\WIN32\OBJX\SCANNERW.OBJ ACBP=A9
 0001:000B5780 00000901 C=CODE    S=_TEXT    G=(none)   M=C:\DEV\BCB_RTL.CB2010\WINRTL\OBJ\WIN32\OBJX\SCANNER_S.OBJ ACBP=A9
 0001:000B6084 000009A4 C=CODE    S=_TEXT    G=(none)   M=C:\DEV\BCB_RTL.CB2010\WINRTL\OBJ\WIN32\OBJX\SCANNERW_S.OBJ ACBP=A9
 0001:000B6A28 000001CB C=CODE    S=_TEXT    G=(none)   M=C:\DEV\BCB_RTL.CB2010\WINRTL\OBJ\WIN32\OBJX\SCANTOL.OBJ ACBP=A9
 0001:000B6BF4 000001EA C=CODE    S=_TEXT    G=(none)   M=C:\DEV\BCB_RTL.CB2010\WINRTL\OBJ\WIN32\OBJX\SCANWTOL.OBJ ACBP=A9
 0001:000B6DE0 00000230 C=CODE    S=_TEXT    G=(none)   M=C:\DEV\BCB_RTL.CB2010\WINRTL\OBJ\WIN32\OBJX\SCN2I64.OBJ ACBP=A9
 0001:000B7010 0000024F C=CODE    S=_TEXT    G=(none)   M=C:\DEV\BCB_RTL.CB2010\WINRTL\OBJ\WIN32\OBJX\SCN2I64W.OBJ ACBP=A9
 0001:000B7260 00000028 C=CODE    S=_TEXT    G=(none)   M=C:\DEV\BCB_RTL.CB2010\WINRTL\OBJ\WIN32\OBJX\SETBUF.OBJ ACBP=A9
 0001:000B7288 0000002A C=CODE    S=_TEXT    G=(none)   M=C:\DEV\BCB_RTL.CB2010\WINRTL\OBJ\WIN32\OBJX\SETFTIME.OBJ ACBP=A9
 0001:000B72B4 0000006E C=CODE    S=_TEXT    G=(none)   M=C:\DEV\BCB_RTL.CB2010\WINRTL\OBJ\WIN32\OBJX\SETMODE.OBJ ACBP=A9
 0001:000B7324 0000004D C=CODE    S=_TEXT    G=(none)   M=C:\DEV\BCB_RTL.CB2010\WINRTL\OBJ\WIN32\OBJX\SETVBUF.OBJ ACBP=A9
 0001:000B7374 00000100 C=CODE    S=_TEXT    G=(none)   M=C:\DEV\BCB_RTL.CB2010\WINRTL\OBJ\WIN32\OBJX\SNPRNTF.OBJ ACBP=A9
 0001:000B7474 00000116 C=CODE    S=_TEXT    G=(none)   M=C:\DEV\BCB_RTL.CB2010\WINRTL\OBJ\WIN32\OBJX\SNPRNTFW.OBJ ACBP=A9
 0001:000B758C 0000015B C=CODE    S=_TEXT    G=(none)   M=C:\DEV\BCB_RTL.CB2010\WINRTL\OBJ\WIN32\OBJX\SNPRINTF_S.OBJ ACBP=A9
 0001:000B76E8 0000016B C=CODE    S=_TEXT    G=(none)   M=C:\DEV\BCB_RTL.CB2010\WINRTL\OBJ\WIN32\OBJX\SNPRINTFW_S.OBJ ACBP=A9
 0001:000B7854 00000038 C=CODE    S=_TEXT    G=(none)   M=C:\DEV\BCB_RTL.CB2010\WINRTL\OBJ\WIN32\OBJX\SOPEN.OBJ ACBP=A9
 0001:000B788C 000002CD C=CODE    S=_TEXT    G=(none)   M=C:\DEV\BCB_RTL.CB2010\WINRTL\OBJ\WIN32\OBJX\SPLITPTH.OBJ ACBP=A9
 0001:000B7B5C 00000078 C=CODE    S=_TEXT    G=(none)   M=C:\DEV\BCB_RTL.CB2010\WINRTL\OBJ\WIN32\OBJX\SPRINTF.OBJ ACBP=A9
 0001:000B7BD4 00000163 C=CODE    S=_TEXT    G=(none)   M=C:\DEV\BCB_RTL.CB2010\WINRTL\OBJ\WIN32\OBJX\SPRINTF_S.OBJ ACBP=A9
 0001:000B7D38 0000008A C=CODE    S=_TEXT    G=(none)   M=C:\DEV\BCB_RTL.CB2010\WINRTL\OBJ\WIN32\OBJX\SPRINTFW.OBJ ACBP=A9
 0001:000B7DC4 00000177 C=CODE    S=_TEXT    G=(none)   M=C:\DEV\BCB_RTL.CB2010\WINRTL\OBJ\WIN32\OBJX\SPRINTFW_S.OBJ ACBP=A9
 0001:000B7F3C 00000073 C=CODE    S=_TEXT    G=(none)   M=C:\DEV\BCB_RTL.CB2010\WINRTL\OBJ\WIN32\OBJX\SSCANF.OBJ ACBP=A9
 0001:000B7FB0 00000073 C=CODE    S=_TEXT    G=(none)   M=C:\DEV\BCB_RTL.CB2010\WINRTL\OBJ\WIN32\OBJX\SSCANFW.OBJ ACBP=A9
 0001:000B8024 000000EA C=CODE    S=_TEXT    G=(none)   M=C:\DEV\BCB_RTL.CB2010\WINRTL\OBJ\WIN32\OBJX\SSCANF_S.OBJ ACBP=A9
 0001:000B8110 000000EA C=CODE    S=_TEXT    G=(none)   M=C:\DEV\BCB_RTL.CB2010\WINRTL\OBJ\WIN32\OBJX\SSCANFW_S.OBJ ACBP=A9
 0001:000B81FC 00000207 C=CODE    S=_TEXT    G=(none)   M=C:\DEV\BCB_RTL.CB2010\WINRTL\OBJ\WIN32\OBJX\STAT.OBJ ACBP=A9
 0001:000B8404 0000020E C=CODE    S=_TEXT    G=(none)   M=C:\DEV\BCB_RTL.CB2010\WINRTL\OBJ\WIN32\OBJX\STATI64.OBJ ACBP=A9
 0001:000B8614 00000101 C=CODE    S=_TEXT    G=(none)   M=C:\DEV\BCB_RTL.CB2010\WINRTL\OBJ\WIN32\OBJX\STREAMS.OBJ ACBP=A9
 0001:000B8718 00000072 C=CODE    S=_TEXT    G=(none)   M=C:\DEV\BCB_RTL.CB2010\WINRTL\OBJ\WIN32\OBJX\SWPRINTF_.OBJ ACBP=A9
 0001:000B878C 00000015 C=CODE    S=_TEXT    G=(none)   M=C:\DEV\BCB_RTL.CB2010\WINRTL\OBJ\WIN32\OBJX\TELL.OBJ ACBP=A9
 0001:000B87A4 00000017 C=CODE    S=_TEXT    G=(none)   M=C:\DEV\BCB_RTL.CB2010\WINRTL\OBJ\WIN32\OBJX\TELLI64.OBJ ACBP=A9
 0001:000B87BC 0000015D C=CODE    S=_TEXT    G=(none)   M=C:\DEV\BCB_RTL.CB2010\WINRTL\OBJ\WIN32\OBJX\TEMPNAM.OBJ ACBP=A9
 0001:000B891C 0000005E C=CODE    S=_TEXT    G=(none)   M=C:\DEV\BCB_RTL.CB2010\WINRTL\OBJ\WIN32\OBJX\TMPFILE.OBJ ACBP=A9
 0001:000B897C 00000040 C=CODE    S=_TEXT    G=(none)   M=C:\DEV\BCB_RTL.CB2010\WINRTL\OBJ\WIN32\OBJX\TMPFILE_S.OBJ ACBP=A9
 0001:000B89BC 00000016 C=CODE    S=_TEXT    G=(none)   M=C:\DEV\BCB_RTL.CB2010\WINRTL\OBJ\WIN32\OBJX\TMPNAM.OBJ ACBP=A9
 0001:000B89D4 00000074 C=CODE    S=_TEXT    G=(none)   M=C:\DEV\BCB_RTL.CB2010\WINRTL\OBJ\WIN32\OBJX\TMPNAM_S.OBJ ACBP=A9
 0001:000B8A48 00000008 C=CODE    S=_TEXT    G=(none)   M=C:\DEV\BCB_RTL.CB2010\WINRTL\OBJ\WIN32\OBJX\UMASK.OBJ ACBP=A9
 0001:000B8A50 00000052 C=CODE    S=_TEXT    G=(none)   M=C:\DEV\BCB_RTL.CB2010\WINRTL\OBJ\WIN32\OBJX\UNGETC.OBJ ACBP=A9
 0001:000B8AA4 0000005C C=CODE    S=_TEXT    G=(none)   M=C:\DEV\BCB_RTL.CB2010\WINRTL\OBJ\WIN32\OBJX\UNGETWC.OBJ ACBP=A9
 0001:000B8B00 0000001A C=CODE    S=_TEXT    G=(none)   M=C:\DEV\BCB_RTL.CB2010\WINRTL\OBJ\WIN32\OBJX\UNLINK.OBJ ACBP=A9
 0001:000B8B1C 0000023C C=CODE    S=_TEXT    G=(none)   M=C:\DEV\BCB_RTL.CB2010\WINRTL\OBJ\WIN32\OBJX\UTIME.OBJ ACBP=A9
 0001:000B8D58 00000022 C=CODE    S=_TEXT    G=(none)   M=C:\DEV\BCB_RTL.CB2010\WINRTL\OBJ\WIN32\OBJX\VFPRINTF.OBJ ACBP=A9
 0001:000B8D7C 00000022 C=CODE    S=_TEXT    G=(none)   M=C:\DEV\BCB_RTL.CB2010\WINRTL\OBJ\WIN32\OBJX\VFPRNTFW.OBJ ACBP=A9
 0001:000B8DA0 0000005F C=CODE    S=_TEXT    G=(none)   M=C:\DEV\BCB_RTL.CB2010\WINRTL\OBJ\WIN32\OBJX\VFPRINTF_S.OBJ ACBP=A9
 0001:000B8E00 0000005F C=CODE    S=_TEXT    G=(none)   M=C:\DEV\BCB_RTL.CB2010\WINRTL\OBJ\WIN32\OBJX\VFPRINTFW_S.OBJ ACBP=A9
 0001:000B8E60 00000023 C=CODE    S=_TEXT    G=(none)   M=C:\DEV\BCB_RTL.CB2010\WINRTL\OBJ\WIN32\OBJX\VFSCANF.OBJ ACBP=A9
 0001:000B8E84 00000023 C=CODE    S=_TEXT    G=(none)   M=C:\DEV\BCB_RTL.CB2010\WINRTL\OBJ\WIN32\OBJX\VFSCANFW.OBJ ACBP=A9
 0001:000B8EA8 0000005D C=CODE    S=_TEXT    G=(none)   M=C:\DEV\BCB_RTL.CB2010\WINRTL\OBJ\WIN32\OBJX\VFSCANF_S.OBJ ACBP=A9
 0001:000B8F08 0000005D C=CODE    S=_TEXT    G=(none)   M=C:\DEV\BCB_RTL.CB2010\WINRTL\OBJ\WIN32\OBJX\VFSCANFW_S.OBJ ACBP=A9
 0001:000B8F68 00000A70 C=CODE    S=_TEXT    G=(none)   M=C:\DEV\BCB_RTL.CB2010\WINRTL\OBJ\WIN32\OBJX\VPRINTER.OBJ ACBP=A9
 0001:000B99D8 00000023 C=CODE    S=_TEXT    G=(none)   M=C:\DEV\BCB_RTL.CB2010\WINRTL\OBJ\WIN32\OBJX\VPRINTF.OBJ ACBP=A9
 0001:000B99FC 00000023 C=CODE    S=_TEXT    G=(none)   M=C:\DEV\BCB_RTL.CB2010\WINRTL\OBJ\WIN32\OBJX\VPRINTFW.OBJ ACBP=A9
 0001:000B9A20 0000005C C=CODE    S=_TEXT    G=(none)   M=C:\DEV\BCB_RTL.CB2010\WINRTL\OBJ\WIN32\OBJX\VPRINTF_S.OBJ ACBP=A9
 0001:000B9A7C 0000005C C=CODE    S=_TEXT    G=(none)   M=C:\DEV\BCB_RTL.CB2010\WINRTL\OBJ\WIN32\OBJX\VPRINTFW_S.OBJ ACBP=A9
 0001:000B9AD8 00000AD0 C=CODE    S=_TEXT    G=(none)   M=C:\DEV\BCB_RTL.CB2010\WINRTL\OBJ\WIN32\OBJX\VPRINTRW.OBJ ACBP=A9
 0001:000BA5A8 00000024 C=CODE    S=_TEXT    G=(none)   M=C:\DEV\BCB_RTL.CB2010\WINRTL\OBJ\WIN32\OBJX\VSCANF.OBJ ACBP=A9
 0001:000BA5CC 00000024 C=CODE    S=_TEXT    G=(none)   M=C:\DEV\BCB_RTL.CB2010\WINRTL\OBJ\WIN32\OBJX\VSCANFW.OBJ ACBP=A9
 0001:000BA5F0 00000059 C=CODE    S=_TEXT    G=(none)   M=C:\DEV\BCB_RTL.CB2010\WINRTL\OBJ\WIN32\OBJX\VSCANF_S.OBJ ACBP=A9
 0001:000BA64C 00000059 C=CODE    S=_TEXT    G=(none)   M=C:\DEV\BCB_RTL.CB2010\WINRTL\OBJ\WIN32\OBJX\VSCANFW_S.OBJ ACBP=A9
 0001:000BA6A8 0000009D C=CODE    S=_TEXT    G=(none)   M=C:\DEV\BCB_RTL.CB2010\WINRTL\OBJ\WIN32\OBJX\WCHDIR.OBJ ACBP=A9
 0001:000BA748 00000041 C=CODE    S=_TEXT    G=(none)   M=C:\DEV\BCB_RTL.CB2010\WINRTL\OBJ\WIN32\OBJX\WCHMOD.OBJ ACBP=A9
 0001:000BA78C 0000004F C=CODE    S=_TEXT    G=(none)   M=C:\DEV\BCB_RTL.CB2010\WINRTL\OBJ\WIN32\OBJX\WCREAT.OBJ ACBP=A9
 0001:000BA7DC 000001B8 C=CODE    S=_TEXT    G=(none)   M=C:\DEV\BCB_RTL.CB2010\WINRTL\OBJ\WIN32\OBJX\WDIRECT.OBJ ACBP=A9
 0001:000BA994 000000A6 C=CODE    S=_TEXT    G=(none)   M=C:\DEV\BCB_RTL.CB2010\WINRTL\OBJ\WIN32\OBJX\WDSCREAT.OBJ ACBP=A9
 0001:000BAA3C 00000205 C=CODE    S=_TEXT    G=(none)   M=C:\DEV\BCB_RTL.CB2010\WINRTL\OBJ\WIN32\OBJX\WFFILE.OBJ ACBP=A9
 0001:000BAC44 00000225 C=CODE    S=_TEXT    G=(none)   M=C:\DEV\BCB_RTL.CB2010\WINRTL\OBJ\WIN32\OBJX\WFFILE64.OBJ ACBP=A9
 0001:000BAE6C 000002B2 C=CODE    S=_TEXT    G=(none)   M=C:\DEV\BCB_RTL.CB2010\WINRTL\OBJ\WIN32\OBJX\WFNDFRST.OBJ ACBP=A9
 0001:000BB120 00000021 C=CODE    S=_TEXT    G=(none)   M=C:\DEV\BCB_RTL.CB2010\WINRTL\OBJ\WIN32\OBJX\WFNMERGE.OBJ ACBP=A9
 0001:000BB144 0000020F C=CODE    S=_TEXT    G=(none)   M=C:\DEV\BCB_RTL.CB2010\WINRTL\OBJ\WIN32\OBJX\WFOPEN.OBJ ACBP=A9
 0001:000BB354 0000005E C=CODE    S=_TEXT    G=(none)   M=C:\DEV\BCB_RTL.CB2010\WINRTL\OBJ\WIN32\OBJX\WFOPEN_S.OBJ ACBP=A9
 0001:000BB3B4 0000002E C=CODE    S=_TEXT    G=(none)   M=C:\DEV\BCB_RTL.CB2010\WINRTL\OBJ\WIN32\OBJX\WFREOPEN.OBJ ACBP=A9
 0001:000BB3E4 00000060 C=CODE    S=_TEXT    G=(none)   M=C:\DEV\BCB_RTL.CB2010\WINRTL\OBJ\WIN32\OBJX\WFREOPEN_S.OBJ ACBP=A9
 0001:000BB444 000000CC C=CODE    S=_TEXT    G=(none)   M=C:\DEV\BCB_RTL.CB2010\WINRTL\OBJ\WIN32\OBJX\WFULLPTH.OBJ ACBP=A9
 0001:000BB510 00000043 C=CODE    S=_TEXT    G=(none)   M=C:\DEV\BCB_RTL.CB2010\WINRTL\OBJ\WIN32\OBJX\WGETCURD.OBJ ACBP=A9
 0001:000BB554 00000017 C=CODE    S=_TEXT    G=(none)   M=C:\DEV\BCB_RTL.CB2010\WINRTL\OBJ\WIN32\OBJX\WGETCWD.OBJ ACBP=A9
 0001:000BB56C 00000141 C=CODE    S=_TEXT    G=(none)   M=C:\DEV\BCB_RTL.CB2010\WINRTL\OBJ\WIN32\OBJX\WGETDCWD.OBJ ACBP=A9
 0001:000BB6B0 0000004B C=CODE    S=_TEXT    G=(none)   M=C:\DEV\BCB_RTL.CB2010\WINRTL\OBJ\WIN32\OBJX\WIOMACRO.OBJ ACBP=A9
 0001:000BB6FC 00000096 C=CODE    S=_TEXT    G=(none)   M=C:\DEV\BCB_RTL.CB2010\WINRTL\OBJ\WIN32\OBJX\WMAKEPTH.OBJ ACBP=A9
 0001:000BB794 0000001C C=CODE    S=_TEXT    G=(none)   M=C:\DEV\BCB_RTL.CB2010\WINRTL\OBJ\WIN32\OBJX\WMKDIR.OBJ ACBP=A9
 0001:000BB7B0 00000091 C=CODE    S=_TEXT    G=(none)   M=C:\DEV\BCB_RTL.CB2010\WINRTL\OBJ\WIN32\OBJX\WMKNAME.OBJ ACBP=A9
 0001:000BB844 000000B2 C=CODE    S=_TEXT    G=(none)   M=C:\DEV\BCB_RTL.CB2010\WINRTL\OBJ\WIN32\OBJX\WMKTEMP.OBJ ACBP=A9
 0001:000BB8F8 00000010 C=CODE    S=_TEXT    G=(none)   M=C:\DEV\BCB_RTL.CB2010\WINRTL\OBJ\WIN32\OBJX\WOPEN.OBJ ACBP=A9
 0001:000BB908 000000C3 C=CODE    S=_TEXT    G=(none)   M=C:\DEV\BCB_RTL.CB2010\WINRTL\OBJ\WIN32\OBJX\WPERROR.OBJ ACBP=A9
 0001:000BB9CC 0000001E C=CODE    S=_TEXT    G=(none)   M=C:\DEV\BCB_RTL.CB2010\WINRTL\OBJ\WIN32\OBJX\WRENAME.OBJ ACBP=A9
 0001:000BB9EC 00000008 C=CODE    S=_TEXT    G=(none)   M=C:\DEV\BCB_RTL.CB2010\WINRTL\OBJ\WIN32\OBJX\WRITE.OBJ ACBP=A9
 0001:000BB9F4 0000001A C=CODE    S=_TEXT    G=(none)   M=C:\DEV\BCB_RTL.CB2010\WINRTL\OBJ\WIN32\OBJX\WRMDIR.OBJ ACBP=A9
 0001:000BBA10 00000038 C=CODE    S=_TEXT    G=(none)   M=C:\DEV\BCB_RTL.CB2010\WINRTL\OBJ\WIN32\OBJX\WSOPEN.OBJ ACBP=A9
 0001:000BBA48 00000271 C=CODE    S=_TEXT    G=(none)   M=C:\DEV\BCB_RTL.CB2010\WINRTL\OBJ\WIN32\OBJX\WSPLTPTH.OBJ ACBP=A9
 0001:000BBCBC 00000210 C=CODE    S=_TEXT    G=(none)   M=C:\DEV\BCB_RTL.CB2010\WINRTL\OBJ\WIN32\OBJX\WSTAT.OBJ ACBP=A9
 0001:000BBECC 00000217 C=CODE    S=_TEXT    G=(none)   M=C:\DEV\BCB_RTL.CB2010\WINRTL\OBJ\WIN32\OBJX\WSTATI64.OBJ ACBP=A9
 0001:000BC0E4 00000159 C=CODE    S=_TEXT    G=(none)   M=C:\DEV\BCB_RTL.CB2010\WINRTL\OBJ\WIN32\OBJX\WTEMPNAM.OBJ ACBP=A9
 0001:000BC240 00000016 C=CODE    S=_TEXT    G=(none)   M=C:\DEV\BCB_RTL.CB2010\WINRTL\OBJ\WIN32\OBJX\WTMPNAM.OBJ ACBP=A9
 0001:000BC258 00000076 C=CODE    S=_TEXT    G=(none)   M=C:\DEV\BCB_RTL.CB2010\WINRTL\OBJ\WIN32\OBJX\WTMPNAM_S.OBJ ACBP=A9
 0001:000BC2D0 0000001A C=CODE    S=_TEXT    G=(none)   M=C:\DEV\BCB_RTL.CB2010\WINRTL\OBJ\WIN32\OBJX\WUNLINK.OBJ ACBP=A9
 0001:000BC2EC 0000003C C=CODE    S=_TEXT    G=(none)   M=C:\DEV\BCB_RTL.CB2010\WINRTL\OBJ\WIN32\OBJX\WUTIME.OBJ ACBP=A9
 0001:000BC328 0000002E C=CODE    S=_TEXT    G=(none)   M=C:\DEV\BCB_RTL.CB2010\WINRTL\OBJ\WIN32\OBJX\XFCLOSE.OBJ ACBP=A9
 0001:000BC358 00000027 C=CODE    S=_TEXT    G=(none)   M=C:\DEV\BCB_RTL.CB2010\WINRTL\OBJ\WIN32\OBJX\XFFLUSH.OBJ ACBP=A9
 0001:000BC380 00000006 C=CODE    S=_TEXT    G=(none)   M=C:\DEV\BCB_RTL.CB2010\WINRTL\OBJ\WIN32\OBJX\CCONV.OBJ ACBP=A9
 0001:000BC388 000002CC C=CODE    S=_TEXT    G=(none)   M=C:\DEV\BCB_RTL.CB2010\WINRTL\OBJ\WIN32\OBJX\CONVT.OBJ ACBP=A9
 0001:000BC654 00000051 C=CODE    S=_TEXT    G=(none)   M=C:\DEV\BCB_RTL.CB2010\WINRTL\OBJ\WIN32\OBJX\GETINFO.OBJ ACBP=A9
 0001:000BC6A8 00000334 C=CODE    S=_TEXT    G=(none)   M=C:\DEV\BCB_RTL.CB2010\WINRTL\OBJ\WIN32\OBJX\GETINFO1.OBJ ACBP=A9
 0001:000BC9DC 0000009F C=CODE    S=_TEXT    G=(none)   M=C:\DEV\BCB_RTL.CB2010\WINRTL\OBJ\WIN32\OBJX\GETINFO3.OBJ ACBP=A9
 0001:000BCA7C 00000116 C=CODE    S=_TEXT    G=(none)   M=C:\DEV\BCB_RTL.CB2010\WINRTL\OBJ\WIN32\OBJX\IS.OBJ ACBP=A9
 0001:000BCB94 0000011B C=CODE    S=_TEXT    G=(none)   M=C:\DEV\BCB_RTL.CB2010\WINRTL\OBJ\WIN32\OBJX\WIS.OBJ ACBP=A9
 0001:000BCCB0 00000096 C=CODE    S=_TEXT    G=(none)   M=C:\DEV\BCB_RTL.CB2010\WINRTL\OBJ\WIN32\OBJX\ISCTYPE.OBJ ACBP=A9
 0001:000BCD48 000000B9 C=CODE    S=_TEXT    G=(none)   M=C:\DEV\BCB_RTL.CB2010\WINRTL\OBJ\WIN32\OBJX\ISWCTYPE.OBJ ACBP=A9
 0001:000BCE04 0000118B C=CODE    S=_TEXT    G=(none)   M=C:\DEV\BCB_RTL.CB2010\WINRTL\OBJ\WIN32\OBJX\LOCALE.OBJ ACBP=A9
 0001:000BDF90 00000816 C=CODE    S=_TEXT    G=(none)   M=C:\DEV\BCB_RTL.CB2010\WINRTL\OBJ\WIN32\OBJX\INITCAT.OBJ ACBP=A9
 0001:000BE7A8 00000097 C=CODE    S=_TEXT    G=(none)   M=C:\DEV\BCB_RTL.CB2010\WINRTL\OBJ\WIN32\OBJX\LCONV.OBJ ACBP=A9
 0001:000BE840 0000005A C=CODE    S=_TEXT    G=(none)   M=C:\DEV\BCB_RTL.CB2010\WINRTL\OBJ\WIN32\OBJX\LSTRCOLL.OBJ ACBP=A9
 0001:000BE89C 0000003D C=CODE    S=_TEXT    G=(none)   M=C:\DEV\BCB_RTL.CB2010\WINRTL\OBJ\WIN32\OBJX\LWCSCOLL.OBJ ACBP=A9
 0001:000BE8DC 0000003D C=CODE    S=_TEXT    G=(none)   M=C:\DEV\BCB_RTL.CB2010\WINRTL\OBJ\WIN32\OBJX\LSTRICOL.OBJ ACBP=A9
 0001:000BE91C 0000003D C=CODE    S=_TEXT    G=(none)   M=C:\DEV\BCB_RTL.CB2010\WINRTL\OBJ\WIN32\OBJX\LWCSICOL.OBJ ACBP=A9
 0001:000BE95C 00000082 C=CODE    S=_TEXT    G=(none)   M=C:\DEV\BCB_RTL.CB2010\WINRTL\OBJ\WIN32\OBJX\LSTRNCOL.OBJ ACBP=A9
 0001:000BE9E0 00000082 C=CODE    S=_TEXT    G=(none)   M=C:\DEV\BCB_RTL.CB2010\WINRTL\OBJ\WIN32\OBJX\LWCSNCOL.OBJ ACBP=A9
 0001:000BEA64 00000082 C=CODE    S=_TEXT    G=(none)   M=C:\DEV\BCB_RTL.CB2010\WINRTL\OBJ\WIN32\OBJX\LSTRNICO.OBJ ACBP=A9
 0001:000BEAE8 00000082 C=CODE    S=_TEXT    G=(none)   M=C:\DEV\BCB_RTL.CB2010\WINRTL\OBJ\WIN32\OBJX\LWCSNICO.OBJ ACBP=A9
 0001:000BEB6C 00000024 C=CODE    S=_TEXT    G=(none)   M=C:\DEV\BCB_RTL.CB2010\WINRTL\OBJ\WIN32\OBJX\LSTRLWR.OBJ ACBP=A9
 0001:000BEB90 00000027 C=CODE    S=_TEXT    G=(none)   M=C:\DEV\BCB_RTL.CB2010\WINRTL\OBJ\WIN32\OBJX\LWCSLWR.OBJ ACBP=A9
 0001:000BEBB8 00000024 C=CODE    S=_TEXT    G=(none)   M=C:\DEV\BCB_RTL.CB2010\WINRTL\OBJ\WIN32\OBJX\LSTRUPR.OBJ ACBP=A9
 0001:000BEBDC 00000027 C=CODE    S=_TEXT    G=(none)   M=C:\DEV\BCB_RTL.CB2010\WINRTL\OBJ\WIN32\OBJX\LWCSUPR.OBJ ACBP=A9
 0001:000BEC04 0000004A C=CODE    S=_TEXT    G=(none)   M=C:\DEV\BCB_RTL.CB2010\WINRTL\OBJ\WIN32\OBJX\LSTRXFRM.OBJ ACBP=A9
 0001:000BEC50 0000004A C=CODE    S=_TEXT    G=(none)   M=C:\DEV\BCB_RTL.CB2010\WINRTL\OBJ\WIN32\OBJX\LWCSXFRM.OBJ ACBP=A9
 0001:000BEC9C 000000A1 C=CODE    S=_TEXT    G=(none)   M=C:\DEV\BCB_RTL.CB2010\WINRTL\OBJ\WIN32\OBJX\LTOLOWER.OBJ ACBP=A9
 0001:000BED40 00000063 C=CODE    S=_TEXT    G=(none)   M=C:\DEV\BCB_RTL.CB2010\WINRTL\OBJ\WIN32\OBJX\LTOWLWR.OBJ ACBP=A9
 0001:000BEDA4 000000A1 C=CODE    S=_TEXT    G=(none)   M=C:\DEV\BCB_RTL.CB2010\WINRTL\OBJ\WIN32\OBJX\LTOUPPER.OBJ ACBP=A9
 0001:000BEE48 00000063 C=CODE    S=_TEXT    G=(none)   M=C:\DEV\BCB_RTL.CB2010\WINRTL\OBJ\WIN32\OBJX\LTOWUPR.OBJ ACBP=A9
 0001:000BEEAC 00000681 C=CODE    S=_TEXT    G=(none)   M=C:\DEV\BCB_RTL.CB2010\WINRTL\OBJ\WIN32\OBJX\MBYTE1.OBJ ACBP=A9
 0001:000BF530 00000049 C=CODE    S=_TEXT    G=(none)   M=C:\DEV\BCB_RTL.CB2010\WINRTL\OBJ\WIN32\OBJX\SETLOCAL.OBJ ACBP=A9
 0001:000BF57C 00000037 C=CODE    S=_TEXT    G=(none)   M=C:\DEV\BCB_RTL.CB2010\WINRTL\OBJ\WIN32\OBJX\WSETLOCL.OBJ ACBP=A9
 0001:000BF5B4 00000016 C=CODE    S=_TEXT    G=(none)   M=C:\DEV\BCB_RTL.CB2010\WINRTL\OBJ\WIN32\OBJX\LSETLOCL.OBJ ACBP=A9
 0001:000BF5CC 00000016 C=CODE    S=_TEXT    G=(none)   M=C:\DEV\BCB_RTL.CB2010\WINRTL\OBJ\WIN32\OBJX\LWSETLCL.OBJ ACBP=A9
 0001:000BF5E4 0000002E C=CODE    S=_TEXT    G=(none)   M=C:\DEV\BCB_RTL.CB2010\WINRTL\OBJ\WIN32\OBJX\STRCOLL.OBJ ACBP=A9
 0001:000BF614 00000015 C=CODE    S=_TEXT    G=(none)   M=C:\DEV\BCB_RTL.CB2010\WINRTL\OBJ\WIN32\OBJX\WCSCOLL.OBJ ACBP=A9
 0001:000BF62C 00000015 C=CODE    S=_TEXT    G=(none)   M=C:\DEV\BCB_RTL.CB2010\WINRTL\OBJ\WIN32\OBJX\STRICOLL.OBJ ACBP=A9
 0001:000BF644 00000015 C=CODE    S=_TEXT    G=(none)   M=C:\DEV\BCB_RTL.CB2010\WINRTL\OBJ\WIN32\OBJX\WCSICOLL.OBJ ACBP=A9
 0001:000BF65C 00000019 C=CODE    S=_TEXT    G=(none)   M=C:\DEV\BCB_RTL.CB2010\WINRTL\OBJ\WIN32\OBJX\STRNCOLL.OBJ ACBP=A9
 0001:000BF678 00000019 C=CODE    S=_TEXT    G=(none)   M=C:\DEV\BCB_RTL.CB2010\WINRTL\OBJ\WIN32\OBJX\WCSNCOLL.OBJ ACBP=A9
 0001:000BF694 00000019 C=CODE    S=_TEXT    G=(none)   M=C:\DEV\BCB_RTL.CB2010\WINRTL\OBJ\WIN32\OBJX\STRNICOL.OBJ ACBP=A9
 0001:000BF6B0 00000019 C=CODE    S=_TEXT    G=(none)   M=C:\DEV\BCB_RTL.CB2010\WINRTL\OBJ\WIN32\OBJX\WCSNICOL.OBJ ACBP=A9
 0001:000BF6CC 00000673 C=CODE    S=_TEXT    G=(none)   M=C:\DEV\BCB_RTL.CB2010\WINRTL\OBJ\WIN32\OBJX\STRFTIME.OBJ ACBP=A9
 0001:000BFD40 00000AFC C=CODE    S=_TEXT    G=(none)   M=C:\DEV\BCB_RTL.CB2010\WINRTL\OBJ\WIN32\OBJX\STRPTIME.OBJ ACBP=A9
 0001:000C083C 00000656 C=CODE    S=_TEXT    G=(none)   M=C:\DEV\BCB_RTL.CB2010\WINRTL\OBJ\WIN32\OBJX\WCSFTIME.OBJ ACBP=A9
 0001:000C0E94 00000023 C=CODE    S=_TEXT    G=(none)   M=C:\DEV\BCB_RTL.CB2010\WINRTL\OBJ\WIN32\OBJX\STRLWR.OBJ ACBP=A9
 0001:000C0EB8 00000027 C=CODE    S=_TEXT    G=(none)   M=C:\DEV\BCB_RTL.CB2010\WINRTL\OBJ\WIN32\OBJX\WCSLWR.OBJ ACBP=A9
 0001:000C0EE0 00000023 C=CODE    S=_TEXT    G=(none)   M=C:\DEV\BCB_RTL.CB2010\WINRTL\OBJ\WIN32\OBJX\STRUPR.OBJ ACBP=A9
 0001:000C0F04 00000027 C=CODE    S=_TEXT    G=(none)   M=C:\DEV\BCB_RTL.CB2010\WINRTL\OBJ\WIN32\OBJX\WCSUPR.OBJ ACBP=A9
 0001:000C0F2C 0000003D C=CODE    S=_TEXT    G=(none)   M=C:\DEV\BCB_RTL.CB2010\WINRTL\OBJ\WIN32\OBJX\STRXFRM.OBJ ACBP=A9
 0001:000C0F6C 0000003F C=CODE    S=_TEXT    G=(none)   M=C:\DEV\BCB_RTL.CB2010\WINRTL\OBJ\WIN32\OBJX\WCSXFRM.OBJ ACBP=A9
 0001:000C0FAC 0000002B C=CODE    S=_TEXT    G=(none)   M=C:\DEV\BCB_RTL.CB2010\WINRTL\OBJ\WIN32\OBJX\TOLOWER.OBJ ACBP=A9
 0001:000C0FD8 00000020 C=CODE    S=_TEXT    G=(none)   M=C:\DEV\BCB_RTL.CB2010\WINRTL\OBJ\WIN32\OBJX\TOWLOWER.OBJ ACBP=A9
 0001:000C0FF8 0000002B C=CODE    S=_TEXT    G=(none)   M=C:\DEV\BCB_RTL.CB2010\WINRTL\OBJ\WIN32\OBJX\TOUPPER.OBJ ACBP=A9
 0001:000C1024 00000024 C=CODE    S=_TEXT    G=(none)   M=C:\DEV\BCB_RTL.CB2010\WINRTL\OBJ\WIN32\OBJX\TOWUPPER.OBJ ACBP=A9
 0001:000C1048 00000200 C=CODE    S=_TEXT    G=(none)   M=C:\DEV\BCB_RTL.CB2010\WINRTL\OBJ\WIN32\OBJX\_LL.OBJ ACBP=A9
 0001:000C1248 00000164 C=CODE    S=_TEXT    G=(none)   M=C:\DEV\BCB_RTL.CB2010\WINRTL\OBJ\WIN32\OBJX\FDIV32.OBJ ACBP=A9
 0001:000C13AC 00000018 C=CODE    S=_TEXT    G=(none)   M=C:\DEV\BCB_RTL.CB2010\WINRTL\OBJ\WIN32\OBJX\_CHGSGN.OBJ ACBP=A9
 0001:000C13C4 00000030 C=CODE    S=_TEXT    G=(none)   M=C:\DEV\BCB_RTL.CB2010\WINRTL\OBJ\WIN32\OBJX\_CPYSGN.OBJ ACBP=A9
 0001:000C13F4 00000010 C=CODE    S=_TEXT    G=(none)   M=C:\DEV\BCB_RTL.CB2010\WINRTL\OBJ\WIN32\OBJX\_EFCVT.OBJ ACBP=A9
 0001:000C1404 0000001D C=CODE    S=_TEXT    G=(none)   M=C:\DEV\BCB_RTL.CB2010\WINRTL\OBJ\WIN32\OBJX\_FINITE.OBJ ACBP=A9
 0001:000C1424 0000001E C=CODE    S=_TEXT    G=(none)   M=C:\DEV\BCB_RTL.CB2010\WINRTL\OBJ\WIN32\OBJX\_FINITEL.OBJ ACBP=A9
 0001:000C1444 00000154 C=CODE    S=_TEXT    G=(none)   M=C:\DEV\BCB_RTL.CB2010\WINRTL\OBJ\WIN32\OBJX\_FPCLS.OBJ ACBP=A9
 0001:000C1598 0000002B C=CODE    S=_TEXT    G=(none)   M=C:\DEV\BCB_RTL.CB2010\WINRTL\OBJ\WIN32\OBJX\_FTOUL.OBJ ACBP=A9
 0001:000C15C4 00000008 C=CODE    S=_TEXT    G=(none)   M=C:\DEV\BCB_RTL.CB2010\WINRTL\OBJ\WIN32\OBJX\_GCVT.OBJ ACBP=A9
 0001:000C15CC 00000045 C=CODE    S=_TEXT    G=(none)   M=C:\DEV\BCB_RTL.CB2010\WINRTL\OBJ\WIN32\OBJX\_ISNAN.OBJ ACBP=A9
 0001:000C1614 00000049 C=CODE    S=_TEXT    G=(none)   M=C:\DEV\BCB_RTL.CB2010\WINRTL\OBJ\WIN32\OBJX\_ISNANL.OBJ ACBP=A9
 0001:000C1660 0000001F C=CODE    S=_TEXT    G=(none)   M=C:\DEV\BCB_RTL.CB2010\WINRTL\OBJ\WIN32\OBJX\_LOGB.OBJ ACBP=A9
 0001:000C1680 00000008 C=CODE    S=_TEXT    G=(none)   M=C:\DEV\BCB_RTL.CB2010\WINRTL\OBJ\WIN32\OBJX\_LTOA1.OBJ ACBP=A9
 0001:000C1688 000000BC C=CODE    S=_TEXT    G=(none)   M=C:\DEV\BCB_RTL.CB2010\WINRTL\OBJ\WIN32\OBJX\_MATHERL.OBJ ACBP=A9
 0001:000C1744 000000B0 C=CODE    S=_TEXT    G=(none)   M=C:\DEV\BCB_RTL.CB2010\WINRTL\OBJ\WIN32\OBJX\_MATHERR.OBJ ACBP=A9
 0001:000C17F4 0000013E C=CODE    S=_TEXT    G=(none)   M=C:\DEV\BCB_RTL.CB2010\WINRTL\OBJ\WIN32\OBJX\_NAFTR.OBJ ACBP=A9
 0001:000C1934 000001A3 C=CODE    S=_TEXT    G=(none)   M=C:\DEV\BCB_RTL.CB2010\WINRTL\OBJ\WIN32\OBJX\_NAFTRL.OBJ ACBP=A9
 0001:000C1AD8 00000188 C=CODE    S=_TEXT    G=(none)   M=C:\DEV\BCB_RTL.CB2010\WINRTL\OBJ\WIN32\OBJX\_POW10.OBJ ACBP=A9
 0001:000C1C60 0000006C C=CODE    S=_TEXT    G=(none)   M=C:\DEV\BCB_RTL.CB2010\WINRTL\OBJ\WIN32\OBJX\_SCALB.OBJ ACBP=A9
 0001:000C1CCC 00000076 C=CODE    S=_TEXT    G=(none)   M=C:\DEV\BCB_RTL.CB2010\WINRTL\OBJ\WIN32\OBJX\_SCALBL.OBJ ACBP=A9
 0001:000C1D44 00000016 C=CODE    S=_TEXT    G=(none)   M=C:\DEV\BCB_RTL.CB2010\WINRTL\OBJ\WIN32\OBJX\ABS.OBJ ACBP=A9
 0001:000C1D5C 0000011C C=CODE    S=_TEXT    G=(none)   M=C:\DEV\BCB_RTL.CB2010\WINRTL\OBJ\WIN32\OBJX\ACOSASIN.OBJ ACBP=A9
 0001:000C1E78 00000130 C=CODE    S=_TEXT    G=(none)   M=C:\DEV\BCB_RTL.CB2010\WINRTL\OBJ\WIN32\OBJX\ACOSSINL.OBJ ACBP=A9
 0001:000C1FA8 0000000F C=CODE    S=_TEXT    G=(none)   M=C:\DEV\BCB_RTL.CB2010\WINRTL\OBJ\WIN32\OBJX\ATAN.OBJ ACBP=A9
 0001:000C1FB8 000000B3 C=CODE    S=_TEXT    G=(none)   M=C:\DEV\BCB_RTL.CB2010\WINRTL\OBJ\WIN32\OBJX\ATAN2.OBJ ACBP=A9
 0001:000C206C 000000B8 C=CODE    S=_TEXT    G=(none)   M=C:\DEV\BCB_RTL.CB2010\WINRTL\OBJ\WIN32\OBJX\ATAN2L.OBJ ACBP=A9
 0001:000C2124 0000000F C=CODE    S=_TEXT    G=(none)   M=C:\DEV\BCB_RTL.CB2010\WINRTL\OBJ\WIN32\OBJX\ATANL.OBJ ACBP=A9
 0001:000C2134 00000013 C=CODE    S=_TEXT    G=(none)   M=C:\DEV\BCB_RTL.CB2010\WINRTL\OBJ\WIN32\OBJX\ATOF.OBJ ACBP=A9
 0001:000C2148 000000A1 C=CODE    S=_TEXT    G=(none)   M=C:\DEV\BCB_RTL.CB2010\WINRTL\OBJ\WIN32\OBJX\ATOI64.OBJ ACBP=A9
 0001:000C21EC 00000077 C=CODE    S=_TEXT    G=(none)   M=C:\DEV\BCB_RTL.CB2010\WINRTL\OBJ\WIN32\OBJX\ATOL.OBJ ACBP=A9
 0001:000C2264 00000013 C=CODE    S=_TEXT    G=(none)   M=C:\DEV\BCB_RTL.CB2010\WINRTL\OBJ\WIN32\OBJX\ATOLD.OBJ ACBP=A9
 0001:000C2278 000001D0 C=CODE    S=_TEXT    G=(none)   M=C:\DEV\BCB_RTL.CB2010\WINRTL\OBJ\WIN32\OBJX\BCD1.OBJ ACBP=A9
 0001:000C2448 0000156A C=CODE    S=_TEXT    G=(none)   M=C:\DEV\BCB_RTL.CB2010\WINRTL\OBJ\WIN32\OBJX\BCD2.OBJ ACBP=A9
 0001:000C3998 0000001C C=CODE    S=_TEXT    G=(none)   M=C:\DEV\BCB_RTL.CB2010\WINRTL\OBJ\WIN32\OBJX\CEIL.OBJ ACBP=A9
 0001:000C39B4 0000001D C=CODE    S=_TEXT    G=(none)   M=C:\DEV\BCB_RTL.CB2010\WINRTL\OBJ\WIN32\OBJX\CEILL.OBJ ACBP=A9
 0001:000C39D4 00000013 C=CODE    S=_TEXT    G=(none)   M=C:\DEV\BCB_RTL.CB2010\WINRTL\OBJ\WIN32\OBJX\CLEAR87.OBJ ACBP=A9
 0001:000C39E8 0000003F C=CODE    S=_TEXT    G=(none)   M=C:\DEV\BCB_RTL.CB2010\WINRTL\OBJ\WIN32\OBJX\COS.OBJ ACBP=A9
 0001:000C3A28 0000006A C=CODE    S=_TEXT    G=(none)   M=C:\DEV\BCB_RTL.CB2010\WINRTL\OBJ\WIN32\OBJX\COSH.OBJ ACBP=A9
 0001:000C3A94 0000008D C=CODE    S=_TEXT    G=(none)   M=C:\DEV\BCB_RTL.CB2010\WINRTL\OBJ\WIN32\OBJX\COSHL.OBJ ACBP=A9
 0001:000C3B24 0000003F C=CODE    S=_TEXT    G=(none)   M=C:\DEV\BCB_RTL.CB2010\WINRTL\OBJ\WIN32\OBJX\COSL.OBJ ACBP=A9
 0001:000C3B64 0000000C C=CODE    S=_TEXT    G=(none)   M=C:\DEV\BCB_RTL.CB2010\WINRTL\OBJ\WIN32\OBJX\CROTL.OBJ ACBP=A9
 0001:000C3B70 0000000C C=CODE    S=_TEXT    G=(none)   M=C:\DEV\BCB_RTL.CB2010\WINRTL\OBJ\WIN32\OBJX\CROTR.OBJ ACBP=A9
 0001:000C3B7C 0000002F C=CODE    S=_TEXT    G=(none)   M=C:\DEV\BCB_RTL.CB2010\WINRTL\OBJ\WIN32\OBJX\CTRL87.OBJ ACBP=A9
 0001:000C3BAC 00000018 C=CODE    S=_TEXT    G=(none)   M=C:\DEV\BCB_RTL.CB2010\WINRTL\OBJ\WIN32\OBJX\CVTENTRY.OBJ ACBP=A9
 0001:000C3BC4 00000018 C=CODE    S=_TEXT    G=(none)   M=C:\DEV\BCB_RTL.CB2010\WINRTL\OBJ\WIN32\OBJX\CVTENTYW.OBJ ACBP=A9
 0001:000C3BDC 00000018 C=CODE    S=_TEXT    G=(none)   M=C:\DEV\BCB_RTL.CB2010\WINRTL\OBJ\WIN32\OBJX\CVTFAK.OBJ ACBP=A9
 0001:000C3BF4 00000018 C=CODE    S=_TEXT    G=(none)   M=C:\DEV\BCB_RTL.CB2010\WINRTL\OBJ\WIN32\OBJX\CVTFAKW.OBJ ACBP=A9
 0001:000C3C0C 00000016 C=CODE    S=_TEXT    G=(none)   M=C:\DEV\BCB_RTL.CB2010\WINRTL\OBJ\WIN32\OBJX\DIV.OBJ ACBP=A9
 0001:000C3C24 0000006E C=CODE    S=_TEXT    G=(none)   M=C:\DEV\BCB_RTL.CB2010\WINRTL\OBJ\WIN32\OBJX\EFCVT.OBJ ACBP=A9
 0001:000C3C94 0000006C C=CODE    S=_TEXT    G=(none)   M=C:\DEV\BCB_RTL.CB2010\WINRTL\OBJ\WIN32\OBJX\EXP.OBJ ACBP=A9
 0001:000C3D00 0000006E C=CODE    S=_TEXT    G=(none)   M=C:\DEV\BCB_RTL.CB2010\WINRTL\OBJ\WIN32\OBJX\EXPL.OBJ ACBP=A9
 0001:000C3D70 0000007D C=CODE    S=_TEXT    G=(none)   M=C:\DEV\BCB_RTL.CB2010\WINRTL\OBJ\WIN32\OBJX\EXPLD.OBJ ACBP=A9
 0001:000C3DF0 0000005F C=CODE    S=_TEXT    G=(none)   M=C:\DEV\BCB_RTL.CB2010\WINRTL\OBJ\WIN32\OBJX\F87ATAN.OBJ ACBP=A9
 0001:000C3E50 000000D2 C=CODE    S=_TEXT    G=(none)   M=C:\DEV\BCB_RTL.CB2010\WINRTL\OBJ\WIN32\OBJX\F87EXP.OBJ ACBP=A9
 0001:000C3F24 00000048 C=CODE    S=_TEXT    G=(none)   M=C:\DEV\BCB_RTL.CB2010\WINRTL\OBJ\WIN32\OBJX\F87LOG.OBJ ACBP=A9
 0001:000C3F6C 0000000D C=CODE    S=_TEXT    G=(none)   M=C:\DEV\BCB_RTL.CB2010\WINRTL\OBJ\WIN32\OBJX\FABS.OBJ ACBP=A9
 0001:000C3F7C 0000000A C=CODE    S=_TEXT    G=(none)   M=C:\DEV\BCB_RTL.CB2010\WINRTL\OBJ\WIN32\OBJX\FABSL.OBJ ACBP=A9
 0001:000C3F88 00000007 C=CODE    S=_TEXT    G=(none)   M=C:\DEV\BCB_RTL.CB2010\WINRTL\OBJ\WIN32\OBJX\FILDQ.OBJ ACBP=A9
 0001:000C3F90 0000000D C=CODE    S=_TEXT    G=(none)   M=C:\DEV\BCB_RTL.CB2010\WINRTL\OBJ\WIN32\OBJX\FISTQ.OBJ ACBP=A9
 0001:000C3FA0 0000001C C=CODE    S=_TEXT    G=(none)   M=C:\DEV\BCB_RTL.CB2010\WINRTL\OBJ\WIN32\OBJX\FLOOR.OBJ ACBP=A9
 0001:000C3FBC 0000001D C=CODE    S=_TEXT    G=(none)   M=C:\DEV\BCB_RTL.CB2010\WINRTL\OBJ\WIN32\OBJX\FLOORL.OBJ ACBP=A9
 0001:000C3FDC 0000004D C=CODE    S=_TEXT    G=(none)   M=C:\DEV\BCB_RTL.CB2010\WINRTL\OBJ\WIN32\OBJX\FMOD.OBJ ACBP=A9
 0001:000C402C 0000004D C=CODE    S=_TEXT    G=(none)   M=C:\DEV\BCB_RTL.CB2010\WINRTL\OBJ\WIN32\OBJX\FMODL.OBJ ACBP=A9
 0001:000C407C 00000016 C=CODE    S=_TEXT    G=(none)   M=C:\DEV\BCB_RTL.CB2010\WINRTL\OBJ\WIN32\OBJX\FPRESET.OBJ ACBP=A9
 0001:000C4094 00000035 C=CODE    S=_TEXT    G=(none)   M=C:\DEV\BCB_RTL.CB2010\WINRTL\OBJ\WIN32\OBJX\FREXP.OBJ ACBP=A9
 0001:000C40CC 00000035 C=CODE    S=_TEXT    G=(none)   M=C:\DEV\BCB_RTL.CB2010\WINRTL\OBJ\WIN32\OBJX\FREXPL.OBJ ACBP=A9
 0001:000C4104 00000030 C=CODE    S=_TEXT    G=(none)   M=C:\DEV\BCB_RTL.CB2010\WINRTL\OBJ\WIN32\OBJX\FTOL.OBJ ACBP=A9
 0001:000C4134 0000002D C=CODE    S=_TEXT    G=(none)   M=C:\DEV\BCB_RTL.CB2010\WINRTL\OBJ\WIN32\OBJX\FUILDQ.OBJ ACBP=A9
 0001:000C4164 00000021 C=CODE    S=_TEXT    G=(none)   M=C:\DEV\BCB_RTL.CB2010\WINRTL\OBJ\WIN32\OBJX\FUISTQ.OBJ ACBP=A9
 0001:000C4188 00000011 C=CODE    S=_TEXT    G=(none)   M=C:\DEV\BCB_RTL.CB2010\WINRTL\OBJ\WIN32\OBJX\FXAM.OBJ ACBP=A9
 0001:000C419C 00000023 C=CODE    S=_TEXT    G=(none)   M=C:\DEV\BCB_RTL.CB2010\WINRTL\OBJ\WIN32\OBJX\GCVT.OBJ ACBP=A9
 0001:000C41C0 0000006D C=CODE    S=_TEXT    G=(none)   M=C:\DEV\BCB_RTL.CB2010\WINRTL\OBJ\WIN32\OBJX\HYPOT.OBJ ACBP=A9
 0001:000C4230 0000005E C=CODE    S=_TEXT    G=(none)   M=C:\DEV\BCB_RTL.CB2010\WINRTL\OBJ\WIN32\OBJX\HYPOTL.OBJ ACBP=A9
 0001:000C4290 00000047 C=CODE    S=_TEXT    G=(none)   M=C:\DEV\BCB_RTL.CB2010\WINRTL\OBJ\WIN32\OBJX\I64TOA.OBJ ACBP=A9
 0001:000C42D8 00000047 C=CODE    S=_TEXT    G=(none)   M=C:\DEV\BCB_RTL.CB2010\WINRTL\OBJ\WIN32\OBJX\I64TOW.OBJ ACBP=A9
 0001:000C4320 000000B1 C=CODE    S=_TEXT    G=(none)   M=C:\DEV\BCB_RTL.CB2010\WINRTL\OBJ\WIN32\OBJX\INT64TOA.OBJ ACBP=A9
 0001:000C43D4 000000D7 C=CODE    S=_TEXT    G=(none)   M=C:\DEV\BCB_RTL.CB2010\WINRTL\OBJ\WIN32\OBJX\INT64TOW.OBJ ACBP=A9
 0001:000C44AC 00000016 C=CODE    S=_TEXT    G=(none)   M=C:\DEV\BCB_RTL.CB2010\WINRTL\OBJ\WIN32\OBJX\LABS.OBJ ACBP=A9
 0001:000C44C4 00000076 C=CODE    S=_TEXT    G=(none)   M=C:\DEV\BCB_RTL.CB2010\WINRTL\OBJ\WIN32\OBJX\LDEXP.OBJ ACBP=A9
 0001:000C453C 00000067 C=CODE    S=_TEXT    G=(none)   M=C:\DEV\BCB_RTL.CB2010\WINRTL\OBJ\WIN32\OBJX\LDEXPL.OBJ ACBP=A9
 0001:000C45A4 0000011B C=CODE    S=_TEXT    G=(none)   M=C:\DEV\BCB_RTL.CB2010\WINRTL\OBJ\WIN32\OBJX\LDTRUNC.OBJ ACBP=A9
 0001:000C46C0 0000002A C=CODE    S=_TEXT    G=(none)   M=C:\DEV\BCB_RTL.CB2010\WINRTL\OBJ\WIN32\OBJX\LLABS.OBJ ACBP=A9
[...]
 0002:00011064  @_$ECTCJB$@std@%money_put$c48std@%ostreambuf_iterator$c19std@%char_traits$c%%%@_Putmfld$xq48std@%ostreambuf_iterator$c19std@%char_traits$c%%or12std@ios_baseco60std@%basic_string$c19std@%char_traits$c%17std@%allocator$c%%
 0002:000113D0  @_$DCDJB$@std@%money_get$c48std@%istreambuf_iterator$c19std@%char_traits$c%%%@_Getmfld$xqr48std@%istreambuf_iterator$c19std@%char_traits$c%%t1or12std@ios_base
 0002:0001168C  @_$ECTEJB$@std@%money_get$c48std@%istreambuf_iterator$c19std@%char_traits$c%%%@_Getmfld$xqr48std@%istreambuf_iterator$c19std@%char_traits$c%%t1or12std@ios_base
 0002:00011BF0  @D44_1
 0002:00011DF0  @D46_1
 0002:00011E54  @D49_1
 0002:00011EDC  @D52_1
 0002:00011F0C  @D55_1
 0002:00011F58  @D58_1
 0002:00011FA0  @D59_1
 0002:00011FD4  @D62_1
 0002:00011FFC  @D66_1
 0002:00012018  @D71_1
 0002:00012034  @D73_1
 0002:0001206C  @D74_1
 0002:000121C0  @D75_1
 0002:000121D8  @D76_1
 0002:000121E8  @D77_0
 0002:000121E8  __FDenorm
 0002:000121F8  __FEps
 0002:00012208  __FInf
 0002:00012218  __FNan
 0002:00012228  __FSnan
 0002:00012238  __FRteps
 0002:00012248  __FXbig
 0002:0001224C  __FZero
 0002:00012250  @D79_1
 0002:00012280  @D83_1
 0002:00012308  @D86_1
 0002:00012378  @D88_1
 0002:00012410  @D89_1
 0002:0001245C  __LDenorm
 0002:0001245C  @D90_0
 0002:0001246C  __LEps
 0002:0001247C  __LInf
 0002:0001248C  __LNan
 0002:0001249C  __LSnan
 0002:000124AC  __LRteps
 0002:000124BC  __LXbig
 0002:000124C8  __LZero
 0002:000124D4  @D92_1
 0002:00012534  @D93_1
 0002:00012564  @D95_1
 0002:00012B8C  @D96_1
 0002:000171CC  @D106_1
 0002:00017218  @D107_1
 0002:00017264  @D108_1
 0002:00017294  __Denorm
 0002:00017294  @D110_0
 0002:000172A4  __Eps
 0002:000172B4  __Hugeval
 0002:000172C4  __Inf
 0002:000172D4  __Nan
 0002:000172E4  __Snan
 0002:000172F4  __Rteps
 0002:00017304  __Xbig
 0002:0001730C  __Zero
 0002:00017314  @_$DCNQC$@std@tr1@_Xinvalid$qpxc
 0002:00017340  @_$ECTOQC$@std@tr1@_Xinvalid$qpxc
 0002:0001740C  @_$TLPQC$@std@invalid_argument@$bdtr$qv
 0002:00017410  @_$DCQQC$@std@invalid_argument@$bdtr$qv
 0002:00017420  @_$ECTRQC$@std@invalid_argument@$bdtr$qv
 0002:00017438  @_$ECTSQC$@std@invalid_argument@$bctr$qrx20std@invalid_argument
 0002:00017480  @std@invalid_argument@3
 0002:00017494  @D113_1
 0002:0001754C  @_$ECTNQC$@std@tr1@_XLgamma$qf
 0002:00017564  @_$ECTOQC$@std@tr1@_XLgamma$qd
 0002:0001757C  @_$ECTPQC$@std@tr1@_XLgamma$qg
 0002:00017594  @D119_1
 0002:00017684  @D120_1
 0002:000176A4  @D121_1
 0002:000176C4  @D130_1
 0002:000178A0  @D136_1
 0002:000178A4  __heap_redirector
 0002:000178C4  __FastMM_IsMultiThread
 0002:000178C4  @D138_1
 0002:000178C5  __FastMM_ReportMemoryLeaksOnShutdown
 0002:000178C6  __FastMM_NeverSleepOnMMThreadContention
 0002:000178F8  __FastMM_MemoryManager
 0002:00017910  __FastMM_SmallBlockTypes
 0002:00017FF0  __FastMM_MediumBlocksLocked
 0002:00018078  @D161_1
 0002:0001807C  __video
 0002:0001807C  @D163_1
 0002:0001808C  __directvideo
 0002:00018090  __ModeTable
 0002:000180D8  @D167_1
 0002:000180D8  __cextend
 0002:00018460  @D173_1
 0002:00018460  __cFlag
 0002:00018461  __cChar
 0002:00018464  __wscroll
 0002:00018464  @D184_0
 0002:00018468  @D188_1
 0002:00018474  @D190_1
 0002:00018480  @D193_1
 0002:0001848C  @D194_1
 0002:00018498  @D204_1
 0002:000184A4  @D208_1
 0002:000184B0  @D212_1
 0002:000184BC  @D224_1
 0002:000184D0  @D225_1
 0002:000184DC  @D228_1
 0002:000184E8  @D238_1
 0002:00018504  @D243_1
 0002:00018510  @D245_1
 0002:0001851C  @D252_1
 0002:00018528  @D261_1
 0002:00018544  @D263_1
 0002:00018550  @D267_1
 0002:00018568  @D268_1
 0002:00018574  ___debuggerDisableTerminateCallback
 0002:00018574  @D269_1
 0002:00018EA8  @_$DCBF$@___ExceptionHandler$qp17_EXCEPTION_RECORDp5ERRbcp8_CONTEXTpvulululululul
 0002:00018EB8  @_$ECTCF$@___ExceptionHandler$qp17_EXCEPTION_RECORDp5ERRbcp8_CONTEXTpvulululululul
 0002:00018EDC  @_$TLGF$@std@bad_exception@$bctr$qv
 0002:00018EE0  @_$DCHF$@std@bad_exception@$bctr$qv
 0002:00018EF0  @_$ECTIF$@std@bad_exception@$bctr$qv
 0002:00018F08  @_$TLJF$@std@bad_exception@$bdtr$qv
 0002:00018F0C  @_$DCKF$@std@bad_exception@$bdtr$qv
 0002:00018F1C  @_$ECTLF$@std@bad_exception@$bdtr$qv
 0002:00018F34  @_$ECTMF$@std@bad_exception@$bctr$qrx17std@bad_exception
 0002:00018F40  @std@bad_exception@3
 0002:00018F54  ___xxPersonality
 0002:00018F54  @D271_0
 0002:00018F58  @D272_1
 0002:0001927C  @_$ECTXE$@__GetTypeInfo$qpvt1t1
 0002:00019288  @_$ECTZE$@__DynamicCast$qpvt1t1t1i
 0002:00019294  @_$ECTAF$@__DynamicCastVCLref$qqrpvt1
 0002:000192A0  @_$TLFF$@std@bad_typeid@$bdtr$qv
 0002:000192A4  @_$ECTGF$@std@bad_typeid@$bdtr$qv
 0002:000192B0  @type_info_hash@3
 0002:000192C0  @std@bad_typeid@3
 0002:000192D4  @std@type_info@3
 0002:000192E4  ___terminatePTR
 0002:000192E4  @D273_1
 0002:000192E8  ___unexpectdPTR
 0002:000192EC  ___CPPexceptionList
 0002:000192EC  @D274_1
 0002:000192F0  ___exceptFlags
 0002:000192F4  ___throwFileName
 0002:000192F8  ___throwLineNumber
 0002:000192FC  ___throwExceptionName
 0002:00019300  ___exceptStaticBuffP
 0002:00019304  ___exceptMemAllocVars
 0002:00019308  ___ExceptStaticXbuff
 0002:00019388  __ExceptVarsSize
 0002:0001939C  @_$CHWE$@__call_terminate$qv
 0002:000193BC  @_$ECTXE$@__call_terminate$qv
 0002:000193D4  @D277_1
 0002:000193D4  __stkchk
 0002:000193E8  @_$DCNDB$@xmsg@$bctr$qrx60std@%basic_string$c19std@%char_traits$c%17std@%allocator$c%%
 0002:00019408  @_$ECTODB$@xmsg@$bctr$qrx60std@%basic_string$c19std@%char_traits$c%17std@%allocator$c%%
 0002:00019480  @_$DCPDB$@xmsg@$bctr$qrx4xmsg
 0002:000194A0  @_$ECTQDB$@xmsg@$bctr$qrx4xmsg
 0002:00019518  @_$TLRDB$@xmsg@$bdtr$qv
 0002:0001951C  @_$DCSDB$@xmsg@$bdtr$qv
 0002:0001952C  @_$ECTTDB$@xmsg@$bdtr$qv
 0002:00019550  @_$DCUDB$@xmsg@$basg$qrx4xmsg
 0002:00019560  @_$ECTVDB$@xmsg@$basg$qrx4xmsg
 0002:000195D8  @_$TLWDB$@xmsg@what$xqv
 0002:000195DC  @_$ECTXDB$@xmsg@what$xqv
 0002:000195E8  @_$TLYDB$@xmsg@raise$qv
 0002:000195F0  @_$DCZDB$@xmsg@raise$qv
 0002:00019600  @_$ECTAEB$@xmsg@raise$qv
 0002:00019618  @xmsg@3
 0002:0001962C  @D284_1
 0002:00019638  @D294_1
 0002:00019638  __cfinfo_get
 0002:0001963C  @D314_1
 0002:00019650  @D322_1
 0002:00019650  __notUmask
 0002:00019654  @D331_1
 0002:0001967C  @D335_0
 0002:0001967C  __fileinfo
 0002:00019680  @D346_1
 0002:0001968C  __streams
 0002:0001968C  @D371_0
 0002:00019B3C  __nfile
 0002:00019B3C  @D372_0
 0002:00019B40  __openfd
 0002:00019C08  @D373_1
 0002:00019C0C  __fmode
 0002:00019C0C  @D377_0
 0002:00019C10  @D378_1
 0002:00019C10  __fmodeptr
 0002:00019C14  @D382_1
 0002:00019C1C  @D385_1
 0002:00019C30  @D386_1
 0002:00019C48  @D395_1
 0002:00019C54  @D398_1
 0002:00019C60  @D399_1
 0002:00019C6C  @D417_1
 0002:00019C74  __dosErrorToSV
 0002:00019C74  @D421_1
 0002:00019DA0  @D433_1
 0002:00019DAC  @D434_1
 0002:00019DB4  @D437_1
 0002:00019DB4  __sys_errlist
 0002:00019E7C  __sys_nerr
 0002:0001A248  @D439_1
 0002:0001A25C  @D441_1
 0002:0001A270  @D453_1
 0002:0001A278  @D454_1
 0002:0001A284  @D455_1
 0002:0001A308  @D456_1
 0002:0001A388  @D457_1
 0002:0001A40C  @D458_1
 0002:0001A48C  @D469_1
 0002:0001A4A4  @D470_1
 0002:0001A4C0  @D474_1
 0002:0001A4D8  @D476_1
 0002:0001A4F0  @D479_1
 0002:0001A504  @D480_1
 0002:0001A51C  @D481_1
 0002:0001A534  @D482_1
 0002:0001A54C  @D487_1
 0002:0001A554  @D488_1
 0002:0001A558  @D489_1
 0002:0001A564  @D491_1
 0002:0001A570  @D496_1
 0002:0001A57C  @D499_1
 0002:0001A594  @D500_1
 0002:0001A5AC  @D503_1
 0002:0001A5B8  @D504_1
 0002:0001A5C4  @D505_1
 0002:0001A63C  @D508_1
 0002:0001A650  @D509_1
 0002:0001A668  @D510_1
 0002:0001A6E0  @D513_1
 0002:0001A6EC  @D514_1
 0002:0001A6F8  @D518_1
 0002:0001A70C  @D522_1
 0002:0001A710  @D525_1
 0002:0001A71C  @D527_1
 0002:0001A728  @D535_1
 0002:0001A73C  @D536_1
 0002:0001A74C  @D538_1
 0002:0001A760  @D544_1
 0002:0001A790  @D545_1
 0002:0001A7C0  @D546_1
 0002:0001A7D0  @D548_1
 0002:0001A7DC  @D553_0
 0002:0001A7DC  __chartype
 0002:0001A9E0  @D554_1
 0002:0001A9E0  __localeconvention
 0002:0001AA1C  @D555_1
 0002:0001AA6C  __lower
 0002:0001AA6C  @D556_0
 0002:0001AB6C  __upper
 0002:0001AB6C  @D558_0
 0002:0001AC6C  @D562_1
 0002:0001AC74  ___mb_cur_max
 0002:0001AC74  @D567_1
 0002:0001AC78  ___localeLock
 0002:0001AD8C  _CMonetary
 0002:0001AD8C  @D568_0
 0002:0001ADC0  _CNumeric
 0002:0001ADD8  _CTimeDate
 0002:0001AE9C  _CLOCALE
 0002:0001AEC8  ___locale
 0002:0001AFEC  @D569_1
 0002:0001B078  @D590_1
 0002:0001B07C  @D591_1
 0002:0001B084  @D602_1
 0002:0001B0B0  @D603_1
 0002:0001B0B0  ___month_days
 0002:0001B140  @D604_1
 0002:0001B164  @D616_1
 0002:0001B180  __fdivflag
 0002:0001B19C  @D618_0
 0002:0001B19C  __8087
 0002:0001B1A0  @D631_1
 0002:0001B1B0  @D632_1
 0002:0001B1C0  @D635_1
 0002:0001B280  @D639_1
 0002:0001B29C  @D640_1
 0002:0001B2BC  @D642_1
 0002:0001B2D4  @D643_1
 0002:0001B2F0  @D649_1
 0002:0001B304  @_$CHBBB$@std@%basic_ostream$c19std@%char_traits$c%%@$blsh$qg
 0002:0001B324  @_$DCCBB$@std@%basic_ostream$c19std@%char_traits$c%%@$blsh$qg
 0002:0001B3DC  @_$ECTDBB$@std@%basic_ostream$c19std@%char_traits$c%%@$blsh$qg
 0002:0001B508  @_$CHEBB$@std@%basic_istream$c19std@%char_traits$c%%@$brsh$qrg
 0002:0001B528  @_$DCFBB$@std@%basic_istream$c19std@%char_traits$c%%@$brsh$qrg
 0002:0001B5E0  @_$ECTGBB$@std@%basic_istream$c19std@%char_traits$c%%@$brsh$qrg
 0002:0001B700  @_$TLZBB$@std@%ostreambuf_iterator$c19std@%char_traits$c%%@$bctr$qp44std@%basic_streambuf$c19std@%char_traits$c%%
 0002:0001B704  @_$ECTACB$@std@%ostreambuf_iterator$c19std@%char_traits$c%%@$bctr$qp44std@%basic_streambuf$c19std@%char_traits$c%%
 0002:0001B710  @_$TLBCB$@std@%ostreambuf_iterator$c19std@%char_traits$c%%@failed$xqv
 0002:0001B714  @_$ECTCCB$@std@%ostreambuf_iterator$c19std@%char_traits$c%%@failed$xqv
 0002:0001B720  @_$TLICB$@std@%istreambuf_iterator$c19std@%char_traits$c%%@$bctr$qp44std@%basic_streambuf$c19std@%char_traits$c%%
 0002:0001B724  @_$ECTJCB$@std@%istreambuf_iterator$c19std@%char_traits$c%%@$bctr$qp44std@%basic_streambuf$c19std@%char_traits$c%%
 0002:0001B730  @D654_1
 0002:0001B73C  @D655_1
 0002:0001B744  @D656_1
 0002:0001B754  @D657_1
 0002:0001B764  @D663_1
 0002:0001B764  __realcvtptr
 0002:0001B768  __nextrealptr
 0002:0001B76C  __scantodptr
 0002:0001B770  __scanrsltptr
 0002:0001B7CC  __realcvtwptr
 0002:0001B7CC  @D664_1
 0002:0001B7D0  __nextrealwptr
 0002:0001B7D4  __scanwtodptr
 0002:0001B7D8  __scanwrsltptr
 0002:0001B834  __default87
 0002:0001B834  @D665_0
 0002:0001B838  @D668_1
 0002:0001B844  @D669_1
 0002:0001B854  @D670_1
 0002:0001B874  @D671_1
 0002:0001B888  @D672_1
 0002:0001B89C  @D673_1
 0002:0001B8B4  __huge_flt
 0002:0001B8B4  @D692_0
 0002:0001B8B8  __huge_dble
 0002:0001B8C0  __huge_ldble
 0002:0001B8CA  __max_flt
 0002:0001B8CE  __max_dble
 0002:0001B8D6  __max_ldble
 0002:0001B8E0  __indefinite
 0002:0001B8E4  __tiny_ldble
 0002:0001B8F0  ___ieee_64_p_inf
 0002:0001B8F8  ___ieee_64_n_inf
 0002:0001B900  ___ieee_64_p_nanq
 0002:0001B908  ___ieee_64_n_nanq
 0002:0001B910  ___ieee_64_p_nans
 0002:0001B918  ___ieee_64_n_nans
 0002:0001B920  ___ieee_64_p_zero
 0002:0001B928  ___ieee_64_n_zero
 0002:0001B930  @D693_1
 0002:0001B938  @D694_1
 0002:0001B940  __turboFloat
 0002:0001B940  @D697_0
 0002:0001B944  __floatconvert
 0002:0001B948  @D701_1
 0002:0001B958  @D702_1
 0002:0001B96C  @D706_1
 0002:0001B978  @D707_1
 0002:0001B988  @D708_1
 0002:0001B99C  @D709_1
 0002:0001B9AC  @D718_1
 0002:0001B9AC  __pmatherr
 0002:0001B9B0  __pmatherrl
 0002:0001B9B4  @D720_0
 0002:0001B9B4  __mathwhy
 0002:0001B9F8  @D723_1
 0002:0001BA00  @D724_1
 0002:0001BA08  @D725_1
 0002:0001BA24  @D728_1
 0002:0001BA48  @D731_1
 0002:0001BA50  @D732_1
 0002:0001BA64  @D733_1
 0002:0001BA8C  @D737_1
 0002:0001BAB4  @D738_1
 0002:0001BADC  @D739_1
 0002:0001BAE8  @D740_1
 0002:0001BAF0  @D741_1
 0002:0001BAF8  @D742_1
 0002:0001BB08  @D743_1
 0002:0001BB18  @D744_1
 0002:0001BB28  @D751_1
 0002:0001BB34  @D754_1
 0002:0001BB44  __kalpha
 0002:0001BB44  @D771_1
 0002:0001BB46  __kpunct
 0002:0001BB8C  @D820_1
 0002:0001BB90  @D826_1
 0002:0001BD44  @D841_1
 0002:0001BD68  @D842_1
 0002:0001BD7C  @D844_1
 0002:0001BD88  @D847_1
 0002:0001BD8C  @D849_1
 0002:0001BD90  ___pfnDliFailureHook
 0002:0001BD94  ___pfnDliNotifyHook
 0002:0001BD98  @D850_1
 0002:0001BDBC  _errno
 0002:0001BDBC  @D851_1
 0002:0001BDC0  @D852_1
 0002:0001BDC0  __messagefunc
 0002:0001BDC4  __messagefile
 0002:0001BDD0  @D856_1
 0002:0001BDF8  @D859_1
 0002:0001BE00  @TRegexp@maxpat
 0002:0001BE04  @_$DCNDB$@TRegexp@$bctr$qpxc
 0002:0001BE14  @_$ECTODB$@TRegexp@$bctr$qpxc
 0002:0001BE2C  @_$DCPDB$@TRegexp@$bctr$qrx7TRegexp
 0002:0001BE3C  @_$ECTQDB$@TRegexp@$bctr$qrx7TRegexp
 0002:0001BE54  @_$TLRDB$@TRegexp@copy_pattern$qrx7TRegexp
 0002:0001BE58  @_$ECTSDB$@TRegexp@copy_pattern$qrx7TRegexp
 0002:0001BE64  @_$TLTDB$@TRegexp@gen_pattern$qpxc
 0002:0001BE68  @_$ECTUDB$@TRegexp@gen_pattern$qpxc
 0002:0001BE74  __osmajor
 0002:0001BE74  @D862_1
 0002:0001BE75  __osminor
 0002:0001BE76  __osmode
 0002:0001BE78  __osversion
 0002:0001BE7C  __version
 0002:0001BE80  @D864_1
 0002:0001C3A0  @D867_1
 0002:0001C3DC  @D868_0
 0002:0001C3DC  ___pCallAtExitProcs
 0002:0001C3E0  __exitbuf
 0002:0001C3E0  @D886_1
 0002:0001C3E4  __exitfopen
 0002:0001C3E8  __exitopen
 0002:0001C3EC  @D889_1
 0002:0001C3F8  @D890_1
 0002:0001C404  @D891_0
 0002:0001C404  __multidll
 0002:0001C408  @D895_1
 0002:0001C40C  @D896_1
 0002:0001C410  __setargv_ptr
 0002:0001C410  @D898_0
 0002:0001C414  __exitargv_ptr
 0002:0001C418  __wsetargv_ptr
 0002:0001C418  @D899_0
 0002:0001C41C  __wexitargv_ptr
 0002:0001C420  @D900_1
 0002:0001C470  __cmdline_escapes
 0002:0001C470  @D901_1
 0002:0001C498  @D902_1
 0002:0001C4BC  @D903_1
 0002:0001C50C  @D920_1
 0002:0001C510  @D921_1
 0002:0001C514  @D922_1
 0002:0001C51C  @D923_1
 0002:0001C528  @D924_1
 0002:0001C52C  @D925_1
 0002:0001C530  @D929_0
 0002:0001C530  __argv_expand_ptr
 0002:0001C534  @D930_0
 0002:0001C534  __wargv_expand_ptr
 0002:0001C538  __argv0
 0002:0001C538  @D931_1
 0002:0001C558  __wargv0
 0002:0001C558  @D932_1
 0002:0001C578  __add_pid_ptr
 0002:0001C578  @D934_1
 0002:0001C5A8  @D935_1
 0002:0001C5FC  @D938_1
 0002:0001C5FC  __setenvp__
 0002:0001C650  __wsetenvp__
 0002:0001C650  @D939_1
 0002:0001C6A4  @D940_1
 0002:0001C704  @D942_1
 0002:0001C720  @D943_1
 0002:0001C754  @D944_1
 0002:0001C758  @D947_1
 0002:0001C81C  @D951_0
 0002:0001C81C  __isWindows
 0002:0001C820  @D952_1
 0002:0001C824  @D955_1
 0002:0001C848  @D956_1
 0002:0001C874  @D957_1
 0002:0001C9C4  @D959_1
 0002:0001CA78  @D960_1
 0002:0001CA9C  @D961_1
 0002:0001CAB4  @D962_1
 0002:0001CAFC  @D963_1
 0002:0001CB1C  @D966_1
 0002:0001CB34  @D968_1
 0002:0001CB40  @D969_0
 0002:0001CB40  __SWeekday
 0002:0001CB5C  __LWeekday
 0002:0001CB78  __SMonth
 0002:0001CBA8  __LMonth
 0002:0001CBD8  __AmPm
 0002:0001CBE0  __Days
 0002:0001CBEC  __YDays
 0002:0001CD04  @D970_0
 0002:0001CD04  __wSWeekday
 0002:0001CD20  __wLWeekday
 0002:0001CD3C  __wSMonth
 0002:0001CD6C  __wLMonth
 0002:0001CD9C  __wAmPm
 0002:0001CF68  @D971_1
 0002:0001CF68  __PREFER_END_STANDARD_TIME
 0002:0001CF69  __PREFER_START_DAYLIGHT_TIME
 0002:0001CF6C  __timezone
 0002:0001CF6C  @D972_1
 0002:0001CF70  __daylight
 0002:0001CF74  __tzname
 0002:0001CF74  @D973_1
 0002:0001CF84  @D975_1
 0002:0001CF84  __wtzname
 0002:0001CF98  @D976_1
 0002:0001CF9C  @D989_1
 0002:0001D040  _pcre_malloc
 0002:0001D044  _pcre_free
 0002:0001D798  @D990_1
 0002:0001DD18  @D991_1
 0002:0001DD24  @D992_1
 0002:0001DD90  __indStub:2867
 0002:0001DD94  __indStub:2868
 0002:0001DD98  __indStub:2300
 0003:00000000  @B26_2
 0003:00000000  @std@_Ios_init
 0003:00000008  @std@_Wios_init
 0003:000000C0  @std@cin
 0003:00000110  @std@cout
 0003:000001B0  @std@cerr
 0003:000001F8  @std@clog
 0003:00000244  @B28_2
 0003:0000024C  @B29_2
 0003:0000025C  @B33_2
 0003:00000260  @B40_2
 0003:00000368  @std@wcin
 0003:000003B8  @std@wcout
 0003:00000400  @std@wcerr
 0003:00000448  @std@wclog
 0003:00000494  @B46_2
 0003:0000049C  __new_handler
 0003:0000049C  @B119_2
 0003:000004A0  ___bad_alloc
 0003:000004A4  __bormm_pfn_FreeMem
 0003:000004A4  @B130_2
 0003:000004A8  __bormm_pfn_GetMem
 0003:000004AC  __bormm_pfn_AllocMem
 0003:000004B0  __bormm_pfn_ReallocMem
 0003:000004B4  __bormm_pfn_HeapAddRef
 0003:000004B8  __bormm_pfn_HeapRelease
 0003:000004C0  __borlndmm_GetMem
 0003:000004C4  @B138_2
 0003:000004D5  __FastMM_AllocSize2SmallBlockTypeIndX4
 0003:0000061C  __FastMM_LastSequentiallyFedMediumBlock
 0003:00000620  __FastMM_MediumSequentialFeedBytesLeft
 0003:00000624  __FastMM_MediumBlockBinGroupBitmap
 0003:00000628  __FastMM_MediumBlockBinBitmaps
 0003:000006A8  __FastMM_MediumBlockBins
 0003:000026C0  @B163_2
 0003:000026C0  __hout
 0003:000026C4  __hin
 0003:000026C8  __LastMode
 0003:000026CC  __C4350Mode
 0003:000026D4  @B169_1
 0003:000026E0  @B224_2
 0003:00002784  @B237_1
 0003:00002788  @B260_1
 0003:0000278C  @B267_2
 0003:00002A10  @B269_2
 0003:00002A14  ___pCPPdebugHook
 0003:00002A18  _pVCL_add_EH
 0003:00002A1C  _pVCL_clear_EH
 0003:00002A20  _getExceptionObject
 0003:00002A24  _raiseExceptObject
 0003:00002A30  @B272_2
 0003:00002E38  __DestructorCountPtr
 0003:00002E38  @B274_2
 0003:00002E40  @B277_2
 0003:00002E40  __HandlerPtr
 0003:00002E44  __UserHandlerPtr
 0003:00002E48  __pidtab
 0003:00002E48  @B372_1
 0003:00002F10  __handles
 0003:00002FD8  @B373_2
 0003:000030D8  ___ffblk_handle_list
 0003:000030DC  __doserrno
 0003:000030DC  @B421_2
 0003:000030E0  @B424_1
 0003:000030E4  @B425_1
 0003:000030E8  @B433_2
 0003:000030E8  __tmpnum
 0003:000030F8  @B522_2
 0003:000032F8  @B535_2
 0003:00003314  @B667_1
 0003:00003340  @B771_2
 0003:00003340  __mbctype
 0003:00003444  __mbcsCodePage
 0003:00003448  @B841_2
 0003:00003548  @B849_2
 0003:00003560  @B850_2
 0003:0000357C  __ostype
 0003:0000357C  @B856_2
 0003:00003580  @B858_1
 0003:00003588  @B859_2
 0003:00003594  @B864_2
 0003:000056F4  @B869_1
 0003:00005778  @B900_2
 0003:00005778  __argv
 0003:00005784  @B901_2
 0003:00005788  @B902_2
 0003:0000578C  __wargv
 0003:0000578C  @B903_2
 0003:00005798  @B922_2
 0003:0000589C  @B923_2
 0003:00005AA4  @B927_1
 0003:00005BA8  @B928_1
 0003:00005DB0  @B938_2
 0003:00005DB0  __environ
 0003:00005DB8  __envsize
 0003:00005DBC  __env_lock
 0003:00005DC0  @B939_2
 0003:00005DC0  __wenviron
 0003:00005DC8  __wenvsize
 0003:00005DCC  __wenv_lock
 0003:00005DD0  @B944_2
 0003:00005FD0  @B950_0
 0003:00005FD0  __pRawDllMain
 0003:00005FD4  __C0argc
 0003:00005FD4  @B951_1
 0003:00005FD8  __C0argv
 0003:00005FDC  __C0environ
 0003:00005FE0  __oscmd
 0003:00005FE4  __osenv
 0003:00005FE8  __argc
 0003:00005FEC  __dll_table
 0003:00005FF4  __ExcRegPtr
 0003:00005FF8  __wosenv
 0003:00005FFC  __woscmd
 0003:00006000  __wC0argv
 0003:00006004  __wC0environ
 0003:00006008  __exe_table
 0003:00006010  __stkbase
 0003:00006014  @B955_2
 0003:00006020  @B956_2
 0003:0000602C  @B957_2
 0003:00006030  @B960_2
 0003:0000604C  @B962_2
 0003:00006080  @B965_1
 0003:000060A4  @B973_2
 0003:000060AC  @B975_2
 0004:00000000  @T274_3
 0004:00000000  ___xxInfo
 0004:0000009C  @T958_1
 0004:0000009C  __stkindex
 0004:000000A0  __tlsindex
