
 Start Length Name Class
 0001:32A01000 0000E21F1H _TEXT                  CODE
 0002:32AE4000 00001E89CH _DATA                  DATA
 0003:32B0289C 0000099ACH _BSS                   BSS
 0004:00000000 000002220H _TLS                   TLS


Detailed map of segments
 0001:00000200 00000236 C=CODE    S=_TEXT    G=(none)   M=C:\DEV\BCB_RTL.CB2010\WINRTL\LIB\C0D32.OBJ ACBP=A9
 0001:00000438 000000F4 C=CODE    S=_TEXT    G=(none)   M=C:\DEV\BCB_RTL.CB2010\WINRTL\OBJ\WIN32\OBJMGMTX\ATAN2F.OBJ ACBP=A9
 0001:0000052C 00000012 C=CODE    S=_TEXT    G=(none)   M=C:\DEV\BCB_RTL.CB2010\WINRTL\OBJ\WIN32\OBJMGMTX\COSF.OBJ ACBP=A9
 0001:00000540 0000005C C=CODE    S=_TEXT    G=(none)   M=C:\DEV\BCB_RTL.CB2010\WINRTL\OBJ\WIN32\OBJMGMTX\EXPF.OBJ ACBP=A9
 0001:0000059C 0000004B C=CODE    S=_TEXT    G=(none)   M=C:\DEV\BCB_RTL.CB2010\WINRTL\OBJ\WIN32\OBJMGMTX\LDEXPF.OBJ ACBP=A9
 0001:000005E8 00000012 C=CODE    S=_TEXT    G=(none)   M=C:\DEV\BCB_RTL.CB2010\WINRTL\OBJ\WIN32\OBJMGMTX\LOGF.OBJ ACBP=A9
 0001:000005FC 000006C9 C=CODE    S=_TEXT    G=(none)   M=C:\DEV\BCB_RTL.CB2010\WINRTL\OBJ\WIN32\OBJMGMTX\POWF.OBJ ACBP=A9
 0001:00000CC8 00000012 C=CODE    S=_TEXT    G=(none)   M=C:\DEV\BCB_RTL.CB2010\WINRTL\OBJ\WIN32\OBJMGMTX\SINF.OBJ ACBP=A9
 0001:00000CDC 000000DC C=CODE    S=_TEXT    G=(none)   M=C:\DEV\BCB_RTL.CB2010\WINRTL\OBJ\WIN32\OBJMGMTX\SQRTF.OBJ ACBP=A9
 0001:00000DB8 0000011C C=CODE    S=_TEXT    G=(none)   M=C:\DEV\BCB_RTL.CB2010\WINRTL\OBJ\WIN32\OBJMGMTX\TANF.OBJ ACBP=A9
 0001:00000ED4 00000148 C=CODE    S=_TEXT    G=(none)   M=C:\DEV\BCB_RTL.CB2010\WINRTL\OBJ\WIN32\OBJMGMTX\FMODF.OBJ ACBP=A9
 0001:0000101C 00000028 C=CODE    S=_TEXT    G=(none)   M=C:\DEV\BCB_RTL.CB2010\WINRTL\OBJ\WIN32\OBJMGMTX\DELAOP.OBJ ACBP=A9
 0001:00001044 0000002D C=CODE    S=_TEXT    G=(none)   M=C:\DEV\BCB_RTL.CB2010\WINRTL\OBJ\WIN32\OBJMGMTX\DELAOP2.OBJ ACBP=A9
 0001:00001074 0000001E C=CODE    S=_TEXT    G=(none)   M=C:\DEV\BCB_RTL.CB2010\WINRTL\OBJ\WIN32\OBJMGMTX\DELAOP3.OBJ ACBP=A9
 0001:00001094 0000002E C=CODE    S=_TEXT    G=(none)   M=C:\DEV\BCB_RTL.CB2010\WINRTL\OBJ\WIN32\OBJMGMTX\DELOP.OBJ ACBP=A9
 0001:000010C4 00000028 C=CODE    S=_TEXT    G=(none)   M=C:\DEV\BCB_RTL.CB2010\WINRTL\OBJ\WIN32\OBJMGMTX\DELOP2.OBJ ACBP=A9
 0001:000010EC 0000001E C=CODE    S=_TEXT    G=(none)   M=C:\DEV\BCB_RTL.CB2010\WINRTL\OBJ\WIN32\OBJMGMTX\DELOP3.OBJ ACBP=A9
 0001:0000110C 00000028 C=CODE    S=_TEXT    G=(none)   M=C:\DEV\BCB_RTL.CB2010\WINRTL\OBJ\WIN32\OBJMGMTX\NOTHROW.OBJ ACBP=A9
 0001:00001134 000001A2 C=CODE    S=_TEXT    G=(none)   M=C:\DEV\BCB_RTL.CB2010\WINRTL\OBJ\WIN32\OBJMGMTX\EXCEPTIO.OBJ ACBP=A9
 0001:000012D8 000002BE C=CODE    S=_TEXT    G=(none)   M=C:\DEV\BCB_RTL.CB2010\WINRTL\OBJ\WIN32\OBJMGMTX\FIOPEN.OBJ ACBP=A9
 0001:00001596 000000AE C=CODE    S=_TEXT    G=(none)   M=C:\DEV\BCB_RTL.CB2010\WINRTL\OBJ\WIN32\OBJMGMTX\GCCEX.OBJ ACBP=A9
 0001:00001644 00013888 C=CODE    S=_TEXT    G=(none)   M=C:\DEV\BCB_RTL.CB2010\WINRTL\OBJ\WIN32\OBJMGMTX\INST.OBJ ACBP=A9
 0001:00014ECC 00000248 C=CODE    S=_TEXT    G=(none)   M=C:\DEV\BCB_RTL.CB2010\WINRTL\OBJ\WIN32\OBJMGMTX\IOMANIP.OBJ ACBP=A9
 0001:00015114 000034CC C=CODE    S=_TEXT    G=(none)   M=C:\DEV\BCB_RTL.CB2010\WINRTL\OBJ\WIN32\OBJMGMTX\IOS.OBJ ACBP=A9
 0001:000185B8 00005E60 C=CODE    S=_TEXT    G=(none)   M=C:\DEV\BCB_RTL.CB2010\WINRTL\OBJ\WIN32\OBJMGMTX\IOSTREAM.OBJ ACBP=A9
 0001:0001E418 0001FDA5 C=CODE    S=_TEXT    G=(none)   M=C:\DEV\BCB_RTL.CB2010\WINRTL\OBJ\WIN32\OBJMGMTX\DWLOCALE.OBJ ACBP=A9
 0001:0003E198 00004222 C=CODE    S=_TEXT    G=(none)   M=C:\DEV\BCB_RTL.CB2010\WINRTL\OBJ\WIN32\OBJMGMTX\LOCALE0.OBJ ACBP=A9
 0001:000423BA 000000A8 C=CODE    S=_TEXT    G=(none)   M=C:\DEV\BCB_RTL.CB2010\WINRTL\OBJ\WIN32\OBJMGMTX\NEW.OBJ ACBP=A9
 0001:00042434 00000074 C=CODE    S=_TEXT    G=(none)   M=C:\DEV\BCB_RTL.CB2010\WINRTL\OBJ\WIN32\OBJMGMTX\NEWAOP.OBJ ACBP=A9
 0001:0004245C 0000002E C=CODE    S=_TEXT    G=(none)   M=C:\DEV\BCB_RTL.CB2010\WINRTL\OBJ\WIN32\OBJMGMTX\NEWAOP2.OBJ ACBP=A9
 0001:0004248C 0000011E C=CODE    S=_TEXT    G=(none)   M=C:\DEV\BCB_RTL.CB2010\WINRTL\OBJ\WIN32\OBJMGMTX\NEWOP.OBJ ACBP=A9
 0001:00042588 000000AC C=CODE    S=_TEXT    G=(none)   M=C:\DEV\BCB_RTL.CB2010\WINRTL\OBJ\WIN32\OBJMGMTX\NEWOP2.OBJ ACBP=A9
 0001:00042614 0000248D C=CODE    S=_TEXT    G=(none)   M=C:\DEV\BCB_RTL.CB2010\WINRTL\OBJ\WIN32\OBJMGMTX\STRING.OBJ ACBP=A9
 0001:00044A7C 00002403 C=CODE    S=_TEXT    G=(none)   M=C:\DEV\BCB_RTL.CB2010\WINRTL\OBJ\WIN32\OBJMGMTX\STRSTREA.OBJ ACBP=A9
 0001:00046E57 00000072 C=CODE    S=_TEXT    G=(none)   M=C:\DEV\BCB_RTL.CB2010\WINRTL\OBJ\WIN32\OBJMGMTX\THROW.OBJ ACBP=A9
 0001:00046ECC 00005FE5 C=CODE    S=_TEXT    G=(none)   M=C:\DEV\BCB_RTL.CB2010\WINRTL\OBJ\WIN32\OBJMGMTX\WIOSTREA.OBJ ACBP=A9
 0001:0004CE94 00036850 C=CODE    S=_TEXT    G=(none)   M=C:\DEV\BCB_RTL.CB2010\WINRTL\OBJ\WIN32\OBJMGMTX\WLOCALE.OBJ ACBP=A9
 0001:000836BC 0001C046 C=CODE    S=_TEXT    G=(none)   M=C:\DEV\BCB_RTL.CB2010\WINRTL\OBJ\WIN32\OBJMGMTX\XLOCALE.OBJ ACBP=A9
 0001:0009F6E4 000000D1 C=CODE    S=_TEXT    G=(none)   M=C:\DEV\BCB_RTL.CB2010\WINRTL\OBJ\WIN32\OBJMGMTX\XLOCINFO.OBJ ACBP=A9
 0001:0009F7B8 000001B8 C=CODE    S=_TEXT    G=(none)   M=C:\DEV\BCB_RTL.CB2010\WINRTL\OBJ\WIN32\OBJMGMTX\XSTART.OBJ ACBP=A9
 0001:0009F970 00000173 C=CODE    S=_TEXT    G=(none)   M=C:\DEV\BCB_RTL.CB2010\WINRTL\OBJ\WIN32\OBJMGMTX\WCHAR.OBJ ACBP=A9
 0001:0009FAE4 00000118 C=CODE    S=_TEXT    G=(none)   M=C:\DEV\BCB_RTL.CB2010\WINRTL\OBJ\WIN32\OBJMGMTX\XATAN.OBJ ACBP=A9
 0001:0009FBFC 0000010C C=CODE    S=_TEXT    G=(none)   M=C:\DEV\BCB_RTL.CB2010\WINRTL\OBJ\WIN32\OBJMGMTX\XCOSH.OBJ ACBP=A9
 0001:0009FD08 00000113 C=CODE    S=_TEXT    G=(none)   M=C:\DEV\BCB_RTL.CB2010\WINRTL\OBJ\WIN32\OBJMGMTX\XDINT.OBJ ACBP=A9
 0001:0009FE1C 000000FF C=CODE    S=_TEXT    G=(none)   M=C:\DEV\BCB_RTL.CB2010\WINRTL\OBJ\WIN32\OBJMGMTX\XDNORM.OBJ ACBP=A9
 0001:0009FF1C 0000027E C=CODE    S=_TEXT    G=(none)   M=C:\DEV\BCB_RTL.CB2010\WINRTL\OBJ\WIN32\OBJMGMTX\XDSCALE.OBJ ACBP=A9
 0001:000A019C 000001C0 C=CODE    S=_TEXT    G=(none)   M=C:\DEV\BCB_RTL.CB2010\WINRTL\OBJ\WIN32\OBJMGMTX\XDTENTO.OBJ ACBP=A9
 0001:000A035C 00000079 C=CODE    S=_TEXT    G=(none)   M=C:\DEV\BCB_RTL.CB2010\WINRTL\OBJ\WIN32\OBJMGMTX\XDTEST.OBJ ACBP=A9
 0001:000A03D8 00000093 C=CODE    S=_TEXT    G=(none)   M=C:\DEV\BCB_RTL.CB2010\WINRTL\OBJ\WIN32\OBJMGMTX\XDUNSCAL.OBJ ACBP=A9
 0001:000A046C 00000330 C=CODE    S=_TEXT    G=(none)   M=C:\DEV\BCB_RTL.CB2010\WINRTL\OBJ\WIN32\OBJMGMTX\XEXP.OBJ ACBP=A9
 0001:000A079C 000000F4 C=CODE    S=_TEXT    G=(none)   M=C:\DEV\BCB_RTL.CB2010\WINRTL\OBJ\WIN32\OBJMGMTX\XFATAN.OBJ ACBP=A9
 0001:000A0890 00000108 C=CODE    S=_TEXT    G=(none)   M=C:\DEV\BCB_RTL.CB2010\WINRTL\OBJ\WIN32\OBJMGMTX\XFCOSH.OBJ ACBP=A9
 0001:000A0998 000000C7 C=CODE    S=_TEXT    G=(none)   M=C:\DEV\BCB_RTL.CB2010\WINRTL\OBJ\WIN32\OBJMGMTX\XFDINT.OBJ ACBP=A9
 0001:000A0A60 00000090 C=CODE    S=_TEXT    G=(none)   M=C:\DEV\BCB_RTL.CB2010\WINRTL\OBJ\WIN32\OBJMGMTX\XFDNORM.OBJ ACBP=A9
 0001:000A0AF0 000001DB C=CODE    S=_TEXT    G=(none)   M=C:\DEV\BCB_RTL.CB2010\WINRTL\OBJ\WIN32\OBJMGMTX\XFDSCALE.OBJ ACBP=A9
 0001:000A0CCC 000001A0 C=CODE    S=_TEXT    G=(none)   M=C:\DEV\BCB_RTL.CB2010\WINRTL\OBJ\WIN32\OBJMGMTX\XFDTENTO.OBJ ACBP=A9
 0001:000A0E6C 0000005D C=CODE    S=_TEXT    G=(none)   M=C:\DEV\BCB_RTL.CB2010\WINRTL\OBJ\WIN32\OBJMGMTX\XFDTEST.OBJ ACBP=A9
 0001:000A0ECC 00000082 C=CODE    S=_TEXT    G=(none)   M=C:\DEV\BCB_RTL.CB2010\WINRTL\OBJ\WIN32\OBJMGMTX\XFDUNSCA.OBJ ACBP=A9
 0001:000A0F50 00000028 C=CODE    S=_TEXT    G=(none)   M=C:\DEV\BCB_RTL.CB2010\WINRTL\OBJ\WIN32\OBJMGMTX\XFERAISE.OBJ ACBP=A9
 0001:000A0F78 000002E8 C=CODE    S=_TEXT    G=(none)   M=C:\DEV\BCB_RTL.CB2010\WINRTL\OBJ\WIN32\OBJMGMTX\XFEXP.OBJ ACBP=A9
 0001:000A1260 000001A1 C=CODE    S=_TEXT    G=(none)   M=C:\DEV\BCB_RTL.CB2010\WINRTL\OBJ\WIN32\OBJMGMTX\XFLOG.OBJ ACBP=A9
 0001:000A1404 00000540 C=CODE    S=_TEXT    G=(none)   M=C:\DEV\BCB_RTL.CB2010\WINRTL\OBJ\WIN32\OBJMGMTX\XFQUAD.OBJ ACBP=A9
 0001:000A1944 00000118 C=CODE    S=_TEXT    G=(none)   M=C:\DEV\BCB_RTL.CB2010\WINRTL\OBJ\WIN32\OBJMGMTX\XFSIN.OBJ ACBP=A9
 0001:000A1A5C 000001A8 C=CODE    S=_TEXT    G=(none)   M=C:\DEV\BCB_RTL.CB2010\WINRTL\OBJ\WIN32\OBJMGMTX\XFSINH.OBJ ACBP=A9
 0001:000A1C04 0000011C C=CODE    S=_TEXT    G=(none)   M=C:\DEV\BCB_RTL.CB2010\WINRTL\OBJ\WIN32\OBJMGMTX\XLCOSH.OBJ ACBP=A9
 0001:000A1D20 00000110 C=CODE    S=_TEXT    G=(none)   M=C:\DEV\BCB_RTL.CB2010\WINRTL\OBJ\WIN32\OBJMGMTX\XLDINT.OBJ ACBP=A9
 0001:000A1E30 0000010A C=CODE    S=_TEXT    G=(none)   M=C:\DEV\BCB_RTL.CB2010\WINRTL\OBJ\WIN32\OBJMGMTX\XLDNORM.OBJ ACBP=A9
 0001:000A1F3C 0000028B C=CODE    S=_TEXT    G=(none)   M=C:\DEV\BCB_RTL.CB2010\WINRTL\OBJ\WIN32\OBJMGMTX\XLDSCALE.OBJ ACBP=A9
 0001:000A21C8 000001F8 C=CODE    S=_TEXT    G=(none)   M=C:\DEV\BCB_RTL.CB2010\WINRTL\OBJ\WIN32\OBJMGMTX\XLDTENTO.OBJ ACBP=A9
 0001:000A23C0 0000007F C=CODE    S=_TEXT    G=(none)   M=C:\DEV\BCB_RTL.CB2010\WINRTL\OBJ\WIN32\OBJMGMTX\XLDTEST.OBJ ACBP=A9
 0001:000A2440 000000A8 C=CODE    S=_TEXT    G=(none)   M=C:\DEV\BCB_RTL.CB2010\WINRTL\OBJ\WIN32\OBJMGMTX\XLDUNSCA.OBJ ACBP=A9
 0001:000A24E8 000003A0 C=CODE    S=_TEXT    G=(none)   M=C:\DEV\BCB_RTL.CB2010\WINRTL\OBJ\WIN32\OBJMGMTX\XLEXP.OBJ ACBP=A9
 0001:000A2888 0000003E C=CODE    S=_TEXT    G=(none)   M=C:\DEV\BCB_RTL.CB2010\WINRTL\OBJ\WIN32\OBJMGMTX\XLPOLY.OBJ ACBP=A9
 0001:000A28C8 0000017C C=CODE    S=_TEXT    G=(none)   M=C:\DEV\BCB_RTL.CB2010\WINRTL\OBJ\WIN32\OBJMGMTX\XLSIN.OBJ ACBP=A9
 0001:000A2A44 000001F8 C=CODE    S=_TEXT    G=(none)   M=C:\DEV\BCB_RTL.CB2010\WINRTL\OBJ\WIN32\OBJMGMTX\XLSINH.OBJ ACBP=A9
 0001:000A2C3C 000000A0 C=CODE    S=_TEXT    G=(none)   M=C:\DEV\BCB_RTL.CB2010\WINRTL\OBJ\WIN32\OBJMGMTX\XMTX.OBJ ACBP=A9
 0001:000A2CDC 00000164 C=CODE    S=_TEXT    G=(none)   M=C:\DEV\BCB_RTL.CB2010\WINRTL\OBJ\WIN32\OBJMGMTX\XSIN.OBJ ACBP=A9
 0001:000A2E40 000001C4 C=CODE    S=_TEXT    G=(none)   M=C:\DEV\BCB_RTL.CB2010\WINRTL\OBJ\WIN32\OBJMGMTX\XSINH.OBJ ACBP=A9
 0001:000A3004 00000193 C=CODE    S=_TEXT    G=(none)   M=C:\DEV\BCB_RTL.CB2010\WINRTL\OBJ\WIN32\OBJMGMTX\DWXSTOD.OBJ ACBP=A9
 0001:000A3198 000005E0 C=CODE    S=_TEXT    G=(none)   M=C:\DEV\BCB_RTL.CB2010\WINRTL\OBJ\WIN32\OBJMGMTX\XQUAD.OBJ ACBP=A9
 0001:000A3778 00000678 C=CODE    S=_TEXT    G=(none)   M=C:\DEV\BCB_RTL.CB2010\WINRTL\OBJ\WIN32\OBJMGMTX\XLQUAD.OBJ ACBP=A9
 0001:000A3DF0 00000BCC C=CODE    S=_TEXT    G=(none)   M=C:\DEV\BCB_RTL.CB2010\WINRTL\OBJ\WIN32\OBJMGMTX\XPREC.OBJ ACBP=A9
 0001:000A49BC 00000B00 C=CODE    S=_TEXT    G=(none)   M=C:\DEV\BCB_RTL.CB2010\WINRTL\OBJ\WIN32\OBJMGMTX\XFPREC.OBJ ACBP=A9
 0001:000A54BC 00000D54 C=CODE    S=_TEXT    G=(none)   M=C:\DEV\BCB_RTL.CB2010\WINRTL\OBJ\WIN32\OBJMGMTX\XLPREC.OBJ ACBP=A9
 0001:000A6210 00000173 C=CODE    S=_TEXT    G=(none)   M=C:\DEV\BCB_RTL.CB2010\WINRTL\OBJ\WIN32\OBJMGMTX\XSTOF.OBJ ACBP=A9
 0001:000A6384 0000023D C=CODE    S=_TEXT    G=(none)   M=C:\DEV\BCB_RTL.CB2010\WINRTL\OBJ\WIN32\OBJMGMTX\XSTOFLT.OBJ ACBP=A9
 0001:000A65C4 000000B9 C=CODE    S=_TEXT    G=(none)   M=C:\DEV\BCB_RTL.CB2010\WINRTL\OBJ\WIN32\OBJMGMTX\XSTOL.OBJ ACBP=A9
 0001:000A6680 000001BF C=CODE    S=_TEXT    G=(none)   M=C:\DEV\BCB_RTL.CB2010\WINRTL\OBJ\WIN32\OBJMGMTX\XSTOLD.OBJ ACBP=A9
 0001:000A6840 00000107 C=CODE    S=_TEXT    G=(none)   M=C:\DEV\BCB_RTL.CB2010\WINRTL\OBJ\WIN32\OBJMGMTX\XSTOLL.OBJ ACBP=A9
 0001:000A6948 0000011C C=CODE    S=_TEXT    G=(none)   M=C:\DEV\BCB_RTL.CB2010\WINRTL\OBJ\WIN32\OBJMGMTX\XSTOPFX.OBJ ACBP=A9
 0001:000A6A64 000001A3 C=CODE    S=_TEXT    G=(none)   M=C:\DEV\BCB_RTL.CB2010\WINRTL\OBJ\WIN32\OBJMGMTX\XSTOUL.OBJ ACBP=A9
 0001:000A6C08 0000022B C=CODE    S=_TEXT    G=(none)   M=C:\DEV\BCB_RTL.CB2010\WINRTL\OBJ\WIN32\OBJMGMTX\XSTOULL.OBJ ACBP=A9
 0001:000A6E34 0000026F C=CODE    S=_TEXT    G=(none)   M=C:\DEV\BCB_RTL.CB2010\WINRTL\OBJ\WIN32\OBJMGMTX\XSTOXFLT.OBJ ACBP=A9
 0001:000A70A4 000000D7 C=CODE    S=_TEXT    G=(none)   M=C:\DEV\BCB_RTL.CB2010\WINRTL\OBJ\WIN32\OBJMGMTX\XSYSLOCK.OBJ ACBP=A9
 0001:000A717C 0000069B C=CODE    S=_TEXT    G=(none)   M=C:\DEV\BCB_RTL.CB2010\WINRTL\OBJ\WIN32\OBJMGMTX\MULTPREC.OBJ ACBP=A9
 0001:000A7818 00001200 C=CODE    S=_TEXT    G=(none)   M=C:\DEV\BCB_RTL.CB2010\WINRTL\OBJ\WIN32\OBJMGMTX\XINVALID.OBJ ACBP=A9
 0001:000A89F0 00000340 C=CODE    S=_TEXT    G=(none)   M=C:\DEV\BCB_RTL.CB2010\WINRTL\OBJ\WIN32\OBJMGMTX\XLGAMMA.OBJ ACBP=A9
 0001:000A8D30 000000D2 C=CODE    S=_TEXT    G=(none)   M=C:\DEV\BCB_RTL.CB2010\WINRTL\OBJ\WIN32\OBJMGMTX\XRNGABORT.OBJ ACBP=A9
 0001:000A8E04 00000008 C=CODE    S=_TEXT    G=(none)   M=C:\DEV\BCB_RTL.CB2010\WINRTL\OBJ\WIN32\OBJMGMTX\ALLOCA.OBJ ACBP=A9
 0001:000A8E0C 00000008 C=CODE    S=_TEXT    G=(none)   M=C:\DEV\BCB_RTL.CB2010\WINRTL\OBJ\WIN32\OBJMGMTX\STKAVAIL.OBJ ACBP=A9
 0001:000A8E14 000000EA C=CODE    S=_TEXT    G=(none)   M=C:\DEV\BCB_RTL.CB2010\WINRTL\OBJ\WIN32\OBJMGMTX\SETNEW.OBJ ACBP=A9
 0001:000A8EDC 00000071 C=CODE    S=_TEXT    G=(none)   M=C:\DEV\BCB_RTL.CB2010\WINRTL\OBJ\WIN32\OBJMGMTX\VAPP.OBJ ACBP=A9
 0001:000A8F50 00000079 C=CODE    S=_TEXT    G=(none)   M=C:\DEV\BCB_RTL.CB2010\WINRTL\OBJ\WIN32\OBJMGMTX\VAPPV.OBJ ACBP=A9
 0001:000A8FCC 000000A7 C=CODE    S=_TEXT    G=(none)   M=C:\DEV\BCB_RTL.CB2010\WINRTL\OBJ\WIN32\OBJMGMTX\_ALLOCA.OBJ ACBP=A9
 0001:000A9074 00000017 C=CODE    S=_TEXT    G=(none)   M=C:\DEV\BCB_RTL.CB2010\WINRTL\OBJ\WIN32\OBJMGMTX\_STKAVL.OBJ ACBP=A9
 0001:000A908C 00000015 C=CODE    S=_TEXT    G=(none)   M=C:\DEV\BCB_RTL.CB2010\WINRTL\OBJ\WIN32\OBJMGMTX\INITSTK.OBJ ACBP=A9
 0001:000A90A4 0000027F C=CODE    S=_TEXT    G=(none)   M=C:\DEV\BCB_RTL.CB2010\WINRTL\OBJ\WIN32\OBJMGMTX\HRDIR_B.OBJ ACBP=A9
 0001:000A9324 00000013 C=CODE    S=_TEXT    G=(none)   M=C:\DEV\BCB_RTL.CB2010\WINRTL\OBJ\WIN32\OBJMGMTX\HRDIR_C.OBJ ACBP=A9
 0001:000A9338 00000087 C=CODE    S=_TEXT    G=(none)   M=C:\DEV\BCB_RTL.CB2010\WINRTL\OBJ\WIN32\OBJMGMTX\HRDIR_BH.OBJ ACBP=A9
 0001:000A93C0 00000006 C=CODE    S=_TEXT    G=(none)   M=C:\DEV\BCB_RTL.CB2010\WINRTL\OBJ\WIN32\OBJMGMTX\HRDIR_G.OBJ ACBP=A9
 0001:000A93C8 00000020 C=CODE    S=_TEXT    G=(none)   M=C:\DEV\BCB_RTL.CB2010\WINRTL\OBJ\WIN32\OBJMGMTX\HRDIR_MF.OBJ ACBP=A9
 0001:000A93E8 00000016 C=CODE    S=_TEXT    G=(none)   M=C:\DEV\BCB_RTL.CB2010\WINRTL\OBJ\WIN32\OBJMGMTX\HRDIR_R.OBJ ACBP=A9
 0001:000A9400 000000DC C=CODE    S=_TEXT    G=(none)   M=C:\DEV\BCB_RTL.CB2010\WINRTL\OBJ\WIN32\OBJMGMTX\HRDIR_S.OBJ ACBP=A9
 0001:000A94DC 00000001 C=CODE    S=_TEXT    G=(none)   M=C:\DEV\BCB_RTL.CB2010\WINRTL\OBJ\WIN32\OBJMGMTX\HRDIR_US.OBJ ACBP=A9
 0001:000A94E0 00000DBE C=CODE    S=_TEXT    G=(none)   M=C:\DEV\BCB_RTL.CB2010\WINRTL\OBJ\WIN32\OBJMGMTX\_FASTMM.OBJ ACBP=A9
 0001:000AA2A0 00000B42 C=CODE    S=_TEXT    G=(none)   M=C:\DEV\BCB_RTL.CB2010\WINRTL\OBJ\WIN32\OBJMGMTX\_FASTMMA.OBJ ACBP=A9
 0001:000AADE4 0000004A C=CODE    S=_TEXT    G=(none)   M=C:\DEV\BCB_RTL.CB2010\WINRTL\OBJ\WIN32\OBJMGMTX\HEAP.OBJ ACBP=A9
 0001:000AAE30 00000006 C=CODE    S=_TEXT    G=(none)   M=C:\DEV\BCB_RTL.CB2010\WINRTL\OBJ\WIN32\OBJMGMTX\HEAPCHK.OBJ ACBP=A9
 0001:000AAE38 0000000A C=CODE    S=_TEXT    G=(none)   M=C:\DEV\BCB_RTL.CB2010\WINRTL\OBJ\WIN32\OBJMGMTX\HEAPCHKF.OBJ ACBP=A9
 0001:000AAE44 0000001D C=CODE    S=_TEXT    G=(none)   M=C:\DEV\BCB_RTL.CB2010\WINRTL\OBJ\WIN32\OBJMGMTX\HEAPCHKN.OBJ ACBP=A9
 0001:000AAE64 00000025 C=CODE    S=_TEXT    G=(none)   M=C:\DEV\BCB_RTL.CB2010\WINRTL\OBJ\WIN32\OBJMGMTX\HEAPFILL.OBJ ACBP=A9
 0001:000AAE8C 00000004 C=CODE    S=_TEXT    G=(none)   M=C:\DEV\BCB_RTL.CB2010\WINRTL\OBJ\WIN32\OBJMGMTX\HEAPMIN.OBJ ACBP=A9
 0001:000AAE90 0000000A C=CODE    S=_TEXT    G=(none)   M=C:\DEV\BCB_RTL.CB2010\WINRTL\OBJ\WIN32\OBJMGMTX\HEAPSET.OBJ ACBP=A9
 0001:000AAE9C 0000001B C=CODE    S=_TEXT    G=(none)   M=C:\DEV\BCB_RTL.CB2010\WINRTL\OBJ\WIN32\OBJMGMTX\HEAPWALK.OBJ ACBP=A9
 0001:000AAEB8 0000001B C=CODE    S=_TEXT    G=(none)   M=C:\DEV\BCB_RTL.CB2010\WINRTL\OBJ\WIN32\OBJMGMTX\OHEAPCHK.OBJ ACBP=A9
 0001:000AAED4 00000054 C=CODE    S=_TEXT    G=(none)   M=C:\DEV\BCB_RTL.CB2010\WINRTL\OBJ\WIN32\OBJMGMTX\OHEAPWLK.OBJ ACBP=A9
 0001:000AAF28 00000065 C=CODE    S=_TEXT    G=(none)   M=C:\DEV\BCB_RTL.CB2010\WINRTL\OBJ\WIN32\OBJMGMTX\REALLOC.OBJ ACBP=A9
 0001:000AAF8D 000000A1 C=CODE    S=_TEXT    G=(none)   M=C:\DEV\BCB_RTL.CB2010\WINRTL\OBJ\WIN32\OBJMGMTX\GTHPSTAT.OBJ ACBP=A9
 0001:000AB030 000004E0 C=CODE    S=_TEXT    G=(none)   M=C:\DEV\BCB_RTL.CB2010\WINRTL\OBJ\WIN32\OBJMGMTX\CRTL_THD.OBJ ACBP=A9
 0001:000AB510 00000001 C=CODE    S=_TEXT    G=(none)   M=C:\DEV\BCB_RTL.CB2010\WINRTL\OBJ\WIN32\OBJMGMTX\CRTLST_I.OBJ ACBP=A9
 0001:000AB514 00000001 C=CODE    S=_TEXT    G=(none)   M=C:\DEV\BCB_RTL.CB2010\WINRTL\OBJ\WIN32\OBJMGMTX\CRTLST_E.OBJ ACBP=A9
 0001:000AB518 00000001 C=CODE    S=_TEXT    G=(none)   M=C:\DEV\BCB_RTL.CB2010\WINRTL\OBJ\WIN32\OBJMGMTX\CRTLST_L.OBJ ACBP=A9
 0001:000AB51C 0000003F C=CODE    S=_TEXT    G=(none)   M=C:\DEV\BCB_RTL.CB2010\WINRTL\OBJ\WIN32\OBJMGMTX\_WHEREXY.OBJ ACBP=A9
 0001:000AB55C 0000011D C=CODE    S=_TEXT    G=(none)   M=C:\DEV\BCB_RTL.CB2010\WINRTL\OBJ\WIN32\OBJMGMTX\CGETS.OBJ ACBP=A9
 0001:000AB67C 00000062 C=CODE    S=_TEXT    G=(none)   M=C:\DEV\BCB_RTL.CB2010\WINRTL\OBJ\WIN32\OBJMGMTX\CLREOL.OBJ ACBP=A9
 0001:000AB6E0 000000F0 C=CODE    S=_TEXT    G=(none)   M=C:\DEV\BCB_RTL.CB2010\WINRTL\OBJ\WIN32\OBJMGMTX\CLRSCR.OBJ ACBP=A9
 0001:000AB7D0 00000063 C=CODE    S=_TEXT    G=(none)   M=C:\DEV\BCB_RTL.CB2010\WINRTL\OBJ\WIN32\OBJMGMTX\COLOR.OBJ ACBP=A9
 0001:000AB834 00000020 C=CODE    S=_TEXT    G=(none)   M=C:\DEV\BCB_RTL.CB2010\WINRTL\OBJ\WIN32\OBJMGMTX\CPRINTF.OBJ ACBP=A9
 0001:000AB854 00000020 C=CODE    S=_TEXT    G=(none)   M=C:\DEV\BCB_RTL.CB2010\WINRTL\OBJ\WIN32\OBJMGMTX\CVPRINTF.OBJ ACBP=A9
 0001:000AB874 000002B1 C=CODE    S=_TEXT    G=(none)   M=C:\DEV\BCB_RTL.CB2010\WINRTL\OBJ\WIN32\OBJMGMTX\CPUTN.OBJ ACBP=A9
 0001:000ABB28 0000001D C=CODE    S=_TEXT    G=(none)   M=C:\DEV\BCB_RTL.CB2010\WINRTL\OBJ\WIN32\OBJMGMTX\CPUTS.OBJ ACBP=A9
 0001:000ABB48 000002EE C=CODE    S=_TEXT    G=(none)   M=C:\DEV\BCB_RTL.CB2010\WINRTL\OBJ\WIN32\OBJMGMTX\CRTINIT.OBJ ACBP=A9
 0001:000ABE38 00000021 C=CODE    S=_TEXT    G=(none)   M=C:\DEV\BCB_RTL.CB2010\WINRTL\OBJ\WIN32\OBJMGMTX\CSCANF.OBJ ACBP=A9
 0001:000ABE5C 00000021 C=CODE    S=_TEXT    G=(none)   M=C:\DEV\BCB_RTL.CB2010\WINRTL\OBJ\WIN32\OBJMGMTX\CVSCANF.OBJ ACBP=A9
 0001:000ABE80 00000056 C=CODE    S=_TEXT    G=(none)   M=C:\DEV\BCB_RTL.CB2010\WINRTL\OBJ\WIN32\OBJMGMTX\CURSOR.OBJ ACBP=A9
 0001:000ABED8 00000280 C=CODE    S=_TEXT    G=(none)   M=C:\DEV\BCB_RTL.CB2010\WINRTL\OBJ\WIN32\OBJMGMTX\GETCH.OBJ ACBP=A9
 0001:000AC158 00000025 C=CODE    S=_TEXT    G=(none)   M=C:\DEV\BCB_RTL.CB2010\WINRTL\OBJ\WIN32\OBJMGMTX\GETCHE.OBJ ACBP=A9
 0001:000AC180 000000B6 C=CODE    S=_TEXT    G=(none)   M=C:\DEV\BCB_RTL.CB2010\WINRTL\OBJ\WIN32\OBJMGMTX\GETPASS.OBJ ACBP=A9
 0001:000AC238 00000049 C=CODE    S=_TEXT    G=(none)   M=C:\DEV\BCB_RTL.CB2010\WINRTL\OBJ\WIN32\OBJMGMTX\GOTOXY.OBJ ACBP=A9
 0001:000AC284 000000AF C=CODE    S=_TEXT    G=(none)   M=C:\DEV\BCB_RTL.CB2010\WINRTL\OBJ\WIN32\OBJMGMTX\GPTEXT.OBJ ACBP=A9
 0001:000AC334 0000004F C=CODE    S=_TEXT    G=(none)   M=C:\DEV\BCB_RTL.CB2010\WINRTL\OBJ\WIN32\OBJMGMTX\INSLINE.OBJ ACBP=A9
 0001:000AC384 000000EB C=CODE    S=_TEXT    G=(none)   M=C:\DEV\BCB_RTL.CB2010\WINRTL\OBJ\WIN32\OBJMGMTX\KBHIT.OBJ ACBP=A9
 0001:000AC470 00000026 C=CODE    S=_TEXT    G=(none)   M=C:\DEV\BCB_RTL.CB2010\WINRTL\OBJ\WIN32\OBJMGMTX\MOVECURS.OBJ ACBP=A9
 0001:000AC498 000000C8 C=CODE    S=_TEXT    G=(none)   M=C:\DEV\BCB_RTL.CB2010\WINRTL\OBJ\WIN32\OBJMGMTX\MOVETEXT.OBJ ACBP=A9
 0001:000AC560 0000001D C=CODE    S=_TEXT    G=(none)   M=C:\DEV\BCB_RTL.CB2010\WINRTL\OBJ\WIN32\OBJMGMTX\PUTCH.OBJ ACBP=A9
 0001:000AC580 00000096 C=CODE    S=_TEXT    G=(none)   M=C:\DEV\BCB_RTL.CB2010\WINRTL\OBJ\WIN32\OBJMGMTX\SCROLL.OBJ ACBP=A9
 0001:000AC618 00000027 C=CODE    S=_TEXT    G=(none)   M=C:\DEV\BCB_RTL.CB2010\WINRTL\OBJ\WIN32\OBJMGMTX\TEXTMODE.OBJ ACBP=A9
 0001:000AC640 0000005E C=CODE    S=_TEXT    G=(none)   M=C:\DEV\BCB_RTL.CB2010\WINRTL\OBJ\WIN32\OBJMGMTX\VALIDXY.OBJ ACBP=A9
 0001:000AC6A0 0000004A C=CODE    S=_TEXT    G=(none)   M=C:\DEV\BCB_RTL.CB2010\WINRTL\OBJ\WIN32\OBJMGMTX\VIDINFO.OBJ ACBP=A9
 0001:000AC6EC 000001EA C=CODE    S=_TEXT    G=(none)   M=C:\DEV\BCB_RTL.CB2010\WINRTL\OBJ\WIN32\OBJMGMTX\VRAM.OBJ ACBP=A9
 0001:000AC8D8 00000025 C=CODE    S=_TEXT    G=(none)   M=C:\DEV\BCB_RTL.CB2010\WINRTL\OBJ\WIN32\OBJMGMTX\WHEREXY.OBJ ACBP=A9
 0001:000AC900 0000005D C=CODE    S=_TEXT    G=(none)   M=C:\DEV\BCB_RTL.CB2010\WINRTL\OBJ\WIN32\OBJMGMTX\WINDOW.OBJ ACBP=A9
 0001:000AC960 00000055 C=CODE    S=_TEXT    G=(none)   M=C:\DEV\BCB_RTL.CB2010\WINRTL\OBJ\WIN32\OBJMGMTX\MEMCHR.OBJ ACBP=A9
 0001:000AC9B8 00000071 C=CODE    S=_TEXT    G=(none)   M=C:\DEV\BCB_RTL.CB2010\WINRTL\OBJ\WIN32\OBJMGMTX\WMEMCHR.OBJ ACBP=A9
 0001:000ACA2C 00000016 C=CODE    S=_TEXT    G=(none)   M=C:\DEV\BCB_RTL.CB2010\WINRTL\OBJ\WIN32\OBJMGMTX\MEMCPY.OBJ ACBP=A9
 0001:000ACA44 000000A8 C=CODE    S=_TEXT    G=(none)   M=C:\DEV\BCB_RTL.CB2010\WINRTL\OBJ\WIN32\OBJMGMTX\MEMCPY_S.OBJ ACBP=A9
 0001:000ACAEC 0000001C C=CODE    S=_TEXT    G=(none)   M=C:\DEV\BCB_RTL.CB2010\WINRTL\OBJ\WIN32\OBJMGMTX\WMEMCPY.OBJ ACBP=A9
 0001:000ACB08 000000AE C=CODE    S=_TEXT    G=(none)   M=C:\DEV\BCB_RTL.CB2010\WINRTL\OBJ\WIN32\OBJMGMTX\WMEMCPY_S.OBJ ACBP=A9
 0001:000ACBB8 00000117 C=CODE    S=_TEXT    G=(none)   M=C:\DEV\BCB_RTL.CB2010\WINRTL\OBJ\WIN32\OBJMGMTX\MEMMOVE.OBJ ACBP=A9
 0001:000ACCD0 0000001A C=CODE    S=_TEXT    G=(none)   M=C:\DEV\BCB_RTL.CB2010\WINRTL\OBJ\WIN32\OBJMGMTX\WMEMMOVE.OBJ ACBP=A9
 0001:000ACCEC 00000080 C=CODE    S=_TEXT    G=(none)   M=C:\DEV\BCB_RTL.CB2010\WINRTL\OBJ\WIN32\OBJMGMTX\MEMMOVE_S.OBJ ACBP=A9
 0001:000ACD6C 00000082 C=CODE    S=_TEXT    G=(none)   M=C:\DEV\BCB_RTL.CB2010\WINRTL\OBJ\WIN32\OBJMGMTX\WMEMMOVE_S.OBJ ACBP=A9
 0001:000ACDF0 000000B3 C=CODE    S=_TEXT    G=(none)   M=C:\DEV\BCB_RTL.CB2010\WINRTL\OBJ\WIN32\OBJMGMTX\MEMSET.OBJ ACBP=A9
 0001:000ACEA4 000000B8 C=CODE    S=_TEXT    G=(none)   M=C:\DEV\BCB_RTL.CB2010\WINRTL\OBJ\WIN32\OBJMGMTX\WMEMSET.OBJ ACBP=A9
 0001:000ACF5C 00000008 C=CODE    S=_TEXT    G=(none)   M=C:\DEV\BCB_RTL.CB2010\WINRTL\OBJ\WIN32\OBJMGMTX\STPCPY.OBJ ACBP=A9
 0001:000ACF64 0000005D C=CODE    S=_TEXT    G=(none)   M=C:\DEV\BCB_RTL.CB2010\WINRTL\OBJ\WIN32\OBJMGMTX\STRCAT.OBJ ACBP=A9
 0001:000ACFC4 000000DC C=CODE    S=_TEXT    G=(none)   M=C:\DEV\BCB_RTL.CB2010\WINRTL\OBJ\WIN32\OBJMGMTX\STRCAT_S.OBJ ACBP=A9
 0001:000AD0A0 0000004E C=CODE    S=_TEXT    G=(none)   M=C:\DEV\BCB_RTL.CB2010\WINRTL\OBJ\WIN32\OBJMGMTX\STRCHR.OBJ ACBP=A9
 0001:000AD0F0 0000004D C=CODE    S=_TEXT    G=(none)   M=C:\DEV\BCB_RTL.CB2010\WINRTL\OBJ\WIN32\OBJMGMTX\STRCMP.OBJ ACBP=A9
 0001:000AD140 00000049 C=CODE    S=_TEXT    G=(none)   M=C:\DEV\BCB_RTL.CB2010\WINRTL\OBJ\WIN32\OBJMGMTX\STRCPY.OBJ ACBP=A9
 0001:000AD18C 000000C0 C=CODE    S=_TEXT    G=(none)   M=C:\DEV\BCB_RTL.CB2010\WINRTL\OBJ\WIN32\OBJMGMTX\STRCPY_S.OBJ ACBP=A9
 0001:000AD24C 0000005A C=CODE    S=_TEXT    G=(none)   M=C:\DEV\BCB_RTL.CB2010\WINRTL\OBJ\WIN32\OBJMGMTX\STRLEN.OBJ ACBP=A9
 0001:000AD2A8 00000022 C=CODE    S=_TEXT    G=(none)   M=C:\DEV\BCB_RTL.CB2010\WINRTL\OBJ\WIN32\OBJMGMTX\STRNLEN_S.OBJ ACBP=A9
 0001:000AD2CC 0000007A C=CODE    S=_TEXT    G=(none)   M=C:\DEV\BCB_RTL.CB2010\WINRTL\OBJ\WIN32\OBJMGMTX\STRNCAT.OBJ ACBP=A9
 0001:000AD348 00000115 C=CODE    S=_TEXT    G=(none)   M=C:\DEV\BCB_RTL.CB2010\WINRTL\OBJ\WIN32\OBJMGMTX\STRNCAT_S.OBJ ACBP=A9
 0001:000AD460 0000005F C=CODE    S=_TEXT    G=(none)   M=C:\DEV\BCB_RTL.CB2010\WINRTL\OBJ\WIN32\OBJMGMTX\STRNCMP.OBJ ACBP=A9
 0001:000AD4C0 00000014 C=CODE    S=_TEXT    G=(none)   M=C:\DEV\BCB_RTL.CB2010\WINRTL\OBJ\WIN32\OBJMGMTX\__MEMCHR.OBJ ACBP=A9
 0001:000AD4D4 00000037 C=CODE    S=_TEXT    G=(none)   M=C:\DEV\BCB_RTL.CB2010\WINRTL\OBJ\WIN32\OBJMGMTX\MEMCCPY.OBJ ACBP=A9
 0001:000AD50C 0000006C C=CODE    S=_TEXT    G=(none)   M=C:\DEV\BCB_RTL.CB2010\WINRTL\OBJ\WIN32\OBJMGMTX\MEMCMP.OBJ ACBP=A9
 0001:000AD578 00000086 C=CODE    S=_TEXT    G=(none)   M=C:\DEV\BCB_RTL.CB2010\WINRTL\OBJ\WIN32\OBJMGMTX\MEMICMP.OBJ ACBP=A9
 0001:000AD600 0000002E C=CODE    S=_TEXT    G=(none)   M=C:\DEV\BCB_RTL.CB2010\WINRTL\OBJ\WIN32\OBJMGMTX\STRCSPN.OBJ ACBP=A9
 0001:000AD630 00000032 C=CODE    S=_TEXT    G=(none)   M=C:\DEV\BCB_RTL.CB2010\WINRTL\OBJ\WIN32\OBJMGMTX\STRDUP.OBJ ACBP=A9
 0001:000AD664 000000B3 C=CODE    S=_TEXT    G=(none)   M=C:\DEV\BCB_RTL.CB2010\WINRTL\OBJ\WIN32\OBJMGMTX\STRERROR.OBJ ACBP=A9
 0001:000AD718 000000B6 C=CODE    S=_TEXT    G=(none)   M=C:\DEV\BCB_RTL.CB2010\WINRTL\OBJ\WIN32\OBJMGMTX\STRERROR_S.OBJ ACBP=A9
 0001:000AD7D0 00000098 C=CODE    S=_TEXT    G=(none)   M=C:\DEV\BCB_RTL.CB2010\WINRTL\OBJ\WIN32\OBJMGMTX\STRICMP.OBJ ACBP=A9
 0001:000AD868 0000004F C=CODE    S=_TEXT    G=(none)   M=C:\DEV\BCB_RTL.CB2010\WINRTL\OBJ\WIN32\OBJMGMTX\STRNCPY.OBJ ACBP=A9
 0001:000AD8B8 000000E0 C=CODE    S=_TEXT    G=(none)   M=C:\DEV\BCB_RTL.CB2010\WINRTL\OBJ\WIN32\OBJMGMTX\STRNCPY_S.OBJ ACBP=A9
 0001:000AD998 000000CA C=CODE    S=_TEXT    G=(none)   M=C:\DEV\BCB_RTL.CB2010\WINRTL\OBJ\WIN32\OBJMGMTX\STRNICMP.OBJ ACBP=A9
 0001:000ADA64 0000002C C=CODE    S=_TEXT    G=(none)   M=C:\DEV\BCB_RTL.CB2010\WINRTL\OBJ\WIN32\OBJMGMTX\STRNSET.OBJ ACBP=A9
 0001:000ADA90 0000002D C=CODE    S=_TEXT    G=(none)   M=C:\DEV\BCB_RTL.CB2010\WINRTL\OBJ\WIN32\OBJMGMTX\STRPBRK.OBJ ACBP=A9
 0001:000ADAC0 00000029 C=CODE    S=_TEXT    G=(none)   M=C:\DEV\BCB_RTL.CB2010\WINRTL\OBJ\WIN32\OBJMGMTX\STRRCHR.OBJ ACBP=A9
 0001:000ADAEC 00000042 C=CODE    S=_TEXT    G=(none)   M=C:\DEV\BCB_RTL.CB2010\WINRTL\OBJ\WIN32\OBJMGMTX\STRREV.OBJ ACBP=A9
 0001:000ADB30 00000021 C=CODE    S=_TEXT    G=(none)   M=C:\DEV\BCB_RTL.CB2010\WINRTL\OBJ\WIN32\OBJMGMTX\STRSET.OBJ ACBP=A9
 0001:000ADB54 00000030 C=CODE    S=_TEXT    G=(none)   M=C:\DEV\BCB_RTL.CB2010\WINRTL\OBJ\WIN32\OBJMGMTX\STRSPN.OBJ ACBP=A9
 0001:000ADB84 00000060 C=CODE    S=_TEXT    G=(none)   M=C:\DEV\BCB_RTL.CB2010\WINRTL\OBJ\WIN32\OBJMGMTX\STRSTR.OBJ ACBP=A9
 0001:000ADBE4 00000082 C=CODE    S=_TEXT    G=(none)   M=C:\DEV\BCB_RTL.CB2010\WINRTL\OBJ\WIN32\OBJMGMTX\STRTOK.OBJ ACBP=A9
 0001:000ADC68 000000FC C=CODE    S=_TEXT    G=(none)   M=C:\DEV\BCB_RTL.CB2010\WINRTL\OBJ\WIN32\OBJMGMTX\STRTOK_S.OBJ ACBP=A9
 0001:000ADD64 00000037 C=CODE    S=_TEXT    G=(none)   M=C:\DEV\BCB_RTL.CB2010\WINRTL\OBJ\WIN32\OBJMGMTX\_STPCPY.OBJ ACBP=A9
 0001:000ADD9C 00000018 C=CODE    S=_TEXT    G=(none)   M=C:\DEV\BCB_RTL.CB2010\WINRTL\OBJ\WIN32\OBJMGMTX\WCSLEN.OBJ ACBP=A9
 0001:000ADDB4 00000025 C=CODE    S=_TEXT    G=(none)   M=C:\DEV\BCB_RTL.CB2010\WINRTL\OBJ\WIN32\OBJMGMTX\WCSNLEN_S.OBJ ACBP=A9
 0001:000ADDDC 0000003F C=CODE    S=_TEXT    G=(none)   M=C:\DEV\BCB_RTL.CB2010\WINRTL\OBJ\WIN32\OBJMGMTX\WCSCPY.OBJ ACBP=A9
 0001:000ADE1C 000000C6 C=CODE    S=_TEXT    G=(none)   M=C:\DEV\BCB_RTL.CB2010\WINRTL\OBJ\WIN32\OBJMGMTX\WCSCPY_S.OBJ ACBP=A9
 0001:000ADEE4 00000024 C=CODE    S=_TEXT    G=(none)   M=C:\DEV\BCB_RTL.CB2010\WINRTL\OBJ\WIN32\OBJMGMTX\WCSCAT.OBJ ACBP=A9
 0001:000ADF08 000000E4 C=CODE    S=_TEXT    G=(none)   M=C:\DEV\BCB_RTL.CB2010\WINRTL\OBJ\WIN32\OBJMGMTX\WCSCAT_S.OBJ ACBP=A9
 0001:000ADFEC 0000005B C=CODE    S=_TEXT    G=(none)   M=C:\DEV\BCB_RTL.CB2010\WINRTL\OBJ\WIN32\OBJMGMTX\WCSCHR.OBJ ACBP=A9
 0001:000AE048 00000057 C=CODE    S=_TEXT    G=(none)   M=C:\DEV\BCB_RTL.CB2010\WINRTL\OBJ\WIN32\OBJMGMTX\WCSCMP.OBJ ACBP=A9
 0001:000AE0A0 00000039 C=CODE    S=_TEXT    G=(none)   M=C:\DEV\BCB_RTL.CB2010\WINRTL\OBJ\WIN32\OBJMGMTX\WCSCSPN.OBJ ACBP=A9
 0001:000AE0DC 00000036 C=CODE    S=_TEXT    G=(none)   M=C:\DEV\BCB_RTL.CB2010\WINRTL\OBJ\WIN32\OBJMGMTX\WCSDUP.OBJ ACBP=A9
 0001:000AE114 0000006B C=CODE    S=_TEXT    G=(none)   M=C:\DEV\BCB_RTL.CB2010\WINRTL\OBJ\WIN32\OBJMGMTX\WCSNCMP.OBJ ACBP=A9
 0001:000AE180 00000057 C=CODE    S=_TEXT    G=(none)   M=C:\DEV\BCB_RTL.CB2010\WINRTL\OBJ\WIN32\OBJMGMTX\WCSNCPY.OBJ ACBP=A9
 0001:000AE1D8 000000EA C=CODE    S=_TEXT    G=(none)   M=C:\DEV\BCB_RTL.CB2010\WINRTL\OBJ\WIN32\OBJMGMTX\WCSNCPY_S.OBJ ACBP=A9
 0001:000AE2C4 0000002D C=CODE    S=_TEXT    G=(none)   M=C:\DEV\BCB_RTL.CB2010\WINRTL\OBJ\WIN32\OBJMGMTX\WCSNSET.OBJ ACBP=A9
 0001:000AE2F4 00000036 C=CODE    S=_TEXT    G=(none)   M=C:\DEV\BCB_RTL.CB2010\WINRTL\OBJ\WIN32\OBJMGMTX\WCSPBRK.OBJ ACBP=A9
 0001:000AE32C 0000002C C=CODE    S=_TEXT    G=(none)   M=C:\DEV\BCB_RTL.CB2010\WINRTL\OBJ\WIN32\OBJMGMTX\WCSRCHR.OBJ ACBP=A9
 0001:000AE358 0000004D C=CODE    S=_TEXT    G=(none)   M=C:\DEV\BCB_RTL.CB2010\WINRTL\OBJ\WIN32\OBJMGMTX\WCSREV.OBJ ACBP=A9
 0001:000AE3A8 00000022 C=CODE    S=_TEXT    G=(none)   M=C:\DEV\BCB_RTL.CB2010\WINRTL\OBJ\WIN32\OBJMGMTX\WCSSET.OBJ ACBP=A9
 0001:000AE3CC 00000041 C=CODE    S=_TEXT    G=(none)   M=C:\DEV\BCB_RTL.CB2010\WINRTL\OBJ\WIN32\OBJMGMTX\WCSSPN.OBJ ACBP=A9
 0001:000AE410 00000077 C=CODE    S=_TEXT    G=(none)   M=C:\DEV\BCB_RTL.CB2010\WINRTL\OBJ\WIN32\OBJMGMTX\WCSSTR.OBJ ACBP=A9
 0001:000AE488 0000009A C=CODE    S=_TEXT    G=(none)   M=C:\DEV\BCB_RTL.CB2010\WINRTL\OBJ\WIN32\OBJMGMTX\WCSTOK.OBJ ACBP=A9
 0001:000AE524 00000114 C=CODE    S=_TEXT    G=(none)   M=C:\DEV\BCB_RTL.CB2010\WINRTL\OBJ\WIN32\OBJMGMTX\WCSTOK_S.OBJ ACBP=A9
 0001:000AE638 0000009A C=CODE    S=_TEXT    G=(none)   M=C:\DEV\BCB_RTL.CB2010\WINRTL\OBJ\WIN32\OBJMGMTX\WCSNCAT.OBJ ACBP=A9
 0001:000AE6D4 00000123 C=CODE    S=_TEXT    G=(none)   M=C:\DEV\BCB_RTL.CB2010\WINRTL\OBJ\WIN32\OBJMGMTX\WCSNCAT_S.OBJ ACBP=A9
 0001:000AE7F8 0000002E C=CODE    S=_TEXT    G=(none)   M=C:\DEV\BCB_RTL.CB2010\WINRTL\OBJ\WIN32\OBJMGMTX\WCSPCPY.OBJ ACBP=A9
 0001:000AE828 000000A5 C=CODE    S=_TEXT    G=(none)   M=C:\DEV\BCB_RTL.CB2010\WINRTL\OBJ\WIN32\OBJMGMTX\WCSICMP.OBJ ACBP=A9
 0001:000AE8D0 000000E3 C=CODE    S=_TEXT    G=(none)   M=C:\DEV\BCB_RTL.CB2010\WINRTL\OBJ\WIN32\OBJMGMTX\WCSNICMP.OBJ ACBP=A9
 0001:000AE9B4 000000F3 C=CODE    S=_TEXT    G=(none)   M=C:\DEV\BCB_RTL.CB2010\WINRTL\OBJ\WIN32\OBJMGMTX\WCSERROR.OBJ ACBP=A9
 0001:000AEAA8 000000AD C=CODE    S=_TEXT    G=(none)   M=C:\DEV\BCB_RTL.CB2010\WINRTL\OBJ\WIN32\OBJMGMTX\WCSERROR_S.OBJ ACBP=A9
 0001:000AEB58 00002610 C=CODE    S=_TEXT    G=(none)   M=C:\DEV\BCB_RTL.CB2010\WINRTL\OBJ\WIN32\OBJMGMTX\XX.OBJ ACBP=A9
 0001:000B111C 00000070 C=CODE    S=_TEXT    G=(none)   M=C:\DEV\BCB_RTL.CB2010\WINRTL\OBJ\WIN32\OBJMGMTX\XXA.OBJ ACBP=A9
 0001:000B118C 00000F76 C=CODE    S=_TEXT    G=(none)   M=C:\DEV\BCB_RTL.CB2010\WINRTL\OBJ\WIN32\OBJMGMTX\XXTYPE.OBJ ACBP=A9
 0001:000B2102 0000005B C=CODE    S=_TEXT    G=(none)   M=C:\DEV\BCB_RTL.CB2010\WINRTL\OBJ\WIN32\OBJMGMTX\XXUT.OBJ ACBP=A9
 0001:000B212C 00000163 C=CODE    S=_TEXT    G=(none)   M=C:\DEV\BCB_RTL.CB2010\WINRTL\OBJ\WIN32\OBJMGMTX\XXV.OBJ ACBP=A9
 0001:000B2290 0000000A C=CODE    S=_TEXT    G=(none)   M=C:\DEV\BCB_RTL.CB2010\WINRTL\OBJ\WIN32\OBJMGMTX\DEFHANDL.OBJ ACBP=A9
 0001:000B229C 000001A5 C=CODE    S=_TEXT    G=(none)   M=C:\DEV\BCB_RTL.CB2010\WINRTL\OBJ\WIN32\OBJMGMTX\EXCEPT.OBJ ACBP=A9
 0001:000B2444 00000046 C=CODE    S=_TEXT    G=(none)   M=C:\DEV\BCB_RTL.CB2010\WINRTL\OBJ\WIN32\OBJMGMTX\SETEXC.OBJ ACBP=A9
 0001:000B248C 00000031 C=CODE    S=_TEXT    G=(none)   M=C:\DEV\BCB_RTL.CB2010\WINRTL\OBJ\WIN32\OBJMGMTX\TA.OBJ ACBP=A9
 0001:000B24C0 000010F8 C=CODE    S=_TEXT    G=(none)   M=C:\DEV\BCB_RTL.CB2010\WINRTL\OBJ\WIN32\OBJMGMTX\XMSG.OBJ ACBP=A9
 0001:000B3590 00000040 C=CODE    S=_TEXT    G=(none)   M=C:\DEV\BCB_RTL.CB2010\WINRTL\OBJ\WIN32\OBJMGMTX\__ACCESS.OBJ ACBP=A9
 0001:000B35D0 00000077 C=CODE    S=_TEXT    G=(none)   M=C:\DEV\BCB_RTL.CB2010\WINRTL\OBJ\WIN32\OBJMGMTX\__CLOSE.OBJ ACBP=A9
 0001:000B3648 00000013 C=CODE    S=_TEXT    G=(none)   M=C:\DEV\BCB_RTL.CB2010\WINRTL\OBJ\WIN32\OBJMGMTX\__DUP.OBJ ACBP=A9
 0001:000B365C 000000FC C=CODE    S=_TEXT    G=(none)   M=C:\DEV\BCB_RTL.CB2010\WINRTL\OBJ\WIN32\OBJMGMTX\__DUP2.OBJ ACBP=A9
 0001:000B3758 00000098 C=CODE    S=_TEXT    G=(none)   M=C:\DEV\BCB_RTL.CB2010\WINRTL\OBJ\WIN32\OBJMGMTX\__EOF.OBJ ACBP=A9
 0001:000B37F0 00000149 C=CODE    S=_TEXT    G=(none)   M=C:\DEV\BCB_RTL.CB2010\WINRTL\OBJ\WIN32\OBJMGMTX\__FTRUNC.OBJ ACBP=A9
 0001:000B393C 00000047 C=CODE    S=_TEXT    G=(none)   M=C:\DEV\BCB_RTL.CB2010\WINRTL\OBJ\WIN32\OBJMGMTX\__ISATTY.OBJ ACBP=A9
 0001:000B3984 00000084 C=CODE    S=_TEXT    G=(none)   M=C:\DEV\BCB_RTL.CB2010\WINRTL\OBJ\WIN32\OBJMGMTX\__LSEEK.OBJ ACBP=A9
 0001:000B3A08 0000021E C=CODE    S=_TEXT    G=(none)   M=C:\DEV\BCB_RTL.CB2010\WINRTL\OBJ\WIN32\OBJMGMTX\__OPEN.OBJ ACBP=A9
 0001:000B3C28 000001B2 C=CODE    S=_TEXT    G=(none)   M=C:\DEV\BCB_RTL.CB2010\WINRTL\OBJ\WIN32\OBJMGMTX\__READ.OBJ ACBP=A9
 0001:000B3DDC 0000021E C=CODE    S=_TEXT    G=(none)   M=C:\DEV\BCB_RTL.CB2010\WINRTL\OBJ\WIN32\OBJMGMTX\__WOPEN.OBJ ACBP=A9
 0001:000B3FFC 000001F4 C=CODE    S=_TEXT    G=(none)   M=C:\DEV\BCB_RTL.CB2010\WINRTL\OBJ\WIN32\OBJMGMTX\__WREAD.OBJ ACBP=A9
 0001:000B41F0 00000132 C=CODE    S=_TEXT    G=(none)   M=C:\DEV\BCB_RTL.CB2010\WINRTL\OBJ\WIN32\OBJMGMTX\__WRITE.OBJ ACBP=A9
 0001:000B4324 00000011 C=CODE    S=_TEXT    G=(none)   M=C:\DEV\BCB_RTL.CB2010\WINRTL\OBJ\WIN32\OBJMGMTX\_CFINFO.OBJ ACBP=A9
 0001:000B4338 0000008D C=CODE    S=_TEXT    G=(none)   M=C:\DEV\BCB_RTL.CB2010\WINRTL\OBJ\WIN32\OBJMGMTX\_CHMOD.OBJ ACBP=A9
 0001:000B43C8 0000001F C=CODE    S=_TEXT    G=(none)   M=C:\DEV\BCB_RTL.CB2010\WINRTL\OBJ\WIN32\OBJMGMTX\_CLOSE.OBJ ACBP=A9
 0001:000B43E8 00000056 C=CODE    S=_TEXT    G=(none)   M=C:\DEV\BCB_RTL.CB2010\WINRTL\OBJ\WIN32\OBJMGMTX\_COMMIT.OBJ ACBP=A9
 0001:000B4440 0000004D C=CODE    S=_TEXT    G=(none)   M=C:\DEV\BCB_RTL.CB2010\WINRTL\OBJ\WIN32\OBJMGMTX\_CREAT.OBJ ACBP=A9
 0001:000B4490 00000008 C=CODE    S=_TEXT    G=(none)   M=C:\DEV\BCB_RTL.CB2010\WINRTL\OBJ\WIN32\OBJMGMTX\_FCLOSAL.OBJ ACBP=A9
 0001:000B4498 00000055 C=CODE    S=_TEXT    G=(none)   M=C:\DEV\BCB_RTL.CB2010\WINRTL\OBJ\WIN32\OBJMGMTX\_FDOPEN.OBJ ACBP=A9
 0001:000B44F0 00000008 C=CODE    S=_TEXT    G=(none)   M=C:\DEV\BCB_RTL.CB2010\WINRTL\OBJ\WIN32\OBJMGMTX\_FGETCHR.OBJ ACBP=A9
 0001:000B44F8 00000008 C=CODE    S=_TEXT    G=(none)   M=C:\DEV\BCB_RTL.CB2010\WINRTL\OBJ\WIN32\OBJMGMTX\_FILENO.OBJ ACBP=A9
 0001:000B4500 00000042 C=CODE    S=_TEXT    G=(none)   M=C:\DEV\BCB_RTL.CB2010\WINRTL\OBJ\WIN32\OBJMGMTX\_FLSHALL.OBJ ACBP=A9
 0001:000B4544 0000001D C=CODE    S=_TEXT    G=(none)   M=C:\DEV\BCB_RTL.CB2010\WINRTL\OBJ\WIN32\OBJMGMTX\_FPUTC.OBJ ACBP=A9
 0001:000B4564 00000008 C=CODE    S=_TEXT    G=(none)   M=C:\DEV\BCB_RTL.CB2010\WINRTL\OBJ\WIN32\OBJMGMTX\_FPUTCHR.OBJ ACBP=A9
 0001:000B456C 0000001F C=CODE    S=_TEXT    G=(none)   M=C:\DEV\BCB_RTL.CB2010\WINRTL\OBJ\WIN32\OBJMGMTX\_FPUTWC.OBJ ACBP=A9
 0001:000B458C 00000035 C=CODE    S=_TEXT    G=(none)   M=C:\DEV\BCB_RTL.CB2010\WINRTL\OBJ\WIN32\OBJMGMTX\_FSOPEN.OBJ ACBP=A9
 0001:000B45C4 00000008 C=CODE    S=_TEXT    G=(none)   M=C:\DEV\BCB_RTL.CB2010\WINRTL\OBJ\WIN32\OBJMGMTX\_GETW.OBJ ACBP=A9
 0001:000B45CC 000000AB C=CODE    S=_TEXT    G=(none)   M=C:\DEV\BCB_RTL.CB2010\WINRTL\OBJ\WIN32\OBJMGMTX\_LSEEKI64.OBJ ACBP=A9
 0001:000B4678 00000008 C=CODE    S=_TEXT    G=(none)   M=C:\DEV\BCB_RTL.CB2010\WINRTL\OBJ\WIN32\OBJMGMTX\_MKDIR.OBJ ACBP=A9
 0001:000B4680 00000008 C=CODE    S=_TEXT    G=(none)   M=C:\DEV\BCB_RTL.CB2010\WINRTL\OBJ\WIN32\OBJMGMTX\_MKTEMP.OBJ ACBP=A9
 0001:000B4688 0000001F C=CODE    S=_TEXT    G=(none)   M=C:\DEV\BCB_RTL.CB2010\WINRTL\OBJ\WIN32\OBJMGMTX\_OPEN.OBJ ACBP=A9
 0001:000B46A8 000000DD C=CODE    S=_TEXT    G=(none)   M=C:\DEV\BCB_RTL.CB2010\WINRTL\OBJ\WIN32\OBJMGMTX\_PIPE.OBJ ACBP=A9
 0001:000B4788 0000020B C=CODE    S=_TEXT    G=(none)   M=C:\DEV\BCB_RTL.CB2010\WINRTL\OBJ\WIN32\OBJMGMTX\_POPEN.OBJ ACBP=A9
 0001:000B4994 00000008 C=CODE    S=_TEXT    G=(none)   M=C:\DEV\BCB_RTL.CB2010\WINRTL\OBJ\WIN32\OBJMGMTX\_PUTW.OBJ ACBP=A9
 0001:000B499C 00000075 C=CODE    S=_TEXT    G=(none)   M=C:\DEV\BCB_RTL.CB2010\WINRTL\OBJ\WIN32\OBJMGMTX\_READ.OBJ ACBP=A9
 0001:000B4A14 00000008 C=CODE    S=_TEXT    G=(none)   M=C:\DEV\BCB_RTL.CB2010\WINRTL\OBJ\WIN32\OBJMGMTX\_RMDIR.OBJ ACBP=A9
 0001:000B4A1C 00000008 C=CODE    S=_TEXT    G=(none)   M=C:\DEV\BCB_RTL.CB2010\WINRTL\OBJ\WIN32\OBJMGMTX\_RMTMP.OBJ ACBP=A9
 0001:000B4A24 00000008 C=CODE    S=_TEXT    G=(none)   M=C:\DEV\BCB_RTL.CB2010\WINRTL\OBJ\WIN32\OBJMGMTX\_SOPEN.OBJ ACBP=A9
 0001:000B4A2C 00000008 C=CODE    S=_TEXT    G=(none)   M=C:\DEV\BCB_RTL.CB2010\WINRTL\OBJ\WIN32\OBJMGMTX\_STAT.OBJ ACBP=A9
 0001:000B4A34 00000008 C=CODE    S=_TEXT    G=(none)   M=C:\DEV\BCB_RTL.CB2010\WINRTL\OBJ\WIN32\OBJMGMTX\_TEMPNAM.OBJ ACBP=A9
 0001:000B4A3C 00000017 C=CODE    S=_TEXT    G=(none)   M=C:\DEV\BCB_RTL.CB2010\WINRTL\OBJ\WIN32\OBJMGMTX\_UMASK.OBJ ACBP=A9
 0001:000B4A54 00000008 C=CODE    S=_TEXT    G=(none)   M=C:\DEV\BCB_RTL.CB2010\WINRTL\OBJ\WIN32\OBJMGMTX\_UNLINK.OBJ ACBP=A9
 0001:000B4A5C 00000008 C=CODE    S=_TEXT    G=(none)   M=C:\DEV\BCB_RTL.CB2010\WINRTL\OBJ\WIN32\OBJMGMTX\_UTIME.OBJ ACBP=A9
 0001:000B4A64 00000040 C=CODE    S=_TEXT    G=(none)   M=C:\DEV\BCB_RTL.CB2010\WINRTL\OBJ\WIN32\OBJMGMTX\_WACCESS.OBJ ACBP=A9
 0001:000B4AA4 00000045 C=CODE    S=_TEXT    G=(none)   M=C:\DEV\BCB_RTL.CB2010\WINRTL\OBJ\WIN32\OBJMGMTX\_WCHMOD.OBJ ACBP=A9
 0001:000B4AEC 0000004D C=CODE    S=_TEXT    G=(none)   M=C:\DEV\BCB_RTL.CB2010\WINRTL\OBJ\WIN32\OBJMGMTX\_WCREAT.OBJ ACBP=A9
 0001:000B4B3C 00000055 C=CODE    S=_TEXT    G=(none)   M=C:\DEV\BCB_RTL.CB2010\WINRTL\OBJ\WIN32\OBJMGMTX\_WFDOPEN.OBJ ACBP=A9
 0001:000B4B94 00000035 C=CODE    S=_TEXT    G=(none)   M=C:\DEV\BCB_RTL.CB2010\WINRTL\OBJ\WIN32\OBJMGMTX\_WFSOPEN.OBJ ACBP=A9
 0001:000B4BCC 0000001F C=CODE    S=_TEXT    G=(none)   M=C:\DEV\BCB_RTL.CB2010\WINRTL\OBJ\WIN32\OBJMGMTX\_WOPEN.OBJ ACBP=A9
 0001:000B4BEC 000001AC C=CODE    S=_TEXT    G=(none)   M=C:\DEV\BCB_RTL.CB2010\WINRTL\OBJ\WIN32\OBJMGMTX\_WPOPEN.OBJ ACBP=A9
 0001:000B4D98 00000061 C=CODE    S=_TEXT    G=(none)   M=C:\DEV\BCB_RTL.CB2010\WINRTL\OBJ\WIN32\OBJMGMTX\_WRITE.OBJ ACBP=A9
 0001:000B4DFC 00000008 C=CODE    S=_TEXT    G=(none)   M=C:\DEV\BCB_RTL.CB2010\WINRTL\OBJ\WIN32\OBJMGMTX\ACCESS.OBJ ACBP=A9
 0001:000B4E04 0000007D C=CODE    S=_TEXT    G=(none)   M=C:\DEV\BCB_RTL.CB2010\WINRTL\OBJ\WIN32\OBJMGMTX\ALLOCBUF.OBJ ACBP=A9
 0001:000B4E84 0000008F C=CODE    S=_TEXT    G=(none)   M=C:\DEV\BCB_RTL.CB2010\WINRTL\OBJ\WIN32\OBJMGMTX\CHDIR.OBJ ACBP=A9
 0001:000B4F14 0000009C C=CODE    S=_TEXT    G=(none)   M=C:\DEV\BCB_RTL.CB2010\WINRTL\OBJ\WIN32\OBJMGMTX\CHDRIVE.OBJ ACBP=A9
 0001:000B4FB0 00000041 C=CODE    S=_TEXT    G=(none)   M=C:\DEV\BCB_RTL.CB2010\WINRTL\OBJ\WIN32\OBJMGMTX\CHMOD.OBJ ACBP=A9
 0001:000B4FF4 00000008 C=CODE    S=_TEXT    G=(none)   M=C:\DEV\BCB_RTL.CB2010\WINRTL\OBJ\WIN32\OBJMGMTX\CHSIZE.OBJ ACBP=A9
 0001:000B4FFC 0000000E C=CODE    S=_TEXT    G=(none)   M=C:\DEV\BCB_RTL.CB2010\WINRTL\OBJ\WIN32\OBJMGMTX\CLEARERR.OBJ ACBP=A9
 0001:000B500C 00000008 C=CODE    S=_TEXT    G=(none)   M=C:\DEV\BCB_RTL.CB2010\WINRTL\OBJ\WIN32\OBJMGMTX\CLOSE.OBJ ACBP=A9
 0001:000B5014 0000004F C=CODE    S=_TEXT    G=(none)   M=C:\DEV\BCB_RTL.CB2010\WINRTL\OBJ\WIN32\OBJMGMTX\CLOSEALL.OBJ ACBP=A9
 0001:000B5064 0000004F C=CODE    S=_TEXT    G=(none)   M=C:\DEV\BCB_RTL.CB2010\WINRTL\OBJ\WIN32\OBJMGMTX\CREAT.OBJ ACBP=A9
 0001:000B50B4 000000A1 C=CODE    S=_TEXT    G=(none)   M=C:\DEV\BCB_RTL.CB2010\WINRTL\OBJ\WIN32\OBJMGMTX\CREATEMP.OBJ ACBP=A9
 0001:000B5158 00000041 C=CODE    S=_TEXT    G=(none)   M=C:\DEV\BCB_RTL.CB2010\WINRTL\OBJ\WIN32\OBJMGMTX\CREATNEW.OBJ ACBP=A9
 0001:000B519C 000001CC C=CODE    S=_TEXT    G=(none)   M=C:\DEV\BCB_RTL.CB2010\WINRTL\OBJ\WIN32\OBJMGMTX\DIRECT.OBJ ACBP=A9
 0001:000B5368 0000001E C=CODE    S=_TEXT    G=(none)   M=C:\DEV\BCB_RTL.CB2010\WINRTL\OBJ\WIN32\OBJMGMTX\DOSCLOSE.OBJ ACBP=A9
 0001:000B5388 000000E7 C=CODE    S=_TEXT    G=(none)   M=C:\DEV\BCB_RTL.CB2010\WINRTL\OBJ\WIN32\OBJMGMTX\DOSCREAT.OBJ ACBP=A9
 0001:000B5470 00000070 C=CODE    S=_TEXT    G=(none)   M=C:\DEV\BCB_RTL.CB2010\WINRTL\OBJ\WIN32\OBJMGMTX\DOSDFREE.OBJ ACBP=A9
 0001:000B54E0 00000047 C=CODE    S=_TEXT    G=(none)   M=C:\DEV\BCB_RTL.CB2010\WINRTL\OBJ\WIN32\OBJMGMTX\DOSFATTR.OBJ ACBP=A9
 0001:000B5528 0000003E C=CODE    S=_TEXT    G=(none)   M=C:\DEV\BCB_RTL.CB2010\WINRTL\OBJ\WIN32\OBJMGMTX\DOSFIND.OBJ ACBP=A9
 0001:000B5568 000000EC C=CODE    S=_TEXT    G=(none)   M=C:\DEV\BCB_RTL.CB2010\WINRTL\OBJ\WIN32\OBJMGMTX\DOSGDRIV.OBJ ACBP=A9
 0001:000B5654 0000008B C=CODE    S=_TEXT    G=(none)   M=C:\DEV\BCB_RTL.CB2010\WINRTL\OBJ\WIN32\OBJMGMTX\DOSGFTIM.OBJ ACBP=A9
 0001:000B56E0 00000037 C=CODE    S=_TEXT    G=(none)   M=C:\DEV\BCB_RTL.CB2010\WINRTL\OBJ\WIN32\OBJMGMTX\DOSOPEN.OBJ ACBP=A9
 0001:000B5718 00000052 C=CODE    S=_TEXT    G=(none)   M=C:\DEV\BCB_RTL.CB2010\WINRTL\OBJ\WIN32\OBJMGMTX\DOSREAD.OBJ ACBP=A9
 0001:000B576C 00000071 C=CODE    S=_TEXT    G=(none)   M=C:\DEV\BCB_RTL.CB2010\WINRTL\OBJ\WIN32\OBJMGMTX\DOSSFTIM.OBJ ACBP=A9
 0001:000B57E0 00000052 C=CODE    S=_TEXT    G=(none)   M=C:\DEV\BCB_RTL.CB2010\WINRTL\OBJ\WIN32\OBJMGMTX\DOSWRITE.OBJ ACBP=A9
 0001:000B5834 00000008 C=CODE    S=_TEXT    G=(none)   M=C:\DEV\BCB_RTL.CB2010\WINRTL\OBJ\WIN32\OBJMGMTX\DUP.OBJ ACBP=A9
 0001:000B583C 00000008 C=CODE    S=_TEXT    G=(none)   M=C:\DEV\BCB_RTL.CB2010\WINRTL\OBJ\WIN32\OBJMGMTX\DUP2.OBJ ACBP=A9
 0001:000B5844 00000008 C=CODE    S=_TEXT    G=(none)   M=C:\DEV\BCB_RTL.CB2010\WINRTL\OBJ\WIN32\OBJMGMTX\EOF.OBJ ACBP=A9
 0001:000B584C 0000009F C=CODE    S=_TEXT    G=(none)   M=C:\DEV\BCB_RTL.CB2010\WINRTL\OBJ\WIN32\OBJMGMTX\FCLOSE.OBJ ACBP=A9
 0001:000B58EC 00000008 C=CODE    S=_TEXT    G=(none)   M=C:\DEV\BCB_RTL.CB2010\WINRTL\OBJ\WIN32\OBJMGMTX\FDOPEN.OBJ ACBP=A9
 0001:000B58F4 00000260 C=CODE    S=_TEXT    G=(none)   M=C:\DEV\BCB_RTL.CB2010\WINRTL\OBJ\WIN32\OBJMGMTX\FFILE.OBJ ACBP=A9
 0001:000B5B54 00000258 C=CODE    S=_TEXT    G=(none)   M=C:\DEV\BCB_RTL.CB2010\WINRTL\OBJ\WIN32\OBJMGMTX\FFILE64.OBJ ACBP=A9
 0001:000B5DAC 0000008F C=CODE    S=_TEXT    G=(none)   M=C:\DEV\BCB_RTL.CB2010\WINRTL\OBJ\WIN32\OBJMGMTX\FFLUSH.OBJ ACBP=A9
 0001:000B5E3C 00000028 C=CODE    S=_TEXT    G=(none)   M=C:\DEV\BCB_RTL.CB2010\WINRTL\OBJ\WIN32\OBJMGMTX\FGETCHAR.OBJ ACBP=A9
 0001:000B5E64 0000001E C=CODE    S=_TEXT    G=(none)   M=C:\DEV\BCB_RTL.CB2010\WINRTL\OBJ\WIN32\OBJMGMTX\FGETPOS.OBJ ACBP=A9
 0001:000B5E84 00000137 C=CODE    S=_TEXT    G=(none)   M=C:\DEV\BCB_RTL.CB2010\WINRTL\OBJ\WIN32\OBJMGMTX\FGETS.OBJ ACBP=A9
 0001:000B5FBC 00000028 C=CODE    S=_TEXT    G=(none)   M=C:\DEV\BCB_RTL.CB2010\WINRTL\OBJ\WIN32\OBJMGMTX\FGETWCHR.OBJ ACBP=A9
 0001:000B5FE4 00000141 C=CODE    S=_TEXT    G=(none)   M=C:\DEV\BCB_RTL.CB2010\WINRTL\OBJ\WIN32\OBJMGMTX\FGETWS.OBJ ACBP=A9
 0001:000B6128 0000039C C=CODE    S=_TEXT    G=(none)   M=C:\DEV\BCB_RTL.CB2010\WINRTL\OBJ\WIN32\OBJMGMTX\FINDFRST.OBJ ACBP=A9
 0001:000B64C4 00000049 C=CODE    S=_TEXT    G=(none)   M=C:\DEV\BCB_RTL.CB2010\WINRTL\OBJ\WIN32\OBJMGMTX\FLENGTH.OBJ ACBP=A9
 0001:000B6510 00000008 C=CODE    S=_TEXT    G=(none)   M=C:\DEV\BCB_RTL.CB2010\WINRTL\OBJ\WIN32\OBJMGMTX\FLUSHALL.OBJ ACBP=A9
 0001:000B6518 00000064 C=CODE    S=_TEXT    G=(none)   M=C:\DEV\BCB_RTL.CB2010\WINRTL\OBJ\WIN32\OBJMGMTX\FLUSHOUT.OBJ ACBP=A9
 0001:000B657C 00000023 C=CODE    S=_TEXT    G=(none)   M=C:\DEV\BCB_RTL.CB2010\WINRTL\OBJ\WIN32\OBJMGMTX\FMODEPTR.OBJ ACBP=A9
 0001:000B65A0 00000021 C=CODE    S=_TEXT    G=(none)   M=C:\DEV\BCB_RTL.CB2010\WINRTL\OBJ\WIN32\OBJMGMTX\FNMERGE.OBJ ACBP=A9
 0001:000B65C4 00000008 C=CODE    S=_TEXT    G=(none)   M=C:\DEV\BCB_RTL.CB2010\WINRTL\OBJ\WIN32\OBJMGMTX\FNSPLIT.OBJ ACBP=A9
 0001:000B65CC 00000227 C=CODE    S=_TEXT    G=(none)   M=C:\DEV\BCB_RTL.CB2010\WINRTL\OBJ\WIN32\OBJMGMTX\FOPEN.OBJ ACBP=A9
 0001:000B67F4 0000005E C=CODE    S=_TEXT    G=(none)   M=C:\DEV\BCB_RTL.CB2010\WINRTL\OBJ\WIN32\OBJMGMTX\FOPEN_S.OBJ ACBP=A9
 0001:000B6854 00000038 C=CODE    S=_TEXT    G=(none)   M=C:\DEV\BCB_RTL.CB2010\WINRTL\OBJ\WIN32\OBJMGMTX\FPRINTF.OBJ ACBP=A9
 0001:000B688C 00000038 C=CODE    S=_TEXT    G=(none)   M=C:\DEV\BCB_RTL.CB2010\WINRTL\OBJ\WIN32\OBJMGMTX\FPRINTFW.OBJ ACBP=A9
 0001:000B68C4 00000070 C=CODE    S=_TEXT    G=(none)   M=C:\DEV\BCB_RTL.CB2010\WINRTL\OBJ\WIN32\OBJMGMTX\FPRINTF_S.OBJ ACBP=A9
 0001:000B6934 00000070 C=CODE    S=_TEXT    G=(none)   M=C:\DEV\BCB_RTL.CB2010\WINRTL\OBJ\WIN32\OBJMGMTX\FPRINTFW_S.OBJ ACBP=A9
 0001:000B69A4 00000032 C=CODE    S=_TEXT    G=(none)   M=C:\DEV\BCB_RTL.CB2010\WINRTL\OBJ\WIN32\OBJMGMTX\FPUTCHAR.OBJ ACBP=A9
 0001:000B69D8 000000DB C=CODE    S=_TEXT    G=(none)   M=C:\DEV\BCB_RTL.CB2010\WINRTL\OBJ\WIN32\OBJMGMTX\FPUTN.OBJ ACBP=A9
 0001:000B6AB4 0000003B C=CODE    S=_TEXT    G=(none)   M=C:\DEV\BCB_RTL.CB2010\WINRTL\OBJ\WIN32\OBJMGMTX\FPUTNW.OBJ ACBP=A9
 0001:000B6AF0 00000068 C=CODE    S=_TEXT    G=(none)   M=C:\DEV\BCB_RTL.CB2010\WINRTL\OBJ\WIN32\OBJMGMTX\FPUTS.OBJ ACBP=A9
 0001:000B6B58 00000033 C=CODE    S=_TEXT    G=(none)   M=C:\DEV\BCB_RTL.CB2010\WINRTL\OBJ\WIN32\OBJMGMTX\FPUTWCHR.OBJ ACBP=A9
 0001:000B6B8C 00000087 C=CODE    S=_TEXT    G=(none)   M=C:\DEV\BCB_RTL.CB2010\WINRTL\OBJ\WIN32\OBJMGMTX\FPUTWS.OBJ ACBP=A9
 0001:000B6C14 00000177 C=CODE    S=_TEXT    G=(none)   M=C:\DEV\BCB_RTL.CB2010\WINRTL\OBJ\WIN32\OBJMGMTX\FREAD.OBJ ACBP=A9
 0001:000B6D8C 0000004B C=CODE    S=_TEXT    G=(none)   M=C:\DEV\BCB_RTL.CB2010\WINRTL\OBJ\WIN32\OBJMGMTX\FREOPEN.OBJ ACBP=A9
 0001:000B6DD8 00000060 C=CODE    S=_TEXT    G=(none)   M=C:\DEV\BCB_RTL.CB2010\WINRTL\OBJ\WIN32\OBJMGMTX\FREOPEN_S.OBJ ACBP=A9
 0001:000B6E38 00000039 C=CODE    S=_TEXT    G=(none)   M=C:\DEV\BCB_RTL.CB2010\WINRTL\OBJ\WIN32\OBJMGMTX\FSCANF.OBJ ACBP=A9
 0001:000B6E74 00000039 C=CODE    S=_TEXT    G=(none)   M=C:\DEV\BCB_RTL.CB2010\WINRTL\OBJ\WIN32\OBJMGMTX\FSCANFW.OBJ ACBP=A9
 0001:000B6EB0 00000073 C=CODE    S=_TEXT    G=(none)   M=C:\DEV\BCB_RTL.CB2010\WINRTL\OBJ\WIN32\OBJMGMTX\FSCANF_S.OBJ ACBP=A9
 0001:000B6F24 00000073 C=CODE    S=_TEXT    G=(none)   M=C:\DEV\BCB_RTL.CB2010\WINRTL\OBJ\WIN32\OBJMGMTX\FSCANFW_S.OBJ ACBP=A9
 0001:000B6F98 0000016A C=CODE    S=_TEXT    G=(none)   M=C:\DEV\BCB_RTL.CB2010\WINRTL\OBJ\WIN32\OBJMGMTX\FSEEK.OBJ ACBP=A9
 0001:000B7104 000001C5 C=CODE    S=_TEXT    G=(none)   M=C:\DEV\BCB_RTL.CB2010\WINRTL\OBJ\WIN32\OBJMGMTX\FSEEKI64.OBJ ACBP=A9
 0001:000B72CC 0000017A C=CODE    S=_TEXT    G=(none)   M=C:\DEV\BCB_RTL.CB2010\WINRTL\OBJ\WIN32\OBJMGMTX\FSEEKO.OBJ ACBP=A9
 0001:000B7448 00000019 C=CODE    S=_TEXT    G=(none)   M=C:\DEV\BCB_RTL.CB2010\WINRTL\OBJ\WIN32\OBJMGMTX\FSETPOS.OBJ ACBP=A9
 0001:000B7464 000000A3 C=CODE    S=_TEXT    G=(none)   M=C:\DEV\BCB_RTL.CB2010\WINRTL\OBJ\WIN32\OBJMGMTX\FSTAT.OBJ ACBP=A9
 0001:000B7508 000000A7 C=CODE    S=_TEXT    G=(none)   M=C:\DEV\BCB_RTL.CB2010\WINRTL\OBJ\WIN32\OBJMGMTX\FSTATI64.OBJ ACBP=A9
 0001:000B75B0 00000008 C=CODE    S=_TEXT    G=(none)   M=C:\DEV\BCB_RTL.CB2010\WINRTL\OBJ\WIN32\OBJMGMTX\FTRUNCAT.OBJ ACBP=A9
 0001:000B75B8 000000DB C=CODE    S=_TEXT    G=(none)   M=C:\DEV\BCB_RTL.CB2010\WINRTL\OBJ\WIN32\OBJMGMTX\FULLPATH.OBJ ACBP=A9
 0001:000B7694 00000045 C=CODE    S=_TEXT    G=(none)   M=C:\DEV\BCB_RTL.CB2010\WINRTL\OBJ\WIN32\OBJMGMTX\FWRITE.OBJ ACBP=A9
 0001:000B76DC 0000003F C=CODE    S=_TEXT    G=(none)   M=C:\DEV\BCB_RTL.CB2010\WINRTL\OBJ\WIN32\OBJMGMTX\GETCURDI.OBJ ACBP=A9
 0001:000B771C 00000017 C=CODE    S=_TEXT    G=(none)   M=C:\DEV\BCB_RTL.CB2010\WINRTL\OBJ\WIN32\OBJMGMTX\GETCWD.OBJ ACBP=A9
 0001:000B7734 0000014A C=CODE    S=_TEXT    G=(none)   M=C:\DEV\BCB_RTL.CB2010\WINRTL\OBJ\WIN32\OBJMGMTX\GETDCWD.OBJ ACBP=A9
 0001:000B7880 0000006A C=CODE    S=_TEXT    G=(none)   M=C:\DEV\BCB_RTL.CB2010\WINRTL\OBJ\WIN32\OBJMGMTX\GETDFREE.OBJ ACBP=A9
 0001:000B78EC 0000002B C=CODE    S=_TEXT    G=(none)   M=C:\DEV\BCB_RTL.CB2010\WINRTL\OBJ\WIN32\OBJMGMTX\GETDISK.OBJ ACBP=A9
 0001:000B7918 00000006 C=CODE    S=_TEXT    G=(none)   M=C:\DEV\BCB_RTL.CB2010\WINRTL\OBJ\WIN32\OBJMGMTX\GETDRIVE.OBJ ACBP=A9
 0001:000B7920 0000003B C=CODE    S=_TEXT    G=(none)   M=C:\DEV\BCB_RTL.CB2010\WINRTL\OBJ\WIN32\OBJMGMTX\GETFTIME.OBJ ACBP=A9
 0001:000B795C 00000067 C=CODE    S=_TEXT    G=(none)   M=C:\DEV\BCB_RTL.CB2010\WINRTL\OBJ\WIN32\OBJMGMTX\GETS.OBJ ACBP=A9
 0001:000B79C4 00000130 C=CODE    S=_TEXT    G=(none)   M=C:\DEV\BCB_RTL.CB2010\WINRTL\OBJ\WIN32\OBJMGMTX\GETS_S.OBJ ACBP=A9
 0001:000B7AF4 0000004C C=CODE    S=_TEXT    G=(none)   M=C:\DEV\BCB_RTL.CB2010\WINRTL\OBJ\WIN32\OBJMGMTX\GETW.OBJ ACBP=A9
 0001:000B7B40 0000006C C=CODE    S=_TEXT    G=(none)   M=C:\DEV\BCB_RTL.CB2010\WINRTL\OBJ\WIN32\OBJMGMTX\GETWS.OBJ ACBP=A9
 0001:000B7BAC 0000040B C=CODE    S=_TEXT    G=(none)   M=C:\DEV\BCB_RTL.CB2010\WINRTL\OBJ\WIN32\OBJMGMTX\HANDLES.OBJ ACBP=A9
 0001:000B7FB8 0000008A C=CODE    S=_TEXT    G=(none)   M=C:\DEV\BCB_RTL.CB2010\WINRTL\OBJ\WIN32\OBJMGMTX\IOERROR.OBJ ACBP=A9
 0001:000B8044 000000AC C=CODE    S=_TEXT    G=(none)   M=C:\DEV\BCB_RTL.CB2010\WINRTL\OBJ\WIN32\OBJMGMTX\IOMACRO.OBJ ACBP=A9
 0001:000B80F0 00000008 C=CODE    S=_TEXT    G=(none)   M=C:\DEV\BCB_RTL.CB2010\WINRTL\OBJ\WIN32\OBJMGMTX\ISATTY.OBJ ACBP=A9
 0001:000B80F8 000001A4 C=CODE    S=_TEXT    G=(none)   M=C:\DEV\BCB_RTL.CB2010\WINRTL\OBJ\WIN32\OBJMGMTX\LGETC.OBJ ACBP=A9
 0001:000B829C 000001B0 C=CODE    S=_TEXT    G=(none)   M=C:\DEV\BCB_RTL.CB2010\WINRTL\OBJ\WIN32\OBJMGMTX\LGETWC.OBJ ACBP=A9
 0001:000B844C 000000AD C=CODE    S=_TEXT    G=(none)   M=C:\DEV\BCB_RTL.CB2010\WINRTL\OBJ\WIN32\OBJMGMTX\LOCK.OBJ ACBP=A9
 0001:000B84FC 00000135 C=CODE    S=_TEXT    G=(none)   M=C:\DEV\BCB_RTL.CB2010\WINRTL\OBJ\WIN32\OBJMGMTX\LOCKING.OBJ ACBP=A9
 0001:000B8634 0000011A C=CODE    S=_TEXT    G=(none)   M=C:\DEV\BCB_RTL.CB2010\WINRTL\OBJ\WIN32\OBJMGMTX\LPUTC.OBJ ACBP=A9
 0001:000B8750 00000141 C=CODE    S=_TEXT    G=(none)   M=C:\DEV\BCB_RTL.CB2010\WINRTL\OBJ\WIN32\OBJMGMTX\LPUTWC.OBJ ACBP=A9
 0001:000B8894 00000008 C=CODE    S=_TEXT    G=(none)   M=C:\DEV\BCB_RTL.CB2010\WINRTL\OBJ\WIN32\OBJMGMTX\LSEEK.OBJ ACBP=A9
 0001:000B889C 0000009A C=CODE    S=_TEXT    G=(none)   M=C:\DEV\BCB_RTL.CB2010\WINRTL\OBJ\WIN32\OBJMGMTX\MAKEPATH.OBJ ACBP=A9
 0001:000B8938 0000001C C=CODE    S=_TEXT    G=(none)   M=C:\DEV\BCB_RTL.CB2010\WINRTL\OBJ\WIN32\OBJMGMTX\MKDIR.OBJ ACBP=A9
 0001:000B8954 00000099 C=CODE    S=_TEXT    G=(none)   M=C:\DEV\BCB_RTL.CB2010\WINRTL\OBJ\WIN32\OBJMGMTX\MKNAME.OBJ ACBP=A9
 0001:000B89F0 000000A9 C=CODE    S=_TEXT    G=(none)   M=C:\DEV\BCB_RTL.CB2010\WINRTL\OBJ\WIN32\OBJMGMTX\MKTEMP.OBJ ACBP=A9
 0001:000B8A9C 00000010 C=CODE    S=_TEXT    G=(none)   M=C:\DEV\BCB_RTL.CB2010\WINRTL\OBJ\WIN32\OBJMGMTX\OPEN.OBJ ACBP=A9
 0001:000B8AAC 0000007E C=CODE    S=_TEXT    G=(none)   M=C:\DEV\BCB_RTL.CB2010\WINRTL\OBJ\WIN32\OBJMGMTX\OSHANDLE.OBJ ACBP=A9
 0001:000B8B2C 00000083 C=CODE    S=_TEXT    G=(none)   M=C:\DEV\BCB_RTL.CB2010\WINRTL\OBJ\WIN32\OBJMGMTX\PERROR.OBJ ACBP=A9
 0001:000B8BB0 0000003F C=CODE    S=_TEXT    G=(none)   M=C:\DEV\BCB_RTL.CB2010\WINRTL\OBJ\WIN32\OBJMGMTX\PRINTF.OBJ ACBP=A9
 0001:000B8BF0 00000074 C=CODE    S=_TEXT    G=(none)   M=C:\DEV\BCB_RTL.CB2010\WINRTL\OBJ\WIN32\OBJMGMTX\PRINTF_S.OBJ ACBP=A9
 0001:000B8C64 0000003F C=CODE    S=_TEXT    G=(none)   M=C:\DEV\BCB_RTL.CB2010\WINRTL\OBJ\WIN32\OBJMGMTX\PRINTFW.OBJ ACBP=A9
 0001:000B8CA4 00000074 C=CODE    S=_TEXT    G=(none)   M=C:\DEV\BCB_RTL.CB2010\WINRTL\OBJ\WIN32\OBJMGMTX\PRINTFW_S.OBJ ACBP=A9
 0001:000B8D18 00000066 C=CODE    S=_TEXT    G=(none)   M=C:\DEV\BCB_RTL.CB2010\WINRTL\OBJ\WIN32\OBJMGMTX\PUTS.OBJ ACBP=A9
 0001:000B8D80 00000046 C=CODE    S=_TEXT    G=(none)   M=C:\DEV\BCB_RTL.CB2010\WINRTL\OBJ\WIN32\OBJMGMTX\PUTW.OBJ ACBP=A9
 0001:000B8DC8 00000089 C=CODE    S=_TEXT    G=(none)   M=C:\DEV\BCB_RTL.CB2010\WINRTL\OBJ\WIN32\OBJMGMTX\PUTWS.OBJ ACBP=A9
 0001:000B8E54 00000008 C=CODE    S=_TEXT    G=(none)   M=C:\DEV\BCB_RTL.CB2010\WINRTL\OBJ\WIN32\OBJMGMTX\READ.OBJ ACBP=A9
 0001:000B8E5C 00000010 C=CODE    S=_TEXT    G=(none)   M=C:\DEV\BCB_RTL.CB2010\WINRTL\OBJ\WIN32\OBJMGMTX\REMOVE.OBJ ACBP=A9
 0001:000B8E6C 0000001E C=CODE    S=_TEXT    G=(none)   M=C:\DEV\BCB_RTL.CB2010\WINRTL\OBJ\WIN32\OBJMGMTX\RENAME.OBJ ACBP=A9
 0001:000B8E8C 0000002F C=CODE    S=_TEXT    G=(none)   M=C:\DEV\BCB_RTL.CB2010\WINRTL\OBJ\WIN32\OBJMGMTX\REWIND.OBJ ACBP=A9
 0001:000B8EBC 0000001A C=CODE    S=_TEXT    G=(none)   M=C:\DEV\BCB_RTL.CB2010\WINRTL\OBJ\WIN32\OBJMGMTX\RMDIR.OBJ ACBP=A9
 0001:000B8ED8 0000003D C=CODE    S=_TEXT    G=(none)   M=C:\DEV\BCB_RTL.CB2010\WINRTL\OBJ\WIN32\OBJMGMTX\RMTMP.OBJ ACBP=A9
 0001:000B8F18 00000040 C=CODE    S=_TEXT    G=(none)   M=C:\DEV\BCB_RTL.CB2010\WINRTL\OBJ\WIN32\OBJMGMTX\SCANF.OBJ ACBP=A9
 0001:000B8F58 00000040 C=CODE    S=_TEXT    G=(none)   M=C:\DEV\BCB_RTL.CB2010\WINRTL\OBJ\WIN32\OBJMGMTX\SCANFW.OBJ ACBP=A9
 0001:000B8F98 00000076 C=CODE    S=_TEXT    G=(none)   M=C:\DEV\BCB_RTL.CB2010\WINRTL\OBJ\WIN32\OBJMGMTX\SCANF_S.OBJ ACBP=A9
 0001:000B9010 00000076 C=CODE    S=_TEXT    G=(none)   M=C:\DEV\BCB_RTL.CB2010\WINRTL\OBJ\WIN32\OBJMGMTX\SCANFW_S.OBJ ACBP=A9
 0001:000B9088 0000082E C=CODE    S=_TEXT    G=(none)   M=C:\DEV\BCB_RTL.CB2010\WINRTL\OBJ\WIN32\OBJMGMTX\SCANNER.OBJ ACBP=A9
 0001:000B98B8 000008D4 C=CODE    S=_TEXT    G=(none)   M=C:\DEV\BCB_RTL.CB2010\WINRTL\OBJ\WIN32\OBJMGMTX\SCANNERW.OBJ ACBP=A9
 0001:000BA18C 00000901 C=CODE    S=_TEXT    G=(none)   M=C:\DEV\BCB_RTL.CB2010\WINRTL\OBJ\WIN32\OBJMGMTX\SCANNER_S.OBJ ACBP=A9
 0001:000BAA90 000009A4 C=CODE    S=_TEXT    G=(none)   M=C:\DEV\BCB_RTL.CB2010\WINRTL\OBJ\WIN32\OBJMGMTX\SCANNERW_S.OBJ ACBP=A9
 0001:000BB434 000001CB C=CODE    S=_TEXT    G=(none)   M=C:\DEV\BCB_RTL.CB2010\WINRTL\OBJ\WIN32\OBJMGMTX\SCANTOL.OBJ ACBP=A9
 0001:000BB600 000001EA C=CODE    S=_TEXT    G=(none)   M=C:\DEV\BCB_RTL.CB2010\WINRTL\OBJ\WIN32\OBJMGMTX\SCANWTOL.OBJ ACBP=A9
 0001:000BB7EC 00000230 C=CODE    S=_TEXT    G=(none)   M=C:\DEV\BCB_RTL.CB2010\WINRTL\OBJ\WIN32\OBJMGMTX\SCN2I64.OBJ ACBP=A9
 0001:000BBA1C 0000024F C=CODE    S=_TEXT    G=(none)   M=C:\DEV\BCB_RTL.CB2010\WINRTL\OBJ\WIN32\OBJMGMTX\SCN2I64W.OBJ ACBP=A9
 0001:000BBC6C 00000028 C=CODE    S=_TEXT    G=(none)   M=C:\DEV\BCB_RTL.CB2010\WINRTL\OBJ\WIN32\OBJMGMTX\SETBUF.OBJ ACBP=A9
 0001:000BBC94 0000002A C=CODE    S=_TEXT    G=(none)   M=C:\DEV\BCB_RTL.CB2010\WINRTL\OBJ\WIN32\OBJMGMTX\SETFTIME.OBJ ACBP=A9
 0001:000BBCC0 0000006E C=CODE    S=_TEXT    G=(none)   M=C:\DEV\BCB_RTL.CB2010\WINRTL\OBJ\WIN32\OBJMGMTX\SETMODE.OBJ ACBP=A9
 0001:000BBD30 0000005F C=CODE    S=_TEXT    G=(none)   M=C:\DEV\BCB_RTL.CB2010\WINRTL\OBJ\WIN32\OBJMGMTX\SETVBUF.OBJ ACBP=A9
 0001:000BBD90 00000100 C=CODE    S=_TEXT    G=(none)   M=C:\DEV\BCB_RTL.CB2010\WINRTL\OBJ\WIN32\OBJMGMTX\SNPRNTF.OBJ ACBP=A9
 0001:000BBE90 00000116 C=CODE    S=_TEXT    G=(none)   M=C:\DEV\BCB_RTL.CB2010\WINRTL\OBJ\WIN32\OBJMGMTX\SNPRNTFW.OBJ ACBP=A9
 0001:000BBFA8 0000015B C=CODE    S=_TEXT    G=(none)   M=C:\DEV\BCB_RTL.CB2010\WINRTL\OBJ\WIN32\OBJMGMTX\SNPRINTF_S.OBJ ACBP=A9
 0001:000BC104 0000016B C=CODE    S=_TEXT    G=(none)   M=C:\DEV\BCB_RTL.CB2010\WINRTL\OBJ\WIN32\OBJMGMTX\SNPRINTFW_S.OBJ ACBP=A9
 0001:000BC270 00000038 C=CODE    S=_TEXT    G=(none)   M=C:\DEV\BCB_RTL.CB2010\WINRTL\OBJ\WIN32\OBJMGMTX\SOPEN.OBJ ACBP=A9
 0001:000BC2A8 000002CD C=CODE    S=_TEXT    G=(none)   M=C:\DEV\BCB_RTL.CB2010\WINRTL\OBJ\WIN32\OBJMGMTX\SPLITPTH.OBJ ACBP=A9
 0001:000BC578 00000078 C=CODE    S=_TEXT    G=(none)   M=C:\DEV\BCB_RTL.CB2010\WINRTL\OBJ\WIN32\OBJMGMTX\SPRINTF.OBJ ACBP=A9
 0001:000BC5F0 00000163 C=CODE    S=_TEXT    G=(none)   M=C:\DEV\BCB_RTL.CB2010\WINRTL\OBJ\WIN32\OBJMGMTX\SPRINTF_S.OBJ ACBP=A9
 0001:000BC754 0000008A C=CODE    S=_TEXT    G=(none)   M=C:\DEV\BCB_RTL.CB2010\WINRTL\OBJ\WIN32\OBJMGMTX\SPRINTFW.OBJ ACBP=A9
 0001:000BC7E0 00000177 C=CODE    S=_TEXT    G=(none)   M=C:\DEV\BCB_RTL.CB2010\WINRTL\OBJ\WIN32\OBJMGMTX\SPRINTFW_S.OBJ ACBP=A9
 0001:000BC958 00000073 C=CODE    S=_TEXT    G=(none)   M=C:\DEV\BCB_RTL.CB2010\WINRTL\OBJ\WIN32\OBJMGMTX\SSCANF.OBJ ACBP=A9
 0001:000BC9CC 00000073 C=CODE    S=_TEXT    G=(none)   M=C:\DEV\BCB_RTL.CB2010\WINRTL\OBJ\WIN32\OBJMGMTX\SSCANFW.OBJ ACBP=A9
 0001:000BCA40 000000EA C=CODE    S=_TEXT    G=(none)   M=C:\DEV\BCB_RTL.CB2010\WINRTL\OBJ\WIN32\OBJMGMTX\SSCANF_S.OBJ ACBP=A9
 0001:000BCB2C 000000EA C=CODE    S=_TEXT    G=(none)   M=C:\DEV\BCB_RTL.CB2010\WINRTL\OBJ\WIN32\OBJMGMTX\SSCANFW_S.OBJ ACBP=A9
 0001:000BCC18 00000207 C=CODE    S=_TEXT    G=(none)   M=C:\DEV\BCB_RTL.CB2010\WINRTL\OBJ\WIN32\OBJMGMTX\STAT.OBJ ACBP=A9
 0001:000BCE20 0000020E C=CODE    S=_TEXT    G=(none)   M=C:\DEV\BCB_RTL.CB2010\WINRTL\OBJ\WIN32\OBJMGMTX\STATI64.OBJ ACBP=A9
 0001:000BD030 00000290 C=CODE    S=_TEXT    G=(none)   M=C:\DEV\BCB_RTL.CB2010\WINRTL\OBJ\WIN32\OBJMGMTX\STREAMS.OBJ ACBP=A9
 0001:000BD2C0 00000072 C=CODE    S=_TEXT    G=(none)   M=C:\DEV\BCB_RTL.CB2010\WINRTL\OBJ\WIN32\OBJMGMTX\SWPRINTF_.OBJ ACBP=A9
 0001:000BD334 00000015 C=CODE    S=_TEXT    G=(none)   M=C:\DEV\BCB_RTL.CB2010\WINRTL\OBJ\WIN32\OBJMGMTX\TELL.OBJ ACBP=A9
 0001:000BD34C 00000017 C=CODE    S=_TEXT    G=(none)   M=C:\DEV\BCB_RTL.CB2010\WINRTL\OBJ\WIN32\OBJMGMTX\TELLI64.OBJ ACBP=A9
 0001:000BD364 0000015D C=CODE    S=_TEXT    G=(none)   M=C:\DEV\BCB_RTL.CB2010\WINRTL\OBJ\WIN32\OBJMGMTX\TEMPNAM.OBJ ACBP=A9
 0001:000BD4C4 0000006D C=CODE    S=_TEXT    G=(none)   M=C:\DEV\BCB_RTL.CB2010\WINRTL\OBJ\WIN32\OBJMGMTX\TMPFILE.OBJ ACBP=A9
 0001:000BD534 00000040 C=CODE    S=_TEXT    G=(none)   M=C:\DEV\BCB_RTL.CB2010\WINRTL\OBJ\WIN32\OBJMGMTX\TMPFILE_S.OBJ ACBP=A9
 0001:000BD574 00000026 C=CODE    S=_TEXT    G=(none)   M=C:\DEV\BCB_RTL.CB2010\WINRTL\OBJ\WIN32\OBJMGMTX\TMPNAM.OBJ ACBP=A9
 0001:000BD59C 0000007E C=CODE    S=_TEXT    G=(none)   M=C:\DEV\BCB_RTL.CB2010\WINRTL\OBJ\WIN32\OBJMGMTX\TMPNAM_S.OBJ ACBP=A9
 0001:000BD61C 00000008 C=CODE    S=_TEXT    G=(none)   M=C:\DEV\BCB_RTL.CB2010\WINRTL\OBJ\WIN32\OBJMGMTX\UMASK.OBJ ACBP=A9
 0001:000BD624 00000064 C=CODE    S=_TEXT    G=(none)   M=C:\DEV\BCB_RTL.CB2010\WINRTL\OBJ\WIN32\OBJMGMTX\UNGETC.OBJ ACBP=A9
 0001:000BD688 0000006C C=CODE    S=_TEXT    G=(none)   M=C:\DEV\BCB_RTL.CB2010\WINRTL\OBJ\WIN32\OBJMGMTX\UNGETWC.OBJ ACBP=A9
 0001:000BD6F4 0000001A C=CODE    S=_TEXT    G=(none)   M=C:\DEV\BCB_RTL.CB2010\WINRTL\OBJ\WIN32\OBJMGMTX\UNLINK.OBJ ACBP=A9
 0001:000BD710 0000023C C=CODE    S=_TEXT    G=(none)   M=C:\DEV\BCB_RTL.CB2010\WINRTL\OBJ\WIN32\OBJMGMTX\UTIME.OBJ ACBP=A9
 0001:000BD94C 00000038 C=CODE    S=_TEXT    G=(none)   M=C:\DEV\BCB_RTL.CB2010\WINRTL\OBJ\WIN32\OBJMGMTX\VFPRINTF.OBJ ACBP=A9
 0001:000BD984 00000038 C=CODE    S=_TEXT    G=(none)   M=C:\DEV\BCB_RTL.CB2010\WINRTL\OBJ\WIN32\OBJMGMTX\VFPRNTFW.OBJ ACBP=A9
 0001:000BD9BC 0000006E C=CODE    S=_TEXT    G=(none)   M=C:\DEV\BCB_RTL.CB2010\WINRTL\OBJ\WIN32\OBJMGMTX\VFPRINTF_S.OBJ ACBP=A9
 0001:000BDA2C 0000006E C=CODE    S=_TEXT    G=(none)   M=C:\DEV\BCB_RTL.CB2010\WINRTL\OBJ\WIN32\OBJMGMTX\VFPRINTFW_S.OBJ ACBP=A9
 0001:000BDA9C 00000039 C=CODE    S=_TEXT    G=(none)   M=C:\DEV\BCB_RTL.CB2010\WINRTL\OBJ\WIN32\OBJMGMTX\VFSCANF.OBJ ACBP=A9
 0001:000BDAD8 00000039 C=CODE    S=_TEXT    G=(none)   M=C:\DEV\BCB_RTL.CB2010\WINRTL\OBJ\WIN32\OBJMGMTX\VFSCANFW.OBJ ACBP=A9
 0001:000BDB14 00000073 C=CODE    S=_TEXT    G=(none)   M=C:\DEV\BCB_RTL.CB2010\WINRTL\OBJ\WIN32\OBJMGMTX\VFSCANF_S.OBJ ACBP=A9
 0001:000BDB88 00000073 C=CODE    S=_TEXT    G=(none)   M=C:\DEV\BCB_RTL.CB2010\WINRTL\OBJ\WIN32\OBJMGMTX\VFSCANFW_S.OBJ ACBP=A9
 0001:000BDBFC 00000A70 C=CODE    S=_TEXT    G=(none)   M=C:\DEV\BCB_RTL.CB2010\WINRTL\OBJ\WIN32\OBJMGMTX\VPRINTER.OBJ ACBP=A9
 0001:000BE66C 0000003F C=CODE    S=_TEXT    G=(none)   M=C:\DEV\BCB_RTL.CB2010\WINRTL\OBJ\WIN32\OBJMGMTX\VPRINTF.OBJ ACBP=A9
 0001:000BE6AC 0000003F C=CODE    S=_TEXT    G=(none)   M=C:\DEV\BCB_RTL.CB2010\WINRTL\OBJ\WIN32\OBJMGMTX\VPRINTFW.OBJ ACBP=A9
 0001:000BE6EC 00000072 C=CODE    S=_TEXT    G=(none)   M=C:\DEV\BCB_RTL.CB2010\WINRTL\OBJ\WIN32\OBJMGMTX\VPRINTF_S.OBJ ACBP=A9
 0001:000BE760 00000072 C=CODE    S=_TEXT    G=(none)   M=C:\DEV\BCB_RTL.CB2010\WINRTL\OBJ\WIN32\OBJMGMTX\VPRINTFW_S.OBJ ACBP=A9
 0001:000BE7D4 00000AD0 C=CODE    S=_TEXT    G=(none)   M=C:\DEV\BCB_RTL.CB2010\WINRTL\OBJ\WIN32\OBJMGMTX\VPRINTRW.OBJ ACBP=A9
 0001:000BF2A4 00000040 C=CODE    S=_TEXT    G=(none)   M=C:\DEV\BCB_RTL.CB2010\WINRTL\OBJ\WIN32\OBJMGMTX\VSCANF.OBJ ACBP=A9
 0001:000BF2E4 00000040 C=CODE    S=_TEXT    G=(none)   M=C:\DEV\BCB_RTL.CB2010\WINRTL\OBJ\WIN32\OBJMGMTX\VSCANFW.OBJ ACBP=A9
 0001:000BF324 00000076 C=CODE    S=_TEXT    G=(none)   M=C:\DEV\BCB_RTL.CB2010\WINRTL\OBJ\WIN32\OBJMGMTX\VSCANF_S.OBJ ACBP=A9
 0001:000BF39C 00000076 C=CODE    S=_TEXT    G=(none)   M=C:\DEV\BCB_RTL.CB2010\WINRTL\OBJ\WIN32\OBJMGMTX\VSCANFW_S.OBJ ACBP=A9
 0001:000BF414 0000009D C=CODE    S=_TEXT    G=(none)   M=C:\DEV\BCB_RTL.CB2010\WINRTL\OBJ\WIN32\OBJMGMTX\WCHDIR.OBJ ACBP=A9
 0001:000BF4B4 00000041 C=CODE    S=_TEXT    G=(none)   M=C:\DEV\BCB_RTL.CB2010\WINRTL\OBJ\WIN32\OBJMGMTX\WCHMOD.OBJ ACBP=A9
 0001:000BF4F8 0000004F C=CODE    S=_TEXT    G=(none)   M=C:\DEV\BCB_RTL.CB2010\WINRTL\OBJ\WIN32\OBJMGMTX\WCREAT.OBJ ACBP=A9
 0001:000BF548 000001B8 C=CODE    S=_TEXT    G=(none)   M=C:\DEV\BCB_RTL.CB2010\WINRTL\OBJ\WIN32\OBJMGMTX\WDIRECT.OBJ ACBP=A9
 0001:000BF700 000000B0 C=CODE    S=_TEXT    G=(none)   M=C:\DEV\BCB_RTL.CB2010\WINRTL\OBJ\WIN32\OBJMGMTX\WDSCREAT.OBJ ACBP=A9
 0001:000BF7B0 00000205 C=CODE    S=_TEXT    G=(none)   M=C:\DEV\BCB_RTL.CB2010\WINRTL\OBJ\WIN32\OBJMGMTX\WFFILE.OBJ ACBP=A9
 0001:000BF9B8 00000225 C=CODE    S=_TEXT    G=(none)   M=C:\DEV\BCB_RTL.CB2010\WINRTL\OBJ\WIN32\OBJMGMTX\WFFILE64.OBJ ACBP=A9
 0001:000BFBE0 000002EA C=CODE    S=_TEXT    G=(none)   M=C:\DEV\BCB_RTL.CB2010\WINRTL\OBJ\WIN32\OBJMGMTX\WFNDFRST.OBJ ACBP=A9
 0001:000BFECC 00000021 C=CODE    S=_TEXT    G=(none)   M=C:\DEV\BCB_RTL.CB2010\WINRTL\OBJ\WIN32\OBJMGMTX\WFNMERGE.OBJ ACBP=A9
 0001:000BFEF0 0000021B C=CODE    S=_TEXT    G=(none)   M=C:\DEV\BCB_RTL.CB2010\WINRTL\OBJ\WIN32\OBJMGMTX\WFOPEN.OBJ ACBP=A9
 0001:000C010C 0000005E C=CODE    S=_TEXT    G=(none)   M=C:\DEV\BCB_RTL.CB2010\WINRTL\OBJ\WIN32\OBJMGMTX\WFOPEN_S.OBJ ACBP=A9
 0001:000C016C 0000004B C=CODE    S=_TEXT    G=(none)   M=C:\DEV\BCB_RTL.CB2010\WINRTL\OBJ\WIN32\OBJMGMTX\WFREOPEN.OBJ ACBP=A9
 0001:000C01B8 00000060 C=CODE    S=_TEXT    G=(none)   M=C:\DEV\BCB_RTL.CB2010\WINRTL\OBJ\WIN32\OBJMGMTX\WFREOPEN_S.OBJ ACBP=A9
 0001:000C0218 000000CC C=CODE    S=_TEXT    G=(none)   M=C:\DEV\BCB_RTL.CB2010\WINRTL\OBJ\WIN32\OBJMGMTX\WFULLPTH.OBJ ACBP=A9
 0001:000C02E4 00000043 C=CODE    S=_TEXT    G=(none)   M=C:\DEV\BCB_RTL.CB2010\WINRTL\OBJ\WIN32\OBJMGMTX\WGETCURD.OBJ ACBP=A9
 0001:000C0328 00000017 C=CODE    S=_TEXT    G=(none)   M=C:\DEV\BCB_RTL.CB2010\WINRTL\OBJ\WIN32\OBJMGMTX\WGETCWD.OBJ ACBP=A9
 0001:000C0340 00000141 C=CODE    S=_TEXT    G=(none)   M=C:\DEV\BCB_RTL.CB2010\WINRTL\OBJ\WIN32\OBJMGMTX\WGETDCWD.OBJ ACBP=A9
 0001:000C0484 0000004B C=CODE    S=_TEXT    G=(none)   M=C:\DEV\BCB_RTL.CB2010\WINRTL\OBJ\WIN32\OBJMGMTX\WIOMACRO.OBJ ACBP=A9
 0001:000C04D0 00000096 C=CODE    S=_TEXT    G=(none)   M=C:\DEV\BCB_RTL.CB2010\WINRTL\OBJ\WIN32\OBJMGMTX\WMAKEPTH.OBJ ACBP=A9
 0001:000C0568 0000001C C=CODE    S=_TEXT    G=(none)   M=C:\DEV\BCB_RTL.CB2010\WINRTL\OBJ\WIN32\OBJMGMTX\WMKDIR.OBJ ACBP=A9
 0001:000C0584 00000099 C=CODE    S=_TEXT    G=(none)   M=C:\DEV\BCB_RTL.CB2010\WINRTL\OBJ\WIN32\OBJMGMTX\WMKNAME.OBJ ACBP=A9
 0001:000C0620 000000B2 C=CODE    S=_TEXT    G=(none)   M=C:\DEV\BCB_RTL.CB2010\WINRTL\OBJ\WIN32\OBJMGMTX\WMKTEMP.OBJ ACBP=A9
 0001:000C06D4 00000010 C=CODE    S=_TEXT    G=(none)   M=C:\DEV\BCB_RTL.CB2010\WINRTL\OBJ\WIN32\OBJMGMTX\WOPEN.OBJ ACBP=A9
 0001:000C06E4 000000C3 C=CODE    S=_TEXT    G=(none)   M=C:\DEV\BCB_RTL.CB2010\WINRTL\OBJ\WIN32\OBJMGMTX\WPERROR.OBJ ACBP=A9
 0001:000C07A8 0000001E C=CODE    S=_TEXT    G=(none)   M=C:\DEV\BCB_RTL.CB2010\WINRTL\OBJ\WIN32\OBJMGMTX\WRENAME.OBJ ACBP=A9
 0001:000C07C8 00000008 C=CODE    S=_TEXT    G=(none)   M=C:\DEV\BCB_RTL.CB2010\WINRTL\OBJ\WIN32\OBJMGMTX\WRITE.OBJ ACBP=A9
 0001:000C07D0 0000001A C=CODE    S=_TEXT    G=(none)   M=C:\DEV\BCB_RTL.CB2010\WINRTL\OBJ\WIN32\OBJMGMTX\WRMDIR.OBJ ACBP=A9
 0001:000C07EC 00000038 C=CODE    S=_TEXT    G=(none)   M=C:\DEV\BCB_RTL.CB2010\WINRTL\OBJ\WIN32\OBJMGMTX\WSOPEN.OBJ ACBP=A9
 0001:000C0824 00000271 C=CODE    S=_TEXT    G=(none)   M=C:\DEV\BCB_RTL.CB2010\WINRTL\OBJ\WIN32\OBJMGMTX\WSPLTPTH.OBJ ACBP=A9
 0001:000C0A98 00000210 C=CODE    S=_TEXT    G=(none)   M=C:\DEV\BCB_RTL.CB2010\WINRTL\OBJ\WIN32\OBJMGMTX\WSTAT.OBJ ACBP=A9
 0001:000C0CA8 00000217 C=CODE    S=_TEXT    G=(none)   M=C:\DEV\BCB_RTL.CB2010\WINRTL\OBJ\WIN32\OBJMGMTX\WSTATI64.OBJ ACBP=A9
 0001:000C0EC0 00000159 C=CODE    S=_TEXT    G=(none)   M=C:\DEV\BCB_RTL.CB2010\WINRTL\OBJ\WIN32\OBJMGMTX\WTEMPNAM.OBJ ACBP=A9
 0001:000C101C 00000026 C=CODE    S=_TEXT    G=(none)   M=C:\DEV\BCB_RTL.CB2010\WINRTL\OBJ\WIN32\OBJMGMTX\WTMPNAM.OBJ ACBP=A9
 0001:000C1044 00000080 C=CODE    S=_TEXT    G=(none)   M=C:\DEV\BCB_RTL.CB2010\WINRTL\OBJ\WIN32\OBJMGMTX\WTMPNAM_S.OBJ ACBP=A9
 0001:000C10C4 0000001A C=CODE    S=_TEXT    G=(none)   M=C:\DEV\BCB_RTL.CB2010\WINRTL\OBJ\WIN32\OBJMGMTX\WUNLINK.OBJ ACBP=A9
 0001:000C10E0 0000003C C=CODE    S=_TEXT    G=(none)   M=C:\DEV\BCB_RTL.CB2010\WINRTL\OBJ\WIN32\OBJMGMTX\WUTIME.OBJ ACBP=A9
 0001:000C111C 00000038 C=CODE    S=_TEXT    G=(none)   M=C:\DEV\BCB_RTL.CB2010\WINRTL\OBJ\WIN32\OBJMGMTX\XFCLOSE.OBJ ACBP=A9
 0001:000C1154 00000031 C=CODE    S=_TEXT    G=(none)   M=C:\DEV\BCB_RTL.CB2010\WINRTL\OBJ\WIN32\OBJMGMTX\XFFLUSH.OBJ ACBP=A9
 0001:000C1188 00000025 C=CODE    S=_TEXT    G=(none)   M=C:\DEV\BCB_RTL.CB2010\WINRTL\OBJ\WIN32\OBJMGMTX\FGETC.OBJ ACBP=A9
 0001:000C11B0 00000025 C=CODE    S=_TEXT    G=(none)   M=C:\DEV\BCB_RTL.CB2010\WINRTL\OBJ\WIN32\OBJMGMTX\FGETWC.OBJ ACBP=A9
 0001:000C11D8 0000002B C=CODE    S=_TEXT    G=(none)   M=C:\DEV\BCB_RTL.CB2010\WINRTL\OBJ\WIN32\OBJMGMTX\FPUTC.OBJ ACBP=A9
 0001:000C1204 0000002C C=CODE    S=_TEXT    G=(none)   M=C:\DEV\BCB_RTL.CB2010\WINRTL\OBJ\WIN32\OBJMGMTX\FPUTWC.OBJ ACBP=A9
 0001:000C1230 00000006 C=CODE    S=_TEXT    G=(none)   M=C:\DEV\BCB_RTL.CB2010\WINRTL\OBJ\WIN32\OBJMGMTX\CCONV.OBJ ACBP=A9
 0001:000C1238 000002CC C=CODE    S=_TEXT    G=(none)   M=C:\DEV\BCB_RTL.CB2010\WINRTL\OBJ\WIN32\OBJMGMTX\CONVT.OBJ ACBP=A9
 0001:000C1504 00000051 C=CODE    S=_TEXT    G=(none)   M=C:\DEV\BCB_RTL.CB2010\WINRTL\OBJ\WIN32\OBJMGMTX\GETINFO.OBJ ACBP=A9
 0001:000C1558 00000334 C=CODE    S=_TEXT    G=(none)   M=C:\DEV\BCB_RTL.CB2010\WINRTL\OBJ\WIN32\OBJMGMTX\GETINFO1.OBJ ACBP=A9
 0001:000C188C 0000009F C=CODE    S=_TEXT    G=(none)   M=C:\DEV\BCB_RTL.CB2010\WINRTL\OBJ\WIN32\OBJMGMTX\GETINFO3.OBJ ACBP=A9
 0001:000C192C 00000116 C=CODE    S=_TEXT    G=(none)   M=C:\DEV\BCB_RTL.CB2010\WINRTL\OBJ\WIN32\OBJMGMTX\IS.OBJ ACBP=A9
 0001:000C1A44 0000011B C=CODE    S=_TEXT    G=(none)   M=C:\DEV\BCB_RTL.CB2010\WINRTL\OBJ\WIN32\OBJMGMTX\WIS.OBJ ACBP=A9
 0001:000C1B60 00000096 C=CODE    S=_TEXT    G=(none)   M=C:\DEV\BCB_RTL.CB2010\WINRTL\OBJ\WIN32\OBJMGMTX\ISCTYPE.OBJ ACBP=A9
 0001:000C1BF8 000000B9 C=CODE    S=_TEXT    G=(none)   M=C:\DEV\BCB_RTL.CB2010\WINRTL\OBJ\WIN32\OBJMGMTX\ISWCTYPE.OBJ ACBP=A9
 0001:000C1CB4 00001207 C=CODE    S=_TEXT    G=(none)   M=C:\DEV\BCB_RTL.CB2010\WINRTL\OBJ\WIN32\OBJMGMTX\LOCALE.OBJ ACBP=A9
 0001:000C2EBC 00000816 C=CODE    S=_TEXT    G=(none)   M=C:\DEV\BCB_RTL.CB2010\WINRTL\OBJ\WIN32\OBJMGMTX\INITCAT.OBJ ACBP=A9
 0001:000C36D4 000000A1 C=CODE    S=_TEXT    G=(none)   M=C:\DEV\BCB_RTL.CB2010\WINRTL\OBJ\WIN32\OBJMGMTX\LCONV.OBJ ACBP=A9
 0001:000C3778 0000005A C=CODE    S=_TEXT    G=(none)   M=C:\DEV\BCB_RTL.CB2010\WINRTL\OBJ\WIN32\OBJMGMTX\LSTRCOLL.OBJ ACBP=A9
 0001:000C37D4 0000003D C=CODE    S=_TEXT    G=(none)   M=C:\DEV\BCB_RTL.CB2010\WINRTL\OBJ\WIN32\OBJMGMTX\LWCSCOLL.OBJ ACBP=A9
 0001:000C3814 0000003D C=CODE    S=_TEXT    G=(none)   M=C:\DEV\BCB_RTL.CB2010\WINRTL\OBJ\WIN32\OBJMGMTX\LSTRICOL.OBJ ACBP=A9
 0001:000C3854 0000003D C=CODE    S=_TEXT    G=(none)   M=C:\DEV\BCB_RTL.CB2010\WINRTL\OBJ\WIN32\OBJMGMTX\LWCSICOL.OBJ ACBP=A9
 0001:000C3894 00000082 C=CODE    S=_TEXT    G=(none)   M=C:\DEV\BCB_RTL.CB2010\WINRTL\OBJ\WIN32\OBJMGMTX\LSTRNCOL.OBJ ACBP=A9
 0001:000C3918 00000082 C=CODE    S=_TEXT    G=(none)   M=C:\DEV\BCB_RTL.CB2010\WINRTL\OBJ\WIN32\OBJMGMTX\LWCSNCOL.OBJ ACBP=A9
 0001:000C399C 00000082 C=CODE    S=_TEXT    G=(none)   M=C:\DEV\BCB_RTL.CB2010\WINRTL\OBJ\WIN32\OBJMGMTX\LSTRNICO.OBJ ACBP=A9
 0001:000C3A20 00000082 C=CODE    S=_TEXT    G=(none)   M=C:\DEV\BCB_RTL.CB2010\WINRTL\OBJ\WIN32\OBJMGMTX\LWCSNICO.OBJ ACBP=A9
 0001:000C3AA4 00000024 C=CODE    S=_TEXT    G=(none)   M=C:\DEV\BCB_RTL.CB2010\WINRTL\OBJ\WIN32\OBJMGMTX\LSTRLWR.OBJ ACBP=A9
 0001:000C3AC8 00000027 C=CODE    S=_TEXT    G=(none)   M=C:\DEV\BCB_RTL.CB2010\WINRTL\OBJ\WIN32\OBJMGMTX\LWCSLWR.OBJ ACBP=A9
 0001:000C3AF0 00000024 C=CODE    S=_TEXT    G=(none)   M=C:\DEV\BCB_RTL.CB2010\WINRTL\OBJ\WIN32\OBJMGMTX\LSTRUPR.OBJ ACBP=A9
 0001:000C3B14 00000027 C=CODE    S=_TEXT    G=(none)   M=C:\DEV\BCB_RTL.CB2010\WINRTL\OBJ\WIN32\OBJMGMTX\LWCSUPR.OBJ ACBP=A9
 0001:000C3B3C 0000004A C=CODE    S=_TEXT    G=(none)   M=C:\DEV\BCB_RTL.CB2010\WINRTL\OBJ\WIN32\OBJMGMTX\LSTRXFRM.OBJ ACBP=A9
 0001:000C3B88 0000004A C=CODE    S=_TEXT    G=(none)   M=C:\DEV\BCB_RTL.CB2010\WINRTL\OBJ\WIN32\OBJMGMTX\LWCSXFRM.OBJ ACBP=A9
 0001:000C3BD4 000000A1 C=CODE    S=_TEXT    G=(none)   M=C:\DEV\BCB_RTL.CB2010\WINRTL\OBJ\WIN32\OBJMGMTX\LTOLOWER.OBJ ACBP=A9
 0001:000C3C78 00000063 C=CODE    S=_TEXT    G=(none)   M=C:\DEV\BCB_RTL.CB2010\WINRTL\OBJ\WIN32\OBJMGMTX\LTOWLWR.OBJ ACBP=A9
 0001:000C3CDC 000000A1 C=CODE    S=_TEXT    G=(none)   M=C:\DEV\BCB_RTL.CB2010\WINRTL\OBJ\WIN32\OBJMGMTX\LTOUPPER.OBJ ACBP=A9
 0001:000C3D80 00000063 C=CODE    S=_TEXT    G=(none)   M=C:\DEV\BCB_RTL.CB2010\WINRTL\OBJ\WIN32\OBJMGMTX\LTOWUPR.OBJ ACBP=A9
 0001:000C3DE4 00000681 C=CODE    S=_TEXT    G=(none)   M=C:\DEV\BCB_RTL.CB2010\WINRTL\OBJ\WIN32\OBJMGMTX\MBYTE1.OBJ ACBP=A9
 0001:000C4468 00000049 C=CODE    S=_TEXT    G=(none)   M=C:\DEV\BCB_RTL.CB2010\WINRTL\OBJ\WIN32\OBJMGMTX\SETLOCAL.OBJ ACBP=A9
 0001:000C44B4 00000037 C=CODE    S=_TEXT    G=(none)   M=C:\DEV\BCB_RTL.CB2010\WINRTL\OBJ\WIN32\OBJMGMTX\WSETLOCL.OBJ ACBP=A9
 0001:000C44EC 00000026 C=CODE    S=_TEXT    G=(none)   M=C:\DEV\BCB_RTL.CB2010\WINRTL\OBJ\WIN32\OBJMGMTX\LSETLOCL.OBJ ACBP=A9
 0001:000C4514 00000026 C=CODE    S=_TEXT    G=(none)   M=C:\DEV\BCB_RTL.CB2010\WINRTL\OBJ\WIN32\OBJMGMTX\LWSETLCL.OBJ ACBP=A9
 0001:000C453C 0000002E C=CODE    S=_TEXT    G=(none)   M=C:\DEV\BCB_RTL.CB2010\WINRTL\OBJ\WIN32\OBJMGMTX\STRCOLL.OBJ ACBP=A9
 0001:000C456C 00000015 C=CODE    S=_TEXT    G=(none)   M=C:\DEV\BCB_RTL.CB2010\WINRTL\OBJ\WIN32\OBJMGMTX\WCSCOLL.OBJ ACBP=A9
 0001:000C4584 00000015 C=CODE    S=_TEXT    G=(none)   M=C:\DEV\BCB_RTL.CB2010\WINRTL\OBJ\WIN32\OBJMGMTX\STRICOLL.OBJ ACBP=A9
 0001:000C459C 00000015 C=CODE    S=_TEXT    G=(none)   M=C:\DEV\BCB_RTL.CB2010\WINRTL\OBJ\WIN32\OBJMGMTX\WCSICOLL.OBJ ACBP=A9
 0001:000C45B4 00000019 C=CODE    S=_TEXT    G=(none)   M=C:\DEV\BCB_RTL.CB2010\WINRTL\OBJ\WIN32\OBJMGMTX\STRNCOLL.OBJ ACBP=A9
 0001:000C45D0 00000019 C=CODE    S=_TEXT    G=(none)   M=C:\DEV\BCB_RTL.CB2010\WINRTL\OBJ\WIN32\OBJMGMTX\WCSNCOLL.OBJ ACBP=A9
 0001:000C45EC 00000019 C=CODE    S=_TEXT    G=(none)   M=C:\DEV\BCB_RTL.CB2010\WINRTL\OBJ\WIN32\OBJMGMTX\STRNICOL.OBJ ACBP=A9
 0001:000C4608 00000019 C=CODE    S=_TEXT    G=(none)   M=C:\DEV\BCB_RTL.CB2010\WINRTL\OBJ\WIN32\OBJMGMTX\WCSNICOL.OBJ ACBP=A9
 0001:000C4624 00000673 C=CODE    S=_TEXT    G=(none)   M=C:\DEV\BCB_RTL.CB2010\WINRTL\OBJ\WIN32\OBJMGMTX\STRFTIME.OBJ ACBP=A9
 0001:000C4C98 00000AFC C=CODE    S=_TEXT    G=(none)   M=C:\DEV\BCB_RTL.CB2010\WINRTL\OBJ\WIN32\OBJMGMTX\STRPTIME.OBJ ACBP=A9
 0001:000C5794 00000656 C=CODE    S=_TEXT    G=(none)   M=C:\DEV\BCB_RTL.CB2010\WINRTL\OBJ\WIN32\OBJMGMTX\WCSFTIME.OBJ ACBP=A9
 0001:000C5DEC 00000023 C=CODE    S=_TEXT    G=(none)   M=C:\DEV\BCB_RTL.CB2010\WINRTL\OBJ\WIN32\OBJMGMTX\STRLWR.OBJ ACBP=A9
 0001:000C5E10 00000027 C=CODE    S=_TEXT    G=(none)   M=C:\DEV\BCB_RTL.CB2010\WINRTL\OBJ\WIN32\OBJMGMTX\WCSLWR.OBJ ACBP=A9
 0001:000C5E38 00000023 C=CODE    S=_TEXT    G=(none)   M=C:\DEV\BCB_RTL.CB2010\WINRTL\OBJ\WIN32\OBJMGMTX\STRUPR.OBJ ACBP=A9
 0001:000C5E5C 00000027 C=CODE    S=_TEXT    G=(none)   M=C:\DEV\BCB_RTL.CB2010\WINRTL\OBJ\WIN32\OBJMGMTX\WCSUPR.OBJ ACBP=A9
 0001:000C5E84 0000003D C=CODE    S=_TEXT    G=(none)   M=C:\DEV\BCB_RTL.CB2010\WINRTL\OBJ\WIN32\OBJMGMTX\STRXFRM.OBJ ACBP=A9
 0001:000C5EC4 0000003F C=CODE    S=_TEXT    G=(none)   M=C:\DEV\BCB_RTL.CB2010\WINRTL\OBJ\WIN32\OBJMGMTX\WCSXFRM.OBJ ACBP=A9
 0001:000C5F04 0000002B C=CODE    S=_TEXT    G=(none)   M=C:\DEV\BCB_RTL.CB2010\WINRTL\OBJ\WIN32\OBJMGMTX\TOLOWER.OBJ ACBP=A9
 0001:000C5F30 00000020 C=CODE    S=_TEXT    G=(none)   M=C:\DEV\BCB_RTL.CB2010\WINRTL\OBJ\WIN32\OBJMGMTX\TOWLOWER.OBJ ACBP=A9
 0001:000C5F50 0000002B C=CODE    S=_TEXT    G=(none)   M=C:\DEV\BCB_RTL.CB2010\WINRTL\OBJ\WIN32\OBJMGMTX\TOUPPER.OBJ ACBP=A9
 0001:000C5F7C 00000024 C=CODE    S=_TEXT    G=(none)   M=C:\DEV\BCB_RTL.CB2010\WINRTL\OBJ\WIN32\OBJMGMTX\TOWUPPER.OBJ ACBP=A9
 0001:000C5FA0 00000200 C=CODE    S=_TEXT    G=(none)   M=C:\DEV\BCB_RTL.CB2010\WINRTL\OBJ\WIN32\OBJMGMTX\_LL.OBJ ACBP=A9
 0001:000C61A0 00000164 C=CODE    S=_TEXT    G=(none)   M=C:\DEV\BCB_RTL.CB2010\WINRTL\OBJ\WIN32\OBJMGMTX\FDIV32.OBJ ACBP=A9
 0001:000C6304 00000018 C=CODE    S=_TEXT    G=(none)   M=C:\DEV\BCB_RTL.CB2010\WINRTL\OBJ\WIN32\OBJMGMTX\_CHGSGN.OBJ ACBP=A9
 0001:000C631C 00000030 C=CODE    S=_TEXT    G=(none)   M=C:\DEV\BCB_RTL.CB2010\WINRTL\OBJ\WIN32\OBJMGMTX\_CPYSGN.OBJ ACBP=A9
 0001:000C634C 00000010 C=CODE    S=_TEXT    G=(none)   M=C:\DEV\BCB_RTL.CB2010\WINRTL\OBJ\WIN32\OBJMGMTX\_EFCVT.OBJ ACBP=A9
 0001:000C635C 0000001D C=CODE    S=_TEXT    G=(none)   M=C:\DEV\BCB_RTL.CB2010\WINRTL\OBJ\WIN32\OBJMGMTX\_FINITE.OBJ ACBP=A9
 0001:000C637C 0000001E C=CODE    S=_TEXT    G=(none)   M=C:\DEV\BCB_RTL.CB2010\WINRTL\OBJ\WIN32\OBJMGMTX\_FINITEL.OBJ ACBP=A9
 0001:000C639C 00000154 C=CODE    S=_TEXT    G=(none)   M=C:\DEV\BCB_RTL.CB2010\WINRTL\OBJ\WIN32\OBJMGMTX\_FPCLS.OBJ ACBP=A9
 0001:000C64F0 0000002B C=CODE    S=_TEXT    G=(none)   M=C:\DEV\BCB_RTL.CB2010\WINRTL\OBJ\WIN32\OBJMGMTX\_FTOUL.OBJ ACBP=A9
 0001:000C651C 00000008 C=CODE    S=_TEXT    G=(none)   M=C:\DEV\BCB_RTL.CB2010\WINRTL\OBJ\WIN32\OBJMGMTX\_GCVT.OBJ ACBP=A9
 0001:000C6524 00000045 C=CODE    S=_TEXT    G=(none)   M=C:\DEV\BCB_RTL.CB2010\WINRTL\OBJ\WIN32\OBJMGMTX\_ISNAN.OBJ ACBP=A9
 0001:000C656C 00000049 C=CODE    S=_TEXT    G=(none)   M=C:\DEV\BCB_RTL.CB2010\WINRTL\OBJ\WIN32\OBJMGMTX\_ISNANL.OBJ ACBP=A9
 0001:000C65B8 0000001F C=CODE    S=_TEXT    G=(none)   M=C:\DEV\BCB_RTL.CB2010\WINRTL\OBJ\WIN32\OBJMGMTX\_LOGB.OBJ ACBP=A9
 0001:000C65D8 00000008 C=CODE    S=_TEXT    G=(none)   M=C:\DEV\BCB_RTL.CB2010\WINRTL\OBJ\WIN32\OBJMGMTX\_LTOA1.OBJ ACBP=A9
 0001:000C65E0 000000BC C=CODE    S=_TEXT    G=(none)   M=C:\DEV\BCB_RTL.CB2010\WINRTL\OBJ\WIN32\OBJMGMTX\_MATHERL.OBJ ACBP=A9
 0001:000C669C 000000B0 C=CODE    S=_TEXT    G=(none)   M=C:\DEV\BCB_RTL.CB2010\WINRTL\OBJ\WIN32\OBJMGMTX\_MATHERR.OBJ ACBP=A9
 0001:000C674C 0000013E C=CODE    S=_TEXT    G=(none)   M=C:\DEV\BCB_RTL.CB2010\WINRTL\OBJ\WIN32\OBJMGMTX\_NAFTR.OBJ ACBP=A9
 0001:000C688C 000001A3 C=CODE    S=_TEXT    G=(none)   M=C:\DEV\BCB_RTL.CB2010\WINRTL\OBJ\WIN32\OBJMGMTX\_NAFTRL.OBJ ACBP=A9
 0001:000C6A30 00000188 C=CODE    S=_TEXT    G=(none)   M=C:\DEV\BCB_RTL.CB2010\WINRTL\OBJ\WIN32\OBJMGMTX\_POW10.OBJ ACBP=A9
 0001:000C6BB8 0000006C C=CODE    S=_TEXT    G=(none)   M=C:\DEV\BCB_RTL.CB2010\WINRTL\OBJ\WIN32\OBJMGMTX\_SCALB.OBJ ACBP=A9
 0001:000C6C24 00000076 C=CODE    S=_TEXT    G=(none)   M=C:\DEV\BCB_RTL.CB2010\WINRTL\OBJ\WIN32\OBJMGMTX\_SCALBL.OBJ ACBP=A9
 0001:000C6C9C 00000016 C=CODE    S=_TEXT    G=(none)   M=C:\DEV\BCB_RTL.CB2010\WINRTL\OBJ\WIN32\OBJMGMTX\ABS.OBJ ACBP=A9
 0001:000C6CB4 0000011C C=CODE    S=_TEXT    G=(none)   M=C:\DEV\BCB_RTL.CB2010\WINRTL\OBJ\WIN32\OBJMGMTX\ACOSASIN.OBJ ACBP=A9
 0001:000C6DD0 00000130 C=CODE    S=_TEXT    G=(none)   M=C:\DEV\BCB_RTL.CB2010\WINRTL\OBJ\WIN32\OBJMGMTX\ACOSSINL.OBJ ACBP=A9
 0001:000C6F00 0000000F C=CODE    S=_TEXT    G=(none)   M=C:\DEV\BCB_RTL.CB2010\WINRTL\OBJ\WIN32\OBJMGMTX\ATAN.OBJ ACBP=A9
 0001:000C6F10 000000B3 C=CODE    S=_TEXT    G=(none)   M=C:\DEV\BCB_RTL.CB2010\WINRTL\OBJ\WIN32\OBJMGMTX\ATAN2.OBJ ACBP=A9
 0001:000C6FC4 000000B8 C=CODE    S=_TEXT    G=(none)   M=C:\DEV\BCB_RTL.CB2010\WINRTL\OBJ\WIN32\OBJMGMTX\ATAN2L.OBJ ACBP=A9
 0001:000C707C 0000000F C=CODE    S=_TEXT    G=(none)   M=C:\DEV\BCB_RTL.CB2010\WINRTL\OBJ\WIN32\OBJMGMTX\ATANL.OBJ ACBP=A9
 0001:000C708C 00000013 C=CODE    S=_TEXT    G=(none)   M=C:\DEV\BCB_RTL.CB2010\WINRTL\OBJ\WIN32\OBJMGMTX\ATOF.OBJ ACBP=A9
 0001:000C70A0 000000A1 C=CODE    S=_TEXT    G=(none)   M=C:\DEV\BCB_RTL.CB2010\WINRTL\OBJ\WIN32\OBJMGMTX\ATOI64.OBJ ACBP=A9
 0001:000C7144 00000077 C=CODE    S=_TEXT    G=(none)   M=C:\DEV\BCB_RTL.CB2010\WINRTL\OBJ\WIN32\OBJMGMTX\ATOL.OBJ ACBP=A9
 0001:000C71BC 00000013 C=CODE    S=_TEXT    G=(none)   M=C:\DEV\BCB_RTL.CB2010\WINRTL\OBJ\WIN32\OBJMGMTX\ATOLD.OBJ ACBP=A9
 0001:000C71D0 000001D0 C=CODE    S=_TEXT    G=(none)   M=C:\DEV\BCB_RTL.CB2010\WINRTL\OBJ\WIN32\OBJMGMTX\BCD1.OBJ ACBP=A9
 0001:000C73A0 00001642 C=CODE    S=_TEXT    G=(none)   M=C:\DEV\BCB_RTL.CB2010\WINRTL\OBJ\WIN32\OBJMGMTX\BCD2.OBJ ACBP=A9
 0001:000C89C8 0000001C C=CODE    S=_TEXT    G=(none)   M=C:\DEV\BCB_RTL.CB2010\WINRTL\OBJ\WIN32\OBJMGMTX\CEIL.OBJ ACBP=A9
 0001:000C89E4 0000001D C=CODE    S=_TEXT    G=(none)   M=C:\DEV\BCB_RTL.CB2010\WINRTL\OBJ\WIN32\OBJMGMTX\CEILL.OBJ ACBP=A9
 0001:000C8A04 00000013 C=CODE    S=_TEXT    G=(none)   M=C:\DEV\BCB_RTL.CB2010\WINRTL\OBJ\WIN32\OBJMGMTX\CLEAR87.OBJ ACBP=A9
 0001:000C8A18 0000003F C=CODE    S=_TEXT    G=(none)   M=C:\DEV\BCB_RTL.CB2010\WINRTL\OBJ\WIN32\OBJMGMTX\COS.OBJ ACBP=A9
 0001:000C8A58 0000006A C=CODE    S=_TEXT    G=(none)   M=C:\DEV\BCB_RTL.CB2010\WINRTL\OBJ\WIN32\OBJMGMTX\COSH.OBJ ACBP=A9
 0001:000C8AC4 0000008D C=CODE    S=_TEXT    G=(none)   M=C:\DEV\BCB_RTL.CB2010\WINRTL\OBJ\WIN32\OBJMGMTX\COSHL.OBJ ACBP=A9
 0001:000C8B54 0000003F C=CODE    S=_TEXT    G=(none)   M=C:\DEV\BCB_RTL.CB2010\WINRTL\OBJ\WIN32\OBJMGMTX\COSL.OBJ ACBP=A9
 0001:000C8B94 0000000C C=CODE    S=_TEXT    G=(none)   M=C:\DEV\BCB_RTL.CB2010\WINRTL\OBJ\WIN32\OBJMGMTX\CROTL.OBJ ACBP=A9
 0001:000C8BA0 0000000C C=CODE    S=_TEXT    G=(none)   M=C:\DEV\BCB_RTL.CB2010\WINRTL\OBJ\WIN32\OBJMGMTX\CROTR.OBJ ACBP=A9
 0001:000C8BAC 0000002F C=CODE    S=_TEXT    G=(none)   M=C:\DEV\BCB_RTL.CB2010\WINRTL\OBJ\WIN32\OBJMGMTX\CTRL87.OBJ ACBP=A9
 0001:000C8BDC 00000018 C=CODE    S=_TEXT    G=(none)   M=C:\DEV\BCB_RTL.CB2010\WINRTL\OBJ\WIN32\OBJMGMTX\CVTENTRY.OBJ ACBP=A9
 0001:000C8BF4 00000018 C=CODE    S=_TEXT    G=(none)   M=C:\DEV\BCB_RTL.CB2010\WINRTL\OBJ\WIN32\OBJMGMTX\CVTENTYW.OBJ ACBP=A9
 0001:000C8C0C 00000018 C=CODE    S=_TEXT    G=(none)   M=C:\DEV\BCB_RTL.CB2010\WINRTL\OBJ\WIN32\OBJMGMTX\CVTFAK.OBJ ACBP=A9
 0001:000C8C24 00000018 C=CODE    S=_TEXT    G=(none)   M=C:\DEV\BCB_RTL.CB2010\WINRTL\OBJ\WIN32\OBJMGMTX\CVTFAKW.OBJ ACBP=A9
 0001:000C8C3C 00000016 C=CODE    S=_TEXT    G=(none)   M=C:\DEV\BCB_RTL.CB2010\WINRTL\OBJ\WIN32\OBJMGMTX\DIV.OBJ ACBP=A9
 0001:000C8C54 0000007F C=CODE    S=_TEXT    G=(none)   M=C:\DEV\BCB_RTL.CB2010\WINRTL\OBJ\WIN32\OBJMGMTX\EFCVT.OBJ ACBP=A9
 0001:000C8CD4 0000006C C=CODE    S=_TEXT    G=(none)   M=C:\DEV\BCB_RTL.CB2010\WINRTL\OBJ\WIN32\OBJMGMTX\EXP.OBJ ACBP=A9
 0001:000C8D40 0000006E C=CODE    S=_TEXT    G=(none)   M=C:\DEV\BCB_RTL.CB2010\WINRTL\OBJ\WIN32\OBJMGMTX\EXPL.OBJ ACBP=A9
 0001:000C8DB0 0000007D C=CODE    S=_TEXT    G=(none)   M=C:\DEV\BCB_RTL.CB2010\WINRTL\OBJ\WIN32\OBJMGMTX\EXPLD.OBJ ACBP=A9
 0001:000C8E30 0000005F C=CODE    S=_TEXT    G=(none)   M=C:\DEV\BCB_RTL.CB2010\WINRTL\OBJ\WIN32\OBJMGMTX\F87ATAN.OBJ ACBP=A9
[...]
 0002:0001809C  @_$ECTSE$@_vcl_GetHeapStatus$qv
 0002:000180B4  @D152_1
 0002:0001814C  __video
 0002:0001814C  @D167_1
 0002:0001815C  __directvideo
 0002:00018160  __ModeTable
 0002:000181A8  __cextend
 0002:000181A8  @D171_1
 0002:00018530  @D177_1
 0002:00018530  __cFlag
 0002:00018531  __cChar
 0002:00018534  @D188_0
 0002:00018534  __wscroll
 0002:00018538  @D192_1
 0002:00018544  @D194_1
 0002:00018550  @D197_1
 0002:0001855C  @D198_1
 0002:00018568  @D208_1
 0002:00018574  @D212_1
 0002:00018580  @D216_1
 0002:0001858C  @D228_1
 0002:000185A0  @D229_1
 0002:000185AC  @D232_1
 0002:000185B8  @D242_1
 0002:000185D4  @D247_1
 0002:000185E0  @D249_1
 0002:000185EC  @D256_1
 0002:000185F8  @D265_1
 0002:00018614  @D267_1
 0002:00018620  @D271_1
 0002:00018638  @D272_1
 0002:00018644  @D273_1
 0002:00018644  ___debuggerDisableTerminateCallback
 0002:00019068  @_$DCBF$@___ExceptionHandler$qp17_EXCEPTION_RECORDp5ERRbcp8_CONTEXTpvulululululul
 0002:00019078  @_$ECTCF$@___ExceptionHandler$qp17_EXCEPTION_RECORDp5ERRbcp8_CONTEXTpvulululululul
 0002:0001909C  @_$TLGF$@std@bad_exception@$bctr$qv
 0002:000190A0  @_$DCHF$@std@bad_exception@$bctr$qv
 0002:000190B0  @_$ECTIF$@std@bad_exception@$bctr$qv
 0002:000190C8  @_$TLJF$@std@bad_exception@$bdtr$qv
 0002:000190CC  @_$DCKF$@std@bad_exception@$bdtr$qv
 0002:000190DC  @_$ECTLF$@std@bad_exception@$bdtr$qv
 0002:000190F4  @_$ECTMF$@std@bad_exception@$bctr$qrx17std@bad_exception
 0002:00019100  @std@bad_exception@3
 0002:00019114  @D275_0
 0002:00019114  ___xxPersonality
 0002:00019118  @D276_1
 0002:0001943C  @_$ECTXE$@__GetTypeInfo$qpvt1t1
 0002:00019448  @_$ECTZE$@__DynamicCast$qpvt1t1t1i
 0002:00019454  @_$ECTAF$@__DynamicCastVCLref$qqrpvt1
 0002:00019460  @_$TLFF$@std@bad_typeid@$bdtr$qv
 0002:00019464  @_$ECTGF$@std@bad_typeid@$bdtr$qv
 0002:00019470  @type_info_hash@3
 0002:00019480  @std@bad_typeid@3
 0002:00019494  @std@type_info@3
 0002:000194A4  @D277_1
 0002:000194A4  ___terminatePTR
 0002:000194A8  ___unexpectdPTR
 0002:000194AC  @D278_1
 0002:000194AC  ___CPPexceptionList
 0002:000194B0  ___exceptFlags
 0002:000194B4  ___throwFileName
 0002:000194B8  ___throwLineNumber
 0002:000194BC  ___throwExceptionName
 0002:000194C0  ___exceptStaticBuffP
 0002:000194C4  ___exceptMemAllocVars
 0002:000194C8  ___ExceptStaticXbuff
 0002:00019548  __ExceptVarsSize
 0002:0001955C  @_$CHWE$@__call_terminate$qv
 0002:0001957C  @_$ECTXE$@__call_terminate$qv
 0002:00019594  __stkchk
 0002:00019594  @D281_1
 0002:000195A8  @_$DCNDB$@xmsg@$bctr$qrx60std@%basic_string$c19std@%char_traits$c%17std@%allocator$c%%
 0002:000195C8  @_$ECTODB$@xmsg@$bctr$qrx60std@%basic_string$c19std@%char_traits$c%17std@%allocator$c%%
 0002:00019640  @_$DCPDB$@xmsg@$bctr$qrx4xmsg
 0002:00019660  @_$ECTQDB$@xmsg@$bctr$qrx4xmsg
 0002:000196D8  @_$TLRDB$@xmsg@$bdtr$qv
 0002:000196DC  @_$DCSDB$@xmsg@$bdtr$qv
 0002:000196EC  @_$ECTTDB$@xmsg@$bdtr$qv
 0002:00019710  @_$DCUDB$@xmsg@$basg$qrx4xmsg
 0002:00019720  @_$ECTVDB$@xmsg@$basg$qrx4xmsg
 0002:00019798  @_$TLWDB$@xmsg@what$xqv
 0002:0001979C  @_$ECTXDB$@xmsg@what$xqv
 0002:000197A8  @_$TLYDB$@xmsg@raise$qv
 0002:000197B0  @_$DCZDB$@xmsg@raise$qv
 0002:000197C0  @_$ECTAEB$@xmsg@raise$qv
 0002:000197D8  @xmsg@3
 0002:000197EC  @D288_1
 0002:000197F8  @D298_1
 0002:000197F8  __cfinfo_get
 0002:000197FC  @D318_1
 0002:00019810  @D326_1
 0002:00019810  __notUmask
 0002:00019814  @D335_1
 0002:0001983C  @D339_0
 0002:0001983C  __fileinfo
 0002:00019840  @D350_1
 0002:0001984C  __streams
 0002:0001984C  @D375_0
 0002:00019CFC  @D376_0
 0002:00019CFC  __nfile
 0002:00019D00  __openfd
 0002:00019DC8  @D377_1
 0002:00019DE4  @D381_0
 0002:00019DE4  __fmode
 0002:00019DE8  __fmodeptr
 0002:00019DE8  @D382_1
 0002:00019DEC  @D386_1
 0002:00019DF4  @D389_1
 0002:00019E08  @D390_1
 0002:00019E20  @D399_1
 0002:00019E2C  @D402_1
 0002:00019E38  @D403_1
 0002:00019E44  @D421_1
 0002:00019E4C  @D424_1
 0002:00019EB0  @D425_1
 0002:00019EB0  __dosErrorToSV
 0002:00019FDC  @D437_1
 0002:00019FE8  @D438_1
 0002:00019FF0  @D441_1
 0002:00019FF0  __sys_errlist
 0002:0001A0B8  __sys_nerr
 0002:0001A484  @D443_1
 0002:0001A498  @D445_1
 0002:0001A4AC  @D457_1
 0002:0001A4B4  @D458_1
 0002:0001A4C0  @D459_1
 0002:0001A544  @D460_1
 0002:0001A5C4  @D461_1
 0002:0001A648  @D462_1
 0002:0001A6C8  @D473_1
 0002:0001A6E0  @D474_1
 0002:0001A6FC  @D478_1
 0002:0001A714  @D480_1
 0002:0001A72C  @D483_1
 0002:0001A740  @D484_1
 0002:0001A758  @D485_1
 0002:0001A770  @D486_1
 0002:0001A788  @D487_1
 0002:0001A7F0  @D491_1
 0002:0001A7F8  @D492_1
 0002:0001A7FC  @D493_1
 0002:0001A808  @D495_1
 0002:0001A814  @D500_1
 0002:0001A820  @D503_1
 0002:0001A838  @D504_1
 0002:0001A850  @D507_1
 0002:0001A85C  @D508_1
 0002:0001A868  @D509_1
 0002:0001A8E0  @D512_1
 0002:0001A8F4  @D513_1
 0002:0001A90C  @D514_1
 0002:0001A984  @D517_1
 0002:0001A990  @D518_1
 0002:0001A99C  @D522_1
 0002:0001A9B0  @D526_1
 0002:0001A9CC  @D529_1
 0002:0001A9D8  @D531_1
 0002:0001A9E4  @D539_1
 0002:0001A9F8  @D540_1
 0002:0001AA08  @D542_1
 0002:0001AA1C  @D548_1
 0002:0001AA4C  @D549_1
 0002:0001AA7C  @D550_1
 0002:0001AA8C  @D552_1
 0002:0001AA98  __chartype
 0002:0001AA98  @D561_0
 0002:0001AC9C  __localeconvention
 0002:0001AC9C  @D562_1
 0002:0001ACD8  @D563_1
 0002:0001AD28  @D564_0
 0002:0001AD28  __lower
 0002:0001AE28  __upper
 0002:0001AE28  @D566_0
 0002:0001AF28  @D570_1
 0002:0001AF30  @D575_1
 0002:0001AF30  ___mb_cur_max
 0002:0001AF34  ___localeLock
 0002:0001B048  @D576_0
 0002:0001B048  _CMonetary
 0002:0001B07C  _CNumeric
 0002:0001B094  _CTimeDate
 0002:0001B158  _CLOCALE
 0002:0001B184  ___locale
 0002:0001B2A8  @D577_1
 0002:0001B334  @D598_1
 0002:0001B338  @D599_1
 0002:0001B340  @D610_1
 0002:0001B36C  ___month_days
 0002:0001B36C  @D611_1
 0002:0001B3FC  @D612_1
 0002:0001B420  @D624_1
 0002:0001B43C  __fdivflag
 0002:0001B458  @D626_0
 0002:0001B458  __8087
 0002:0001B45C  @D639_1
 0002:0001B46C  @D640_1
 0002:0001B47C  @D643_1
 0002:0001B53C  @D647_1
 0002:0001B558  @D648_1
 0002:0001B578  @D650_1
 0002:0001B590  @D651_1
 0002:0001B5AC  @D657_1
 0002:0001B5C0  @_$CHBBB$@std@%basic_ostream$c19std@%char_traits$c%%@$blsh$qg
 0002:0001B5E0  @_$DCCBB$@std@%basic_ostream$c19std@%char_traits$c%%@$blsh$qg
 0002:0001B698  @_$ECTDBB$@std@%basic_ostream$c19std@%char_traits$c%%@$blsh$qg
 0002:0001B7C4  @_$CHEBB$@std@%basic_istream$c19std@%char_traits$c%%@$brsh$qrg
 0002:0001B7E4  @_$DCFBB$@std@%basic_istream$c19std@%char_traits$c%%@$brsh$qrg
 0002:0001B89C  @_$ECTGBB$@std@%basic_istream$c19std@%char_traits$c%%@$brsh$qrg
 0002:0001B9BC  @_$TLZBB$@std@%ostreambuf_iterator$c19std@%char_traits$c%%@$bctr$qp44std@%basic_streambuf$c19std@%char_traits$c%%
 0002:0001B9C0  @_$ECTACB$@std@%ostreambuf_iterator$c19std@%char_traits$c%%@$bctr$qp44std@%basic_streambuf$c19std@%char_traits$c%%
 0002:0001B9CC  @_$TLBCB$@std@%ostreambuf_iterator$c19std@%char_traits$c%%@failed$xqv
 0002:0001B9D0  @_$ECTCCB$@std@%ostreambuf_iterator$c19std@%char_traits$c%%@failed$xqv
 0002:0001B9DC  @_$TLICB$@std@%istreambuf_iterator$c19std@%char_traits$c%%@$bctr$qp44std@%basic_streambuf$c19std@%char_traits$c%%
 0002:0001B9E0  @_$ECTJCB$@std@%istreambuf_iterator$c19std@%char_traits$c%%@$bctr$qp44std@%basic_streambuf$c19std@%char_traits$c%%
 0002:0001B9EC  @D662_1
 0002:0001B9F8  @D663_1
 0002:0001BA00  @D664_1
 0002:0001BA10  @D665_1
 0002:0001BA20  @D671_1
 0002:0001BA20  __realcvtptr
 0002:0001BA24  __nextrealptr
 0002:0001BA28  __scantodptr
 0002:0001BA2C  __scanrsltptr
 0002:0001BA88  __realcvtwptr
 0002:0001BA88  @D672_1
 0002:0001BA8C  __nextrealwptr
 0002:0001BA90  __scanwtodptr
 0002:0001BA94  __scanwrsltptr
 0002:0001BAF0  __default87
 0002:0001BAF0  @D673_0
 0002:0001BAF4  @D676_1
 0002:0001BB00  @D677_1
 0002:0001BB10  @D678_1
 0002:0001BB30  @D679_1
 0002:0001BB44  @D680_1
 0002:0001BB58  @D681_1
 0002:0001BB70  @D700_0
 0002:0001BB70  __huge_flt
 0002:0001BB74  __huge_dble
 0002:0001BB7C  __huge_ldble
 0002:0001BB86  __max_flt
 0002:0001BB8A  __max_dble
 0002:0001BB92  __max_ldble
 0002:0001BB9C  __indefinite
 0002:0001BBA0  __tiny_ldble
 0002:0001BBAC  ___ieee_64_p_inf
 0002:0001BBB4  ___ieee_64_n_inf
 0002:0001BBBC  ___ieee_64_p_nanq
 0002:0001BBC4  ___ieee_64_n_nanq
 0002:0001BBCC  ___ieee_64_p_nans
 0002:0001BBD4  ___ieee_64_n_nans
 0002:0001BBDC  ___ieee_64_p_zero
 0002:0001BBE4  ___ieee_64_n_zero
 0002:0001BBEC  @D701_1
 0002:0001BBF4  @D702_1
 0002:0001BBFC  __turboFloat
 0002:0001BBFC  @D705_0
 0002:0001BC00  __floatconvert
 0002:0001BC04  @D709_1
 0002:0001BC14  @D710_1
 0002:0001BC28  @D714_1
 0002:0001BC34  @D715_1
 0002:0001BC44  @D716_1
 0002:0001BC58  @D717_1
 0002:0001BC68  __pmatherr
 0002:0001BC68  @D726_1
 0002:0001BC6C  __pmatherrl
 0002:0001BC70  __mathwhy
 0002:0001BC70  @D728_0
 0002:0001BCB4  @D731_1
 0002:0001BCBC  @D732_1
 0002:0001BCC4  @D733_1
 0002:0001BCE0  @D736_1
 0002:0001BD04  @D740_1
 0002:0001BD18  @D741_1
 0002:0001BD40  @D745_1
 0002:0001BD68  @D746_1
 0002:0001BD90  @D747_1
 0002:0001BD9C  @D748_1
 0002:0001BDA4  @D749_1
 0002:0001BDAC  @D750_1
 0002:0001BDBC  @D751_1
 0002:0001BDCC  @D752_1
 0002:0001BDDC  @D759_1
 0002:0001BDE8  @D762_1
 0002:0001BDF8  @D779_1
 0002:0001BDF8  __kalpha
 0002:0001BDFA  __kpunct
 0002:0001BE40  @D828_1
 0002:0001BE44  @D834_1
 0002:0001BFF8  @D849_1
 0002:0001C01C  @D850_1
 0002:0001C030  @D852_1
 0002:0001C03C  @D855_1
 0002:0001C040  @D857_1
 0002:0001C044  ___pfnDliFailureHook
 0002:0001C048  ___pfnDliNotifyHook
 0002:0001C04C  @D858_1
 0002:0001C070  __messagefunc
 0002:0001C070  @D860_1
 0002:0001C074  __messagefile
 0002:0001C080  @D864_1
 0002:0001C0A8  @D867_1
 0002:0001C0B0  @TRegexp@maxpat
 0002:0001C0B4  @_$DCNDB$@TRegexp@$bctr$qpxc
 0002:0001C0C4  @_$ECTODB$@TRegexp@$bctr$qpxc
 0002:0001C0DC  @_$DCPDB$@TRegexp@$bctr$qrx7TRegexp
 0002:0001C0EC  @_$ECTQDB$@TRegexp@$bctr$qrx7TRegexp
 0002:0001C104  @_$TLRDB$@TRegexp@copy_pattern$qrx7TRegexp
 0002:0001C108  @_$ECTSDB$@TRegexp@copy_pattern$qrx7TRegexp
 0002:0001C114  @_$TLTDB$@TRegexp@gen_pattern$qpxc
 0002:0001C118  @_$ECTUDB$@TRegexp@gen_pattern$qpxc
 0002:0001C124  __osmajor
 0002:0001C124  @D870_1
 0002:0001C125  __osminor
 0002:0001C126  __osmode
 0002:0001C128  __osversion
 0002:0001C12C  __version
 0002:0001C130  @D872_1
 0002:0001C650  @D875_1
 0002:0001C68C  ___pCallAtExitProcs
 0002:0001C68C  @D876_0
 0002:0001C690  __exitbuf
 0002:0001C690  @D894_1
 0002:0001C694  __exitfopen
 0002:0001C698  __exitopen
 0002:0001C69C  @D897_1
 0002:0001C6A8  @D898_1
 0002:0001C6B4  __multidll
 0002:0001C6B4  @D899_0
 0002:0001C6B8  @D903_1
 0002:0001C6BC  @D904_1
 0002:0001C6C0  __setargv_ptr
 0002:0001C6C0  @D906_0
 0002:0001C6C4  __exitargv_ptr
 0002:0001C6C8  __wsetargv_ptr
 0002:0001C6C8  @D907_0
 0002:0001C6CC  __wexitargv_ptr
 0002:0001C6D0  @D908_1
 0002:0001C720  __cmdline_escapes
 0002:0001C720  @D909_1
 0002:0001C748  @D910_1
 0002:0001C76C  @D911_1
 0002:0001C7BC  @D928_1
 0002:0001C7C0  @D929_1
 0002:0001C7C4  @D930_1
 0002:0001C7CC  @D931_1
 0002:0001C7D8  @D932_1
 0002:0001C7DC  @D933_1
 0002:0001C7E0  __argv_expand_ptr
 0002:0001C7E0  @D937_0
 0002:0001C7E4  @D938_0
 0002:0001C7E4  __wargv_expand_ptr
 0002:0001C7E8  __argv0
 0002:0001C7E8  @D939_1
 0002:0001C808  @D940_1
 0002:0001C808  __wargv0
 0002:0001C828  __add_pid_ptr
 0002:0001C828  @D942_1
 0002:0001C858  @D943_1
 0002:0001C8AC  __setenvp__
 0002:0001C8AC  @D946_1
 0002:0001C918  __wsetenvp__
 0002:0001C918  @D947_1
 0002:0001C984  @D948_1
 0002:0001C9E4  @D950_1
 0002:0001CA00  @D951_1
 0002:0001CA34  @D952_1
 0002:0001CA58  @D955_1
 0002:0001CB1C  @D959_0
 0002:0001CB1C  __isWindows
 0002:0001CB20  @D960_1
 0002:0001CB3C  @D963_1
 0002:0001CB60  @D964_1
 0002:0001CB8C  @D965_1
 0002:0001CCDC  @D967_1
 0002:0001CD90  @D970_1
 0002:0001CDAC  @D973_1
 0002:0001CDC0  @D974_1
 0002:0001CDE4  @D975_1
 0002:0001CDFC  @D976_1
 0002:0001CE44  @D977_1
 0002:0001CE64  @D980_1
 0002:0001CE7C  @D982_1
 0002:0001CE88  __SWeekday
 0002:0001CE88  @D983_0
 0002:0001CEA4  __LWeekday
 0002:0001CEC0  __SMonth
 0002:0001CEF0  __LMonth
 0002:0001CF20  __AmPm
 0002:0001CF28  __Days
 0002:0001CF34  __YDays
 0002:0001D04C  __wSWeekday
 0002:0001D04C  @D984_0
 0002:0001D068  __wLWeekday
 0002:0001D084  __wSMonth
 0002:0001D0B4  __wLMonth
 0002:0001D0E4  __wAmPm
 0002:0001D2B0  __PREFER_END_STANDARD_TIME
 0002:0001D2B0  @D985_1
 0002:0001D2B1  __PREFER_START_DAYLIGHT_TIME
 0002:0001D2B4  @D986_1
 0002:0001D2B4  __timezone
 0002:0001D2B8  __daylight
 0002:0001D2BC  @D987_1
 0002:0001D2BC  __tzname
 0002:0001D2CC  @D989_1
 0002:0001D2CC  __wtzname
 0002:0001D2E0  @D990_1
 0002:0001D2E4  @D1003_1
 0002:0001D388  _pcre_malloc
 0002:0001D38C  _pcre_free
 0002:0001DAE0  @D1004_1
 0002:0001E060  @D1005_1
 0002:0001E06C  @D1006_1
 0002:0001E0D8  __TLS_index
 0002:0001E0D8  @Sysinit@TlsIndex
 0002:0001E0DC  @System@VarClearProc
 0002:0001E0DC  @System@D1668_1
 0002:0001E0E0  @System@VarAddRefProc
 0002:0001E0E4  @System@VarCopyProc
 0002:0001E0E8  @System@VarToLStrProc
 0002:0001E0EC  @System@VarToWStrProc
 0002:0001E0F0  @System@SystemThreadFuncProc
 0002:0001E0F4  @System@SystemThreadEndProc
 0002:0001E0FC  @System@@__pfnDliFailureHook
 0002:0001E100  @System@@__pfnDliNotifyHook
 0002:0001E104  @System@ExitCode
 0002:0001E108  @System@ErrorAddr
 0002:0001E10C  @System@FileMode
 0002:0001E110  @System@Default8087CW
 0002:0001E114  @System@DebugHook
 0002:0001E118  @System@JITEnable
 0002:0001E11C  @System@NoErrMsg
 0002:0001E120  @System@LibModuleList
 0002:0001E124  @System@ModuleUnloadList
 0002:0001E128  @System@_16638
 0002:0001E12C  @System@_16640
 0002:0001E130  @System@_16642
 0002:0001E134  @System@_16644
 0002:0001E138  @System@_16646
 0002:0001E13C  @System@_16648
 0002:0001E140  @System@_16650
 0002:0001E144  @System@_16652
 0002:0001E148  @System@_16654
 0002:0001E14C  @System@_16656
 0002:0001E150  @System@_16676
 0002:0001E830  @System@_16736
 0002:0001E848  @System@_16757
 0002:0001E864  @System@_17039
 0002:0001E86C  @System@_17052
 0002:0001E88C  @System@_17053
 0002:0001E890  __indStub:2919
 0002:0001E894  __indStub:2920
 0002:0001E898  __indStub:2319
 0003:00000000  @B26_2
 0003:00000000  @std@_Ios_init
 0003:00000008  @std@_Wios_init
 0003:000000C0  @std@cin
 0003:00000110  @std@cout
 0003:000001B0  @std@cerr
 0003:000001F8  @std@clog
 0003:00000244  @B28_2
 0003:0000024C  @B29_2
 0003:0000025C  @B33_2
 0003:00000260  @B40_2
 0003:00000368  @std@wcin
 0003:000003B8  @std@wcout
 0003:00000400  @std@wcerr
 0003:00000448  @std@wclog
 0003:00000494  @B46_2
 0003:0000049C  @B109_2
 0003:000004AC  __new_handler
 0003:000004AC  @B119_2
 0003:000004B0  ___bad_alloc
 0003:000004B4  @B130_2
 0003:000004B4  __bormm_pfn_FreeMem
 0003:000004B8  __bormm_pfn_GetMem
 0003:000004BC  __bormm_pfn_AllocMem
 0003:000004C0  __bormm_pfn_ReallocMem
 0003:000004C4  __bormm_pfn_HeapAddRef
 0003:000004C8  __bormm_pfn_HeapRelease
 0003:000004D0  __borlndmm_GetMem
 0003:000004D4  @B138_2
 0003:000004E5  __FastMM_AllocSize2SmallBlockTypeIndX4
 0003:0000062C  __FastMM_LastSequentiallyFedMediumBlock
 0003:00000630  __FastMM_MediumSequentialFeedBytesLeft
 0003:00000634  __FastMM_MediumBlockBinGroupBitmap
 0003:00000638  __FastMM_MediumBlockBinBitmaps
 0003:000006B8  __FastMM_MediumBlockBins
 0003:000026D0  @B151_2
 0003:000026D4  @B152_2
 0003:00002700  @B167_2
 0003:00002700  __hout
 0003:00002704  __hin
 0003:00002708  __LastMode
 0003:0000270C  __C4350Mode
 0003:00002714  @B273_2
 0003:00002718  ___pCPPdebugHook
 0003:0000271C  _pVCL_add_EH
 0003:00002720  _pVCL_clear_EH
 0003:00002724  _getExceptionObject
 0003:00002728  _raiseExceptObject
 0003:00002734  @B276_2
 0003:00002B3C  __DestructorCountPtr
 0003:00002B3C  @B278_2
 0003:00002B44  __HandlerPtr
 0003:00002B44  @B281_2
 0003:00002B48  __UserHandlerPtr
 0003:00002B4C  @B376_1
 0003:00002B4C  __pidtab
 0003:00002C14  __handles
 0003:00002CDC  @B377_2
 0003:00002DDC  _hdir_lock
 0003:00002DE0  ___ffblk_handle_list
 0003:00002DE4  @B424_2
 0003:00002DEC  @B428_1
 0003:00002DF0  @B429_1
 0003:00002DF4  __tmpnum
 0003:00002DF4  @B437_2
 0003:00002DF8  @B487_2
 0003:00002E00  @B526_2
 0003:00003000  __mbctype
 0003:00003000  @B779_2
 0003:00003104  __mbcsCodePage
 0003:00003108  @B849_2
 0003:00003208  @B857_2
 0003:00003220  @B858_2
 0003:0000323C  @B864_2
 0003:0000323C  __ostype
 0003:00003240  @B877_1
 0003:000032C4  @B908_2
 0003:000032C4  __argv
 0003:000032D0  @B909_2
 0003:000032D4  @B910_2
 0003:000032D8  __wargv
 0003:000032D8  @B911_2
 0003:000032E4  @B935_1
 0003:000033E8  @B936_1
 0003:000035F0  @B946_2
 0003:000035F0  __environ
 0003:000035F8  __envsize
 0003:000035FC  __env_lock
 0003:00003600  @B947_2
 0003:00003600  __wenviron
 0003:00003608  __wenvsize
 0003:0000360C  __wenv_lock
 0003:00003610  @B952_2
 0003:00003814  @B958_0
 0003:00003814  __pRawDllMain
 0003:00003818  __C0argc
 0003:00003818  @B959_1
 0003:0000381C  __C0argv
 0003:00003820  __C0environ
 0003:00003824  __oscmd
 0003:00003828  __osenv
 0003:0000382C  __argc
 0003:00003830  __dll_table
 0003:00003838  __ExcRegPtr
 0003:0000383C  __wosenv
 0003:00003840  __woscmd
 0003:00003844  ___exit_lock
 0003:00003848  __wC0argv
 0003:0000384C  __wC0environ
 0003:00003850  __exe_table
 0003:00003858  __stkbase
 0003:0000385C  @B963_2
 0003:00003868  @B964_2
 0003:00003874  @B965_2
 0003:00003878  @B970_2
 0003:00003880  @B973_2
 0003:00006D34  @B987_2
 0003:00006D3C  @B989_2
 0003:00006D4C  @Sysinit@B1277_2
 0003:00006D4C  @Sysinit@ModuleIsLib
 0003:00006D4D  @Sysinit@ModuleIsPackage
 0003:00006D4E  @Sysinit@ModuleIsCpp
 0003:00006D4F  @Sysinit@TlsLast
 0003:00006D50  @Sysinit@HInstance
 0003:00006D54  @Sysinit@DllProc
 0003:00006D60  @System@DispCallByIDProc
 0003:00006D60  @System@B1668_2
 0003:00006D64  @System@ExceptProc
 0003:00006D68  @System@ErrorProc
 0003:00006D6C  @System@ExceptClsProc
 0003:00006D70  @System@ExceptObjProc
 0003:00006D74  @System@RaiseExceptionProc
 0003:00006D78  @System@RTLUnwindProc
 0003:00006D7C  @System@RaiseExceptObjProc
 0003:00006D80  @System@ExceptionAcquired
 0003:00006D84  @System@ExceptionClass
 0003:00006D88  @System@SafeCallErrorProc
 0003:00006D8C  @System@AssertErrorProc
 0003:00006D90  @System@ExitProcessProc
 0003:00006D94  @System@AbstractErrorProc
 0003:00006D98  @System@HPrevInst
 0003:00006D9C  @System@MainInstance
 0003:00006DA0  @System@MainThreadID
 0003:00006DA4  @System@IsLibrary
 0003:00006DA8  @System@CmdShow
 0003:00006DAC  @System@CmdLine
 0003:00006DB0  @System@InitProc
 0003:00006DB4  @System@ExitProc
 0003:00006DB8  @System@IsConsole
 0003:00006DB9  @System@IsMultiThread
 0003:00006DBA  @System@Test8086
 0003:00006DBB  @System@TestFDIV
 0003:00006DBC  @System@CPUCount
 0003:00006DC0  @System@Input
 0003:00007090  @System@Output
 0003:00007360  @System@ErrOutput
 0003:00007630  @System@envp
 0003:00007634  @System@MonitorSupport
 0003:00007638  @System@DefaultSystemCodePage
 0003:0000763C  @System@DefaultUnicodeCodePage
 0003:00007640  @System@UTF8CompareLocale
 0003:00007644  @System@AllocMemCount
 0003:00007648  @System@AllocMemSize
 0003:0000764C  @System@ReportMemoryLeaksOnShutdown
 0003:0000764D  @System@NeverSleepOnMMThreadContention
 0004:00000000  @T278_3
 0004:00000000  ___xxInfo
 0004:0000009C  @T866_1
 0004:000000A4  @T867_2
 0004:000000B0  @T872_2
 0004:00002210  @T966_1
 0004:00002210  __stkindex
 0004:00002214  __tlsindex
 0004:00002218  @System@T1668_3
